[boot] zone 3 (thornwall_crypt 48x36) online
[journal] recording world to /tmp/z11.bwj
[boot] bh_server on 0.0.0.0:7797 | map 'assets/maps/thornwall.bhmap' | db 'var/z11.db' | tick 20Hz | aoi 26
[net] rav_00           entered the world (entity 75, online 1)
[net] rav_01           entered the world (entity 76, online 2)
[net] scout_00         entered the world (entity 77, online 3)
[net] scout_01         entered the world (entity 78, online 4)
[zone] scout_00 -> map 3 at (24,30)
[soak] tick=600 online=4 entities=72 tickUs p50=102 p99=198 worldHash=cb951a8eb16c05ff pkts=128/63375
[soak] tick=1200 online=4 entities=68 tickUs p50=99 p99=234 worldHash=f800507cc0d6954e pkts=302/115764
[zone] scout_01 -> map 3 at (24,30)
[net] rav_00           saved at (55,18)
[net] rav_01           saved at (55,18)
[net] scout_00         saved at (32,18)
[net] scout_01         saved at (24,30)
[soak] FINISH ticks=1601 online=0 entities=62 tickUs p50=81 p99=498
[soak] OK p99=0.50ms budget=10.00ms
[balance] Marsh Rat        L1  kills=7     TTK(25t hps)=5.2s xp=40
[balance] Feral Ghoul      L3  kills=4     TTK(25t hps)=27.4s xp=90
[balance] Plague Bat       L2  kills=1     TTK(25t hps)=3.2s xp=55
