[boot] zone 2 (assets/maps/fields_overflow.bhmap: 64x48) online
[boot] zone 3 (assets/maps/thornwall_crypt.bhmap: 48x36) online
[boot] zone 4 (assets/maps/bonehowl_mine.bhmap: 56x40) online
[boot] zone 5 (assets/maps/drowned_crypt.bhmap: 48x36) online
[journal] recording world to logs/m2b_rerun_leg4.bwj (epoch 6)
[boot] bh_server on 0.0.0.0:7851 | map 'assets/maps/thornwall.bhmap' | db '/tmp/m2b_rerun_campaign.db' | tick 20Hz | aoi 26
[net] m2br__00         entered the world (entity 582, online 1)
[net] m2br__01         entered the world (entity 583, online 2)
[soak] tick=600 online=2 entities=580 tickUs p50=1600 p99=2539 worldHash=41f6221055150f45 pkts=93/353485
[soak] tick=1200 online=2 entities=575 tickUs p50=1797 p99=2790 worldHash=2103af1ff09c251e pkts=197/787236
[soak] tick=1800 online=2 entities=576 tickUs p50=1323 p99=2404 worldHash=861cd1aa91cfcd0e pkts=284/1046519
[soak] tick=2400 online=2 entities=576 tickUs p50=1322 p99=3158 worldHash=ce066e7d24752066 pkts=380/1333934
[soak] tick=3000 online=2 entities=577 tickUs p50=1403 p99=2494 worldHash=df76ee5a84c69217 pkts=473/1600605
[soak] tick=3600 online=2 entities=576 tickUs p50=1598 p99=2969 worldHash=749093c3fdcb97c7 pkts=577/1979986
[soak] tick=4200 online=2 entities=573 tickUs p50=1466 p99=2611 worldHash=fff750cf9f0a08d8 pkts=679/2291722
[soak] tick=4800 online=2 entities=575 tickUs p50=1444 p99=3332 worldHash=c4cecfe3779bff4f pkts=761/2652132
[soak] tick=5400 online=2 entities=578 tickUs p50=1663 p99=4155 worldHash=485a679c7be0df0c pkts=851/3043333
[soak] tick=6000 online=2 entities=580 tickUs p50=1533 p99=3957 worldHash=5ef0091883e119c6 pkts=939/3361485
[soak] tick=6600 online=2 entities=577 tickUs p50=1439 p99=4099 worldHash=a649ad8ac210539e pkts=1039/3723022
[soak] tick=7200 online=2 entities=575 tickUs p50=1509 p99=3208 worldHash=48ad515f9f6aa598 pkts=1129/4074495
[soak] tick=7800 online=2 entities=576 tickUs p50=1444 p99=3283 worldHash=1ffea29ba61ecc6c pkts=1207/4395936
[soak] tick=8400 online=2 entities=578 tickUs p50=1457 p99=3223 worldHash=4f9e4d93a6f4e9a6 pkts=1265/4710866
[soak] tick=9000 online=2 entities=578 tickUs p50=1668 p99=3481 worldHash=a743c802c481af74 pkts=1359/5126031
[soak] tick=9600 online=2 entities=573 tickUs p50=1520 p99=3518 worldHash=cf6caeab53f21e7e pkts=1467/5493012
[soak] tick=10200 online=2 entities=575 tickUs p50=1517 p99=3253 worldHash=867da8a0df70c939 pkts=1561/5850695
[soak] tick=10800 online=2 entities=574 tickUs p50=1440 p99=2610 worldHash=bfa71fdc30bb81a7 pkts=1654/6200830
