[boot] zone 2 (assets/maps/fields_overflow.bhmap: 64x48) online
[boot] zone 3 (assets/maps/thornwall_crypt.bhmap: 48x36) online
[boot] zone 4 (assets/maps/bonehowl_mine.bhmap: 56x40) online
[boot] zone 5 (assets/maps/drowned_crypt.bhmap: 48x36) online
[journal] recording world to logs/m2b_rerun_leg3.bwj (epoch 6)
[boot] bh_server on 0.0.0.0:7851 | map 'assets/maps/thornwall.bhmap' | db '/tmp/m2b_rerun_campaign.db' | tick 20Hz | aoi 26
[net] m2br__00         entered the world (entity 582, online 1)
[net] m2br__01         entered the world (entity 583, online 2)
[soak] tick=600 online=2 entities=578 tickUs p50=1661 p99=2774 worldHash=49ce94fa5d0d5c84 pkts=96/388193
[soak] tick=1200 online=2 entities=583 tickUs p50=1763 p99=3218 worldHash=37733cc1d8a7c4a6 pkts=204/822166
[soak] tick=1800 online=2 entities=581 tickUs p50=1635 p99=2699 worldHash=e33800e5ed9efd3a pkts=301/1222949
[soak] tick=2400 online=2 entities=580 tickUs p50=1699 p99=3396 worldHash=6b6ff1e0af682949 pkts=386/1661516
[soak] tick=3000 online=2 entities=580 tickUs p50=1588 p99=3327 worldHash=ac337eff0b2c82a4 pkts=492/1999710
[soak] tick=3600 online=2 entities=581 tickUs p50=1664 p99=2805 worldHash=9e86a6186947cc7b pkts=588/2382804
[soak] tick=4200 online=2 entities=578 tickUs p50=1766 p99=3766 worldHash=e09bdcb8d8553774 pkts=687/2831922
[soak] tick=4800 online=2 entities=577 tickUs p50=1770 p99=3608 worldHash=780000ec36c04cbf pkts=789/3280205
[soak] tick=5400 online=2 entities=580 tickUs p50=1790 p99=3634 worldHash=24f82da13397b293 pkts=890/3693136
[soak] tick=6000 online=2 entities=580 tickUs p50=1761 p99=4127 worldHash=639bd567e853be5d pkts=989/4103843
[soak] tick=6600 online=2 entities=581 tickUs p50=1793 p99=3953 worldHash=bbd4d0175cd4d20f pkts=1082/4501806
[soak] tick=7200 online=2 entities=580 tickUs p50=1758 p99=3848 worldHash=a67c7d00d79f4e7c pkts=1182/4915752
[soak] tick=7800 online=2 entities=582 tickUs p50=1815 p99=3935 worldHash=a9c3ef03234fc010 pkts=1274/5337947
[soak] tick=8400 online=2 entities=577 tickUs p50=1795 p99=3778 worldHash=145af6591cbebae9 pkts=1370/5749684
[soak] tick=9000 online=2 entities=577 tickUs p50=1734 p99=3481 worldHash=cc3a74cf56bec3f7 pkts=1463/6159424
[soak] tick=9600 online=2 entities=578 tickUs p50=1738 p99=3702 worldHash=fcb8e94829951806 pkts=1567/6581164
[soak] tick=10200 online=2 entities=579 tickUs p50=1732 p99=3466 worldHash=a87adb5ab7650804 pkts=1661/6992299
[soak] tick=10800 online=2 entities=578 tickUs p50=1770 p99=3887 worldHash=0ae403d8e1ce08c1 pkts=1767/7401092
