[boot] zone 2 (assets/maps/fields_overflow.bhmap: 64x48) online
[boot] zone 3 (assets/maps/thornwall_crypt.bhmap: 48x36) online
[boot] zone 4 (assets/maps/bonehowl_mine.bhmap: 56x40) online
[boot] zone 5 (assets/maps/drowned_crypt.bhmap: 48x36) online
[journal] recording world to logs/m2b_rerun_leg6.bwj (epoch 6)
[boot] bh_server on 0.0.0.0:7851 | map 'assets/maps/thornwall.bhmap' | db '/tmp/m2b_rerun_campaign.db' | tick 20Hz | aoi 26
[net] m2br__00         entered the world (entity 582, online 1)
[net] m2br__01         entered the world (entity 583, online 2)
[soak] tick=600 online=2 entities=578 tickUs p50=1535 p99=2699 worldHash=2461775764cc5a1f pkts=89/397731
[soak] tick=1200 online=2 entities=576 tickUs p50=1508 p99=2468 worldHash=f5f0113e6e0183c9 pkts=191/785465
[soak] tick=1800 online=2 entities=577 tickUs p50=1604 p99=2739 worldHash=4c2246ceed1d6bbe pkts=279/1201068
[soak] tick=2400 online=2 entities=577 tickUs p50=1609 p99=2739 worldHash=ac1715a5f752df1f pkts=354/1587504
[soak] tick=3000 online=2 entities=577 tickUs p50=1680 p99=2718 worldHash=431682c75d549664 pkts=456/1924935
[soak] tick=3600 online=2 entities=576 tickUs p50=1805 p99=3168 worldHash=dc3ed9bcd7438b25 pkts=551/2319440
[soak] tick=4200 online=2 entities=573 tickUs p50=1839 p99=2870 worldHash=04e54bf74b13ccd1 pkts=652/2734416
[soak] tick=4800 online=2 entities=571 tickUs p50=1766 p99=2789 worldHash=d779cc5a1cb0f013 pkts=730/3141744
[soak] tick=5400 online=2 entities=573 tickUs p50=1576 p99=2598 worldHash=1b1493117a3d0f49 pkts=823/3477862
[soak] tick=6000 online=2 entities=573 tickUs p50=1275 p99=2542 worldHash=2386acd4b24fd1b0 pkts=896/3759349
[soak] tick=6600 online=2 entities=575 tickUs p50=1635 p99=2723 worldHash=591ff59d8143df9d pkts=982/4123679
[soak] tick=7200 online=2 entities=575 tickUs p50=1487 p99=2848 worldHash=0bc9a93057ced3bb pkts=1073/4456424
[soak] tick=7800 online=2 entities=576 tickUs p50=1670 p99=2745 worldHash=cdb342f9b7386b4e pkts=1157/4796506
[soak] tick=8400 online=2 entities=575 tickUs p50=1741 p99=4472 worldHash=d52fdd0083ba3757 pkts=1259/5215108
[soak] tick=9000 online=2 entities=576 tickUs p50=1742 p99=3021 worldHash=86b2018aa7efb591 pkts=1352/5557527
[soak] tick=9600 online=2 entities=572 tickUs p50=1749 p99=3206 worldHash=6f3f796dc8b2f674 pkts=1454/5971348
[soak] tick=10200 online=2 entities=571 tickUs p50=1766 p99=2880 worldHash=443160e8bb88eab9 pkts=1544/6371560
[soak] tick=10800 online=2 entities=569 tickUs p50=1775 p99=2956 worldHash=609c843be5402d7a pkts=1640/6783577
