[boot] zone 2 (assets/maps/fields_overflow.bhmap: 64x48) online
[boot] zone 3 (assets/maps/thornwall_crypt.bhmap: 48x36) online
[boot] zone 4 (assets/maps/bonehowl_mine.bhmap: 56x40) online
[boot] zone 5 (assets/maps/drowned_crypt.bhmap: 48x36) online
[journal] recording world to logs/m2b_rerun_leg11.bwj (epoch 6)
[boot] bh_server on 0.0.0.0:7851 | map 'assets/maps/thornwall.bhmap' | db '/tmp/m2b_rerun_campaign.db' | tick 20Hz | aoi 26
[net] m2br__00         entered the world (entity 582, online 1)
[net] m2br__01         entered the world (entity 583, online 2)
[soak] tick=600 online=2 entities=579 tickUs p50=1620 p99=2251 worldHash=1c98f1cfb675756b pkts=95/349316
[soak] tick=1200 online=2 entities=576 tickUs p50=1706 p99=3159 worldHash=261ef422fac9db84 pkts=199/810083
[soak] tick=1800 online=2 entities=575 tickUs p50=1497 p99=2301 worldHash=2f615ac7b851b4a9 pkts=276/1165741
[soak] tick=2400 online=2 entities=573 tickUs p50=1670 p99=2384 worldHash=d576451e0ab0db24 pkts=371/1565650
[soak] tick=3000 online=2 entities=571 tickUs p50=1570 p99=2331 worldHash=1b0a29b01838b2b8 pkts=468/1932005
[soak] tick=3600 online=2 entities=574 tickUs p50=1474 p99=2151 worldHash=72ed319a87fa89e5 pkts=524/2269859
[soak] tick=4200 online=2 entities=573 tickUs p50=1596 p99=2384 worldHash=a70ea5ccc34ee99b pkts=605/2644517
[soak] tick=4800 online=2 entities=573 tickUs p50=1423 p99=2160 worldHash=5f6867590b88e46a pkts=669/2941587
[soak] tick=5400 online=2 entities=573 tickUs p50=1574 p99=2408 worldHash=e897ef0af6364655 pkts=754/3315476
[soak] tick=6000 online=2 entities=573 tickUs p50=1653 p99=2785 worldHash=39e4635aff8585da pkts=834/3687184
[soak] tick=6600 online=2 entities=573 tickUs p50=1571 p99=2411 worldHash=9580627b44b5babd pkts=884/4005532
[soak] tick=7200 online=2 entities=573 tickUs p50=1643 p99=2852 worldHash=69b4e88dd1bf24ed pkts=953/4336481
[soak] tick=7800 online=2 entities=573 tickUs p50=1655 p99=2463 worldHash=59603d02d3b4f031 pkts=1031/4675502
[soak] tick=8400 online=2 entities=567 tickUs p50=1794 p99=2917 worldHash=d5ba0d4460fa6665 pkts=1127/5135686
[soak] tick=9000 online=2 entities=565 tickUs p50=1546 p99=2714 worldHash=6f99d8237700f8fe pkts=1249/5499257
[soak] tick=9600 online=2 entities=568 tickUs p50=1392 p99=2164 worldHash=f3779f57e93a6e58 pkts=1318/5819766
[soak] tick=10200 online=2 entities=569 tickUs p50=1456 p99=2030 worldHash=9d1a63dc24df922e pkts=1391/6154368
[soak] tick=10800 online=2 entities=568 tickUs p50=1751 p99=2475 worldHash=be8a964c3cb43661 pkts=1489/6623093
