[boot] zone 2 (assets/maps/fields_overflow.bhmap: 64x48) online
[boot] zone 3 (assets/maps/thornwall_crypt.bhmap: 48x36) online
[boot] zone 4 (assets/maps/bonehowl_mine.bhmap: 56x40) online
[boot] zone 5 (assets/maps/drowned_crypt.bhmap: 48x36) online
[journal] recording world to logs/m2b_rerun_leg5.bwj (epoch 6)
[boot] bh_server on 0.0.0.0:7851 | map 'assets/maps/thornwall.bhmap' | db '/tmp/m2b_rerun_campaign.db' | tick 20Hz | aoi 26
[net] m2br__00         entered the world (entity 582, online 1)
[net] m2br__01         entered the world (entity 583, online 2)
[soak] tick=600 online=2 entities=577 tickUs p50=1468 p99=2558 worldHash=6de767c38e5b1493 pkts=97/390590
[soak] tick=1200 online=2 entities=577 tickUs p50=1605 p99=2879 worldHash=6490c6714219c65d pkts=190/788881
[soak] tick=1800 online=2 entities=573 tickUs p50=1423 p99=2739 worldHash=974515b646cc23c9 pkts=297/1174486
[soak] tick=2400 online=2 entities=575 tickUs p50=1455 p99=2707 worldHash=120202e7bbd9a25d pkts=392/1512815
[soak] tick=3000 online=2 entities=576 tickUs p50=1427 p99=2886 worldHash=f59abeef42d62ee9 pkts=490/1893750
[soak] tick=3600 online=2 entities=574 tickUs p50=1452 p99=3107 worldHash=61f92f870b5026b5 pkts=598/2255512
[soak] tick=4200 online=2 entities=577 tickUs p50=1354 p99=3374 worldHash=8a19512f1a8bc4a4 pkts=686/2550340
[soak] tick=4800 online=2 entities=577 tickUs p50=1475 p99=2779 worldHash=24ba437ddc3b20fb pkts=777/2960619
[soak] tick=5400 online=2 entities=580 tickUs p50=1696 p99=3681 worldHash=544d2e29d2ffc5aa pkts=870/3406209
[soak] tick=6000 online=2 entities=581 tickUs p50=1754 p99=3674 worldHash=633acc21664a16cc pkts=962/3768205
[soak] tick=6600 online=2 entities=579 tickUs p50=1715 p99=3077 worldHash=d472eafbe2f90aa9 pkts=1057/4133781
[soak] tick=7200 online=2 entities=580 tickUs p50=1894 p99=3348 worldHash=e4e280feedb67af7 pkts=1145/4538251
[soak] tick=7800 online=2 entities=580 tickUs p50=1911 p99=3573 worldHash=e98281c46846e9ec pkts=1245/4987921
[soak] tick=8400 online=2 entities=582 tickUs p50=1642 p99=3371 worldHash=34e2dbdbae5d191f pkts=1341/5380340
[soak] tick=9000 online=2 entities=582 tickUs p50=1958 p99=3274 worldHash=99e84a0c36b4eb2b pkts=1427/5784295
[soak] tick=9600 online=2 entities=582 tickUs p50=1807 p99=3673 worldHash=ab61176f11cb4b89 pkts=1513/6195576
[soak] tick=10200 online=2 entities=584 tickUs p50=1922 p99=2954 worldHash=5a0bb73b72465cda pkts=1589/6607464
[soak] tick=10800 online=2 entities=586 tickUs p50=1903 p99=3506 worldHash=820ad65ca3815b20 pkts=1662/6992095
