[boot] zone 2 (assets/maps/fields_overflow.bhmap: 64x48) online
[boot] zone 3 (assets/maps/thornwall_crypt.bhmap: 48x36) online
[journal] recording world to logs/m2b_leg2.bwj
[boot] bh_server on 0.0.0.0:7840 | map 'assets/maps/thornwall.bhmap' | db '/tmp/m2b_campaign.db' | tick 20Hz | aoi 26
[net] m2b__00          entered the world (entity 292, online 1)
[net] m2b__01          entered the world (entity 293, online 2)
[zone] m2b__00 -> map 2 at (2,14)
[zone] m2b__00 -> map 1 at (32,16)
[zone] m2b__00 -> map 2 at (2,14)
[soak] tick=600 online=2 entities=291 tickUs p50=183 p99=414 worldHash=d440940e41e7fd0f pkts=64/98201
[zone] m2b__00 -> map 1 at (32,16)
[zone] m2b__00 -> map 2 at (2,14)
[soak] tick=1200 online=2 entities=290 tickUs p50=221 p99=431 worldHash=2eb14f41be89dd78 pkts=128/218303
[soak] tick=1800 online=2 entities=289 tickUs p50=187 p99=302 worldHash=9b345454b35dbdce pkts=187/317291
[soak] tick=2400 online=2 entities=288 tickUs p50=185 p99=330 worldHash=e7efa9f80ce7a140 pkts=255/414729
[zone] m2b__00 -> map 1 at (32,16)
[zone] m2b__00 -> map 2 at (2,14)
[soak] tick=3000 online=2 entities=286 tickUs p50=183 p99=435 worldHash=5c474ffac9586960 pkts=318/510529
[soak] tick=3600 online=2 entities=287 tickUs p50=198 p99=477 worldHash=798cca842b690f0f pkts=377/601146
[zone] m2b__00 -> map 1 at (32,16)
[soak] tick=4200 online=2 entities=287 tickUs p50=230 p99=489 worldHash=47e04aa66e08a153 pkts=453/723621
[soak] tick=4800 online=2 entities=284 tickUs p50=264 p99=544 worldHash=4bac92c597b1849c pkts=526/896796
[soak] tick=5400 online=2 entities=284 tickUs p50=223 p99=418 worldHash=3d3a243e9d862b9f pkts=586/990760
[zone] m2b__00 -> map 2 at (2,14)
[soak] tick=6000 online=2 entities=284 tickUs p50=198 p99=393 worldHash=0cab22e3b73ea0f6 pkts=640/1070127
[soak] tick=6600 online=2 entities=285 tickUs p50=192 p99=435 worldHash=0e94ed9d0cd948df pkts=709/1161563
[zone] m2b__00 -> map 1 at (32,16)
[zone] m2b__00 -> map 2 at (2,14)
[soak] tick=7200 online=2 entities=289 tickUs p50=215 p99=423 worldHash=f9fe1c8b3c0bf8c6 pkts=767/1261262
[soak] tick=7800 online=2 entities=288 tickUs p50=213 p99=489 worldHash=868d6b7dea2524aa pkts=818/1326140
[soak] tick=8400 online=2 entities=287 tickUs p50=211 p99=502 worldHash=5c5c3a7b542ebf2f pkts=886/1432269
[soak] tick=9000 online=2 entities=286 tickUs p50=193 p99=353 worldHash=3adeabad6723bcfc pkts=938/1525317
[zone] m2b__00 -> map 1 at (32,16)
[zone] m2b__00 -> map 2 at (2,14)
[soak] tick=9600 online=2 entities=286 tickUs p50=196 p99=497 worldHash=a7e6c63864868d56 pkts=1007/1616804
[soak] tick=10200 online=2 entities=289 tickUs p50=204 p99=408 worldHash=ce837fe68a07a456 pkts=1048/1690630
[soak] tick=10800 online=2 entities=292 tickUs p50=202 p99=389 worldHash=8b2d31b801e7e266 pkts=1105/1791992
