[boot] zone 2 (assets/maps/fields_overflow.bhmap: 64x48) online
[boot] zone 3 (assets/maps/thornwall_crypt.bhmap: 48x36) online
[boot] zone 4 (assets/maps/bonehowl_mine.bhmap: 56x40) online
[boot] zone 5 (assets/maps/drowned_crypt.bhmap: 48x36) online
[journal] recording world to logs/m2b_rerun_leg10.bwj (epoch 6)
[boot] bh_server on 0.0.0.0:7851 | map 'assets/maps/thornwall.bhmap' | db '/tmp/m2b_rerun_campaign.db' | tick 20Hz | aoi 26
[net] m2br__00         entered the world (entity 582, online 1)
[net] m2br__01         entered the world (entity 583, online 2)
[soak] tick=600 online=2 entities=580 tickUs p50=1821 p99=3277 worldHash=f69d1c3fec84ca90 pkts=103/450762
[soak] tick=1200 online=2 entities=580 tickUs p50=1862 p99=3769 worldHash=1d52bbf02a2dd396 pkts=206/917009
[soak] tick=1800 online=2 entities=581 tickUs p50=1890 p99=3595 worldHash=9b44923e56329d1f pkts=313/1394389
[soak] tick=2400 online=2 entities=580 tickUs p50=1909 p99=3931 worldHash=c173c6b83883c5df pkts=412/1877414
[soak] tick=3000 online=2 entities=577 tickUs p50=1797 p99=3131 worldHash=e31577d6299baa32 pkts=516/2302950
[soak] tick=3600 online=2 entities=574 tickUs p50=1770 p99=3662 worldHash=b4d2e46bf42b086e pkts=608/2703322
[soak] tick=4200 online=2 entities=575 tickUs p50=1752 p99=3606 worldHash=b504539b2dd28a98 pkts=706/3125350
[soak] tick=4800 online=2 entities=572 tickUs p50=1855 p99=3577 worldHash=96203f745c84fcea pkts=813/3586356
[soak] tick=5400 online=2 entities=574 tickUs p50=1907 p99=3925 worldHash=7e0a3effe3cc8438 pkts=919/4060154
[soak] tick=6000 online=2 entities=574 tickUs p50=1643 p99=3473 worldHash=b52747eddc5f0072 pkts=999/4416621
[soak] tick=6600 online=2 entities=577 tickUs p50=1825 p99=3781 worldHash=a84c18fdba436456 pkts=1092/4841248
[soak] tick=7200 online=2 entities=577 tickUs p50=1891 p99=4026 worldHash=8ea9135eb5ea9690 pkts=1182/5301623
[soak] tick=7800 online=2 entities=579 tickUs p50=1803 p99=3869 worldHash=8ee052f84935b66e pkts=1267/5690105
[soak] tick=8400 online=2 entities=575 tickUs p50=1983 p99=4167 worldHash=357c87e392e35c0e pkts=1382/6166637
[soak] tick=9000 online=2 entities=579 tickUs p50=1990 p99=4062 worldHash=677dc8bde25353ea pkts=1475/6645425
[soak] tick=9600 online=2 entities=578 tickUs p50=1848 p99=3565 worldHash=2e4c0c22d3a7c787 pkts=1554/7003537
[soak] tick=10200 online=2 entities=577 tickUs p50=2064 p99=4495 worldHash=eb1eb1d938f9d222 pkts=1646/7477533
[soak] tick=10800 online=2 entities=577 tickUs p50=2071 p99=3992 worldHash=15adbe1139f646a7 pkts=1721/7903354
