[boot] zone 2 (assets/maps/fields_overflow.bhmap: 64x48) online
[boot] zone 3 (assets/maps/thornwall_crypt.bhmap: 48x36) online
[boot] zone 4 (assets/maps/bonehowl_mine.bhmap: 56x40) online
[boot] zone 5 (assets/maps/drowned_crypt.bhmap: 48x36) online
[journal] recording world to logs/m2b_rerun_leg9.bwj (epoch 6)
[boot] bh_server on 0.0.0.0:7851 | map 'assets/maps/thornwall.bhmap' | db '/tmp/m2b_rerun_campaign.db' | tick 20Hz | aoi 26
[net] m2br__00         entered the world (entity 582, online 1)
[net] m2br__01         entered the world (entity 583, online 2)
[soak] tick=600 online=2 entities=578 tickUs p50=1663 p99=2610 worldHash=99fdc7f44c656f50 pkts=81/423676
[soak] tick=1200 online=2 entities=579 tickUs p50=1641 p99=3101 worldHash=46a9c27f4d5d0880 pkts=137/861493
[soak] tick=1800 online=2 entities=581 tickUs p50=1640 p99=2529 worldHash=85f32193cb5f41ca pkts=220/1291635
[soak] tick=2400 online=2 entities=580 tickUs p50=1722 p99=2594 worldHash=1ac84654969923d8 pkts=315/1746920
[soak] tick=3000 online=2 entities=578 tickUs p50=1719 p99=2693 worldHash=0b73c97d4952696c pkts=411/2213572
[soak] tick=3600 online=2 entities=574 tickUs p50=1675 p99=2476 worldHash=01303b819ca8e77c pkts=492/2625644
[soak] tick=4200 online=2 entities=573 tickUs p50=1652 p99=2524 worldHash=c69b7890618f6055 pkts=565/3026059
[soak] tick=4800 online=2 entities=574 tickUs p50=1619 p99=2473 worldHash=523a533c4ccb232d pkts=649/3399886
[soak] tick=5400 online=2 entities=576 tickUs p50=1837 p99=2845 worldHash=8aa3ed06709ea644 pkts=713/3816346
[soak] tick=6000 online=2 entities=579 tickUs p50=1821 p99=2976 worldHash=667e45adeaae2040 pkts=774/4189231
[soak] tick=6600 online=2 entities=578 tickUs p50=1818 p99=2965 worldHash=1341ede143765f72 pkts=840/4584220
[soak] tick=7200 online=2 entities=579 tickUs p50=1837 p99=2881 worldHash=4dd81c8502772f84 pkts=923/5003934
[soak] tick=7800 online=2 entities=579 tickUs p50=1849 p99=3225 worldHash=9af0098800ad5bc1 pkts=1002/5440170
[soak] tick=8400 online=2 entities=578 tickUs p50=1798 p99=2918 worldHash=4bea5232c24657a8 pkts=1078/5836613
[soak] tick=9000 online=2 entities=576 tickUs p50=1816 p99=3711 worldHash=5073e38ab7025034 pkts=1156/6236178
[soak] tick=9600 online=2 entities=579 tickUs p50=1681 p99=2978 worldHash=fa8aed547179664d pkts=1214/6585735
[soak] tick=10200 online=2 entities=580 tickUs p50=1609 p99=2601 worldHash=ba74b459ad7c13db pkts=1279/6926870
[soak] tick=10800 online=2 entities=579 tickUs p50=1741 p99=2961 worldHash=bd95a430877991d0 pkts=1337/7277501
