[boot] zone 2 (assets/maps/fields_overflow.bhmap: 64x48) online
[boot] zone 3 (assets/maps/thornwall_crypt.bhmap: 48x36) online
[boot] zone 4 (assets/maps/bonehowl_mine.bhmap: 56x40) online
[boot] zone 5 (assets/maps/drowned_crypt.bhmap: 48x36) online
[journal] recording world to logs/m2b_rerun_leg8.bwj (epoch 6)
[boot] bh_server on 0.0.0.0:7851 | map 'assets/maps/thornwall.bhmap' | db '/tmp/m2b_rerun_campaign.db' | tick 20Hz | aoi 26
[net] m2br__00         entered the world (entity 582, online 1)
[net] m2br__01         entered the world (entity 583, online 2)
[soak] tick=600 online=2 entities=578 tickUs p50=1657 p99=2313 worldHash=bf7811fd611e823e pkts=86/420876
[soak] tick=1200 online=2 entities=578 tickUs p50=1662 p99=2356 worldHash=1a0e4858682edefd pkts=163/842696
[soak] tick=1800 online=2 entities=575 tickUs p50=1672 p99=2321 worldHash=642c9c83981a7aa2 pkts=232/1296970
[soak] tick=2400 online=2 entities=573 tickUs p50=1642 p99=3360 worldHash=86fb4380afa09067 pkts=314/1744574
[soak] tick=3000 online=2 entities=570 tickUs p50=1688 p99=2350 worldHash=00a2e5464bb03689 pkts=413/2166390
[soak] tick=3600 online=2 entities=572 tickUs p50=1538 p99=2286 worldHash=b4f9aab2d37ed9a3 pkts=471/2521958
[soak] tick=4200 online=2 entities=572 tickUs p50=1585 p99=2308 worldHash=0f4da02927199063 pkts=551/2870978
[soak] tick=4800 online=2 entities=571 tickUs p50=1738 p99=2808 worldHash=aaf89b09b6eab2b0 pkts=625/3308846
[soak] tick=5400 online=2 entities=567 tickUs p50=1448 p99=2754 worldHash=6ef0e46e6a392abe pkts=706/3625362
[soak] tick=6000 online=2 entities=568 tickUs p50=1555 p99=2236 worldHash=629789ef7d3a0783 pkts=755/3975986
[soak] tick=6600 online=2 entities=572 tickUs p50=1719 p99=2490 worldHash=525fad1806ffc8f9 pkts=830/4371943
[soak] tick=7200 online=2 entities=569 tickUs p50=1746 p99=2585 worldHash=578f68e244accd4f pkts=907/4806272
[soak] tick=7800 online=2 entities=570 tickUs p50=1683 p99=2551 worldHash=b4934847702a1036 pkts=984/5207943
[soak] tick=8400 online=2 entities=569 tickUs p50=1528 p99=2295 worldHash=39c900317b63a266 pkts=1059/5554386
[soak] tick=9000 online=2 entities=570 tickUs p50=1520 p99=2328 worldHash=2273877206d3bc4f pkts=1107/5887446
[soak] tick=9600 online=2 entities=574 tickUs p50=1593 p99=2095 worldHash=f1336aea1cb74941 pkts=1164/6261344
[soak] tick=10200 online=2 entities=571 tickUs p50=1692 p99=2856 worldHash=dc098373c9b00717 pkts=1246/6632338
[soak] tick=10800 online=2 entities=572 tickUs p50=1394 p99=1991 worldHash=df4d2d3f3902ae06 pkts=1291/6903469
