gate: leg 1 start 13:11:27
FINAL_RERUN_LEG1_DONE bots_rc=0
gate: leg 1 replay: [replay] OK ticks=10841 sessionCmds=1110 hashes=108 mismatches=0 entities=575
leg1 verified
gate: leg 1 end state: reached L4
gate: leg 2 start 13:20:34
FINAL_RERUN_LEG2_DONE bots_rc=0
gate: leg 2 replay: [replay] OK ticks=10839 sessionCmds=1696 hashes=108 mismatches=0 entities=568
leg2 verified
gate: leg 2 end state: reached L5
gate: leg 3 start 13:29:39
FINAL_RERUN_LEG3_DONE bots_rc=0
gate: leg 3 replay: [replay] OK ticks=10841 sessionCmds=1755 hashes=108 mismatches=0 entities=563
leg3 verified
gate: leg 3 end state: reached L5
gate: leg 4 start 13:38:45
FINAL_RERUN_LEG4_DONE bots_rc=0
gate: leg 4 replay: [replay] OK ticks=10840 sessionCmds=1685 hashes=108 mismatches=0 entities=578
leg4 verified
gate: leg 4 end state: reached L4
gate: leg 5 start 13:47:52
FINAL_RERUN_LEG5_DONE bots_rc=0
gate: leg 5 replay: [replay] OK ticks=10833 sessionCmds=1757 hashes=108 mismatches=0 entities=566
leg5 verified
gate: leg 5 end state: reached L5
gate: leg 6 start 13:56:59
FINAL_RERUN_LEG6_DONE bots_rc=0
gate: leg 6 replay: [replay] OK ticks=10841 sessionCmds=1647 hashes=108 mismatches=0 entities=567
leg6 verified
gate: leg 6 end state: reached L5
gate: leg 7 start 14:06:05
FINAL_RERUN_LEG7_DONE bots_rc=0
gate: leg 7 replay: [replay] OK ticks=10840 sessionCmds=1126 hashes=108 mismatches=0 entities=576
leg7 verified
gate: leg 7 end state: reached L5
gate: leg 8 start 14:15:12
FINAL_RERUN_LEG8_DONE bots_rc=0
gate: leg 8 replay: [replay] OK ticks=10841 sessionCmds=1681 hashes=108 mismatches=0 entities=577
leg8 verified
gate: leg 8 end state: reached L5
gate: leg 9 start 14:24:19
FINAL_RERUN_LEG9_DONE bots_rc=0
gate: leg 9 replay: [replay] OK ticks=10841 sessionCmds=1161 hashes=108 mismatches=0 entities=571
leg9 verified
gate: leg 9 end state: reached L4
gate: leg 10 start 14:33:25
FINAL_RERUN_LEG10_DONE bots_rc=0
gate: leg 10 replay: [replay] OK ticks=10842 sessionCmds=1764 hashes=108 mismatches=0 entities=567
leg10 verified
gate: leg 10 end state: reached L5
gate: leg 11 start 14:42:32
FINAL_RERUN_LEG11_DONE bots_rc=0
gate: leg 11 replay: [replay] OK ticks=10842 sessionCmds=1746 hashes=108 mismatches=0 entities=573
leg11 verified
gate: leg 11 end state: reached L5
gate: leg 12 start 14:51:39
FINAL_RERUN_LEG12_DONE bots_rc=0
gate: leg 12 replay: [replay] OK ticks=10839 sessionCmds=1582 hashes=108 mismatches=0 entities=571
leg12 verified
gate: leg 12 end state: reached L5
gate: chain done 15:00:46
