[boot] zone 2 (assets/maps/fields_overflow.bhmap: 64x48) online
[boot] zone 3 (assets/maps/thornwall_crypt.bhmap: 48x36) online
[boot] zone 4 (assets/maps/bonehowl_mine.bhmap: 56x40) online
[boot] zone 5 (assets/maps/drowned_crypt.bhmap: 48x36) online
[journal] recording world to logs/m2b_rerun_leg12.bwj (epoch 6)
[boot] bh_server on 0.0.0.0:7851 | map 'assets/maps/thornwall.bhmap' | db '/tmp/m2b_rerun_campaign.db' | tick 20Hz | aoi 26
[net] m2br__00         entered the world (entity 582, online 1)
[net] m2br__01         entered the world (entity 583, online 2)
[soak] tick=600 online=2 entities=583 tickUs p50=1832 p99=3667 worldHash=3a0614915e960118 pkts=96/451519
[soak] tick=1200 online=2 entities=578 tickUs p50=1843 p99=3794 worldHash=ef1087c8f579656d pkts=205/918995
[soak] tick=1800 online=2 entities=578 tickUs p50=1878 p99=4078 worldHash=f40f246a16be08b8 pkts=311/1390904
[soak] tick=2400 online=2 entities=574 tickUs p50=1962 p99=4105 worldHash=0f41c5cac448f23c pkts=420/1874868
[soak] tick=3000 online=2 entities=569 tickUs p50=1860 p99=3854 worldHash=55c16072c9fa50d8 pkts=533/2334608
[soak] tick=3600 online=2 entities=567 tickUs p50=1804 p99=3385 worldHash=b7db2563e87e062b pkts=636/2775530
[soak] tick=4200 online=2 entities=568 tickUs p50=1695 p99=3242 worldHash=f5cecfcc21b31918 pkts=715/3165817
[soak] tick=4800 online=2 entities=568 tickUs p50=1749 p99=3281 worldHash=fa723fd9716cb293 pkts=803/3558097
[soak] tick=5400 online=2 entities=567 tickUs p50=1561 p99=3296 worldHash=a9a1eb308fd1f6da pkts=885/3881867
[soak] tick=6000 online=2 entities=567 tickUs p50=1653 p99=3153 worldHash=2365701a6c8e6e16 pkts=951/4226522
[soak] tick=6600 online=2 entities=566 tickUs p50=1640 p99=3518 worldHash=2b9a7ca55226b4f8 pkts=1024/4571513
[soak] tick=7200 online=2 entities=566 tickUs p50=1599 p99=3063 worldHash=eca610972b3687cd pkts=1109/4909431
[soak] tick=7800 online=2 entities=568 tickUs p50=1604 p99=3411 worldHash=9acaeb959180eee3 pkts=1176/5244660
[soak] tick=8400 online=2 entities=566 tickUs p50=1652 p99=3509 worldHash=d3aa76c08bcdf6fa pkts=1255/5600949
[soak] tick=9000 online=2 entities=566 tickUs p50=1644 p99=3112 worldHash=b35bcd7c4b06cf4d pkts=1332/5939388
[soak] tick=9600 online=2 entities=567 tickUs p50=1758 p99=3391 worldHash=f94bd8443114729e pkts=1401/6337065
[soak] tick=10200 online=2 entities=568 tickUs p50=1588 p99=3478 worldHash=0559590dd3e76de5 pkts=1479/6642741
[soak] tick=10800 online=2 entities=567 tickUs p50=1730 p99=3455 worldHash=eab0f3dfaeb35bbf pkts=1555/7002692
