[boot] zone 2 (assets/maps/fields_overflow.bhmap: 64x48) online
[boot] zone 3 (assets/maps/thornwall_crypt.bhmap: 48x36) online
[boot] zone 4 (assets/maps/bonehowl_mine.bhmap: 56x40) online
[boot] zone 5 (assets/maps/drowned_crypt.bhmap: 48x36) online
[journal] recording world to logs/m2b_rerun_leg1.bwj (epoch 6)
[boot] bh_server on 0.0.0.0:7851 | map 'assets/maps/thornwall.bhmap' | db '/tmp/m2b_rerun_campaign.db' | tick 20Hz | aoi 26
[net] m2br__00         entered the world (entity 582, online 1)
[net] m2br__01         entered the world (entity 583, online 2)
[soak] tick=600 online=2 entities=577 tickUs p50=1826 p99=4038 worldHash=148a1bfd7bf5926f pkts=96/436528
[soak] tick=1200 online=2 entities=575 tickUs p50=1912 p99=4280 worldHash=0343ec90a1048de3 pkts=190/907209
[soak] tick=1800 online=2 entities=572 tickUs p50=1832 p99=3445 worldHash=73c3b39ede742945 pkts=289/1352348
[soak] tick=2400 online=2 entities=576 tickUs p50=1948 p99=4227 worldHash=7d5c4cbe66ff8703 pkts=338/1817676
[soak] tick=3000 online=2 entities=576 tickUs p50=1973 p99=4451 worldHash=bc8b3d0898a0e6ad pkts=408/2283195
[soak] tick=3600 online=2 entities=572 tickUs p50=1866 p99=4328 worldHash=9de4250b463c7380 pkts=493/2745231
[soak] tick=4200 online=2 entities=577 tickUs p50=1928 p99=4188 worldHash=1629f189036ee223 pkts=560/3208506
[soak] tick=4800 online=2 entities=578 tickUs p50=1931 p99=4046 worldHash=eb44bff21c66d147 pkts=623/3679768
[soak] tick=5400 online=2 entities=585 tickUs p50=1970 p99=3926 worldHash=ce7fb2ab1adf66df pkts=673/4156294
[soak] tick=6000 online=2 entities=588 tickUs p50=2057 p99=4506 worldHash=ffe4113dce7aac7f pkts=724/4643064
[soak] tick=6600 online=2 entities=587 tickUs p50=2125 p99=4513 worldHash=00435ed32d812027 pkts=804/5129492
[soak] tick=7200 online=2 entities=579 tickUs p50=1976 p99=4077 worldHash=72bdae1fcb64bc9c pkts=932/5595999
[soak] tick=7800 online=2 entities=574 tickUs p50=1864 p99=3987 worldHash=6570c1fd9e5e02cb pkts=1024/6042562
[soak] tick=8400 online=2 entities=569 tickUs p50=1800 p99=4388 worldHash=19f4a187c89d503d pkts=1106/6478394
[soak] tick=9000 online=2 entities=569 tickUs p50=1856 p99=3627 worldHash=33abcfe56dc9f450 pkts=1195/6934178
[soak] tick=9600 online=2 entities=565 tickUs p50=1830 p99=4578 worldHash=286d7c037e55a5ba pkts=1279/7390886
[soak] tick=10200 online=2 entities=563 tickUs p50=1701 p99=3797 worldHash=c23fb6c6894322ce pkts=1370/7780630
[soak] tick=10800 online=2 entities=566 tickUs p50=1604 p99=3248 worldHash=b4969f02e28310cb pkts=1428/8132546
