[boot] zone 2 (assets/maps/fields_overflow.bhmap: 64x48) online
[boot] zone 3 (assets/maps/thornwall_crypt.bhmap: 48x36) online
[boot] zone 4 (assets/maps/bonehowl_mine.bhmap: 56x40) online
[boot] zone 5 (assets/maps/drowned_crypt.bhmap: 48x36) online
[journal] recording world to logs/m2b_final_leg9.bwj (epoch 5)
[boot] bh_server on 0.0.0.0:7840 | map 'assets/maps/thornwall.bhmap' | db '/tmp/m2b_final_campaign.db' | tick 20Hz | aoi 26
[net] m2b__00          entered the world (entity 582, online 1)
[net] m2b__01          entered the world (entity 583, online 2)
[soak] tick=600 online=2 entities=579 tickUs p50=637 p99=1166 worldHash=3fcb3a0acde59408 pkts=96/354984
[soak] tick=1200 online=2 entities=581 tickUs p50=742 p99=1406 worldHash=7753eccacf84f381 pkts=190/787716
[soak] tick=1800 online=2 entities=581 tickUs p50=745 p99=1408 worldHash=4776f2399d949655 pkts=279/1202431
[soak] tick=2400 online=2 entities=583 tickUs p50=768 p99=1423 worldHash=27e9623f1f913042 pkts=379/1638183
[soak] tick=3000 online=2 entities=584 tickUs p50=801 p99=1415 worldHash=04f12669a6981890 pkts=481/2082292
[soak] tick=3600 online=2 entities=583 tickUs p50=813 p99=1422 worldHash=89160ea5662f81ee pkts=571/2541916
[soak] tick=4200 online=2 entities=580 tickUs p50=763 p99=1386 worldHash=e15b108b731bb63b pkts=666/2916012
[soak] tick=4800 online=2 entities=579 tickUs p50=808 p99=1438 worldHash=b5d961b474ff0dad pkts=761/3393703
[soak] tick=5400 online=2 entities=580 tickUs p50=804 p99=1460 worldHash=c02986a980cebeca pkts=857/3824521
[soak] tick=6000 online=2 entities=577 tickUs p50=743 p99=1460 worldHash=ff120287f4bc4d9b pkts=946/4199714
[soak] tick=6600 online=2 entities=578 tickUs p50=606 p99=1114 worldHash=d419811e37b3dca1 pkts=1040/4522860
[soak] tick=7200 online=2 entities=581 tickUs p50=635 p99=1272 worldHash=7fdfa9633303a090 pkts=1113/4832777
[soak] tick=7800 online=2 entities=576 tickUs p50=763 p99=1410 worldHash=bcdc6457923312f5 pkts=1212/5276896
[soak] tick=8400 online=2 entities=575 tickUs p50=605 p99=1256 worldHash=a03ebbeb58fe8dea pkts=1300/5566034
[soak] tick=9000 online=2 entities=577 tickUs p50=649 p99=1340 worldHash=df41ed348ab7cead pkts=1378/5916855
[soak] tick=9600 online=2 entities=579 tickUs p50=773 p99=1451 worldHash=085e4fd4aa58f219 pkts=1456/6371569
[soak] tick=10200 online=2 entities=576 tickUs p50=704 p99=1280 worldHash=fdf03e95d7345c02 pkts=1556/6756533
[soak] tick=10800 online=2 entities=578 tickUs p50=653 p99=1280 worldHash=536de93e23496776 pkts=1629/7105628
