[siege-trace] t136__04  t=26145 (35,33) map=1 stage=0 hp=100%
[siege-trace] t136__01  t=26145 (29,19) map=1 stage=0 hp=100%
[siege-trace] t136__00  t=26145 (41,20) map=1 stage=0 hp=100%
[siege-trace] t136__05  t=26147 (31,4) map=1 stage=0 hp=100%
[siege-trace] t136__03  t=26147 (41,3) map=1 stage=0 hp=100%
[siege-trace] t136__02  t=26147 (16,8) map=1 stage=0 hp=100%
[siege-trace] t136__00  t=26175 (25,16) map=6 stage=2 hp=100%
[siege-trace] t136__04  t=26179 (30,3) map=6 stage=2 hp=100%
[siege-trace] t136__05  t=26179 (29,12) map=6 stage=2 hp=100%
[siege-trace] t136__01  t=26180 (23,16) map=6 stage=2 hp=63%
[siege-trace] t136__02  t=26180 (15,12) map=6 stage=2 hp=97%
[siege-trace] t136__03  t=26181 (27,7) map=6 stage=2 hp=96%
[siege-trace] t136__00  t=26208 (14,4) map=6 stage=3 hp=100%
[siege-trace] t136__04  t=26209 (17,10) map=6 stage=3 hp=100%
[siege-trace] t136__01  t=26211 (24,8) map=6 stage=3 hp=69%
[siege-trace] t136__03  t=26213 (29,10) map=6 stage=3 hp=90%
[siege-trace] t136__05  t=26213 (31,21) map=6 stage=3 hp=100%
[siege-trace] t136__02  t=26214 (18,13) map=6 stage=3 hp=96%
[siege-trace] t136__00  t=26238 (13,10) map=6 stage=3 hp=92%
[siege-trace] t136__04  t=26243 (23,10) map=6 stage=3 hp=100%
[siege-trace] t136__01  t=26243 (23,10) map=6 stage=3 hp=74%
[siege-trace] t136__05  t=26245 (15,11) map=6 stage=3 hp=100%
[siege-trace] t136__03  t=26245 (22,24) map=6 stage=3 hp=95%
[siege-trace] t136__02  t=26246 (18,16) map=6 stage=3 hp=95%
[siege-trace] t136__00  t=26269 (21,20) map=6 stage=3 hp=86%
[siege-trace] t136__04  t=26274 (15,17) map=6 stage=3 hp=100%
[siege-trace] t136__03  t=26275 (23,10) map=6 stage=3 hp=100%
[siege-trace] t136__01  t=26276 (12,14) map=6 stage=3 hp=81%
[siege-trace] t136__02  t=26277 (7,21) map=6 stage=3 hp=100%
[siege-trace] t136__05  t=26278 (23,10) map=6 stage=3 hp=100%
[siege-trace] t136__00  t=26302 (3,5) map=6 stage=3 hp=81%
[siege-trace] t136__04  t=26304 (26,9) map=6 stage=3 hp=97%
[siege-trace] t136__03  t=26306 (9,16) map=6 stage=3 hp=100%
[siege-trace] t136__02  t=26308 (35,22) map=6 stage=3 hp=100%
[siege-trace] t136__05  t=26309 (22,18) map=6 stage=3 hp=91%
[siege-trace] t136__01  t=26310 (30,8) map=6 stage=3 hp=87%
[siege-trace] t136__00  t=26333 (10,25) map=6 stage=3 hp=86%
[siege-trace] t136__04  t=26337 (21,16) map=6 stage=3 hp=100%
[siege-trace] t136__03  t=26339 (34,23) map=6 stage=3 hp=100%
[siege-trace] t136__05  t=26341 (16,15) map=6 stage=3 hp=94%
[siege-trace] t136__02  t=26342 (23,10) map=6 stage=3 hp=100%
[siege-trace] t136__01  t=26344 (23,10) map=6 stage=3 hp=86%
[siege-trace] t136__00  t=26363 (23,10) map=6 stage=3 hp=92%
[siege-trace] t136__04  t=26368 (25,19) map=6 stage=3 hp=100%
[siege-trace] t136__03  t=26370 (25,18) map=6 stage=3 hp=92%
[siege-trace] t136__02  t=26373 (23,10) map=6 stage=3 hp=100%
[siege-trace] t136__01  t=26375 (5,24) map=6 stage=4 hp=92%
[siege-trace] t136__05  t=26376 (28,13) map=6 stage=4 hp=90%
[siege-trace] t136__00  t=26397 (17,25) map=6 stage=4 hp=98%
[siege-trace] t136__04  t=26400 (18,7) map=6 stage=3 hp=100%
[siege-trace] t136__03  t=26403 (29,9) map=6 stage=4 hp=87%
[siege-trace] t136__01  t=26405 (20,15) map=6 stage=4 hp=88%
[siege-trace] t136__02  t=26406 (29,15) map=6 stage=3 hp=95%
[siege-trace] t136__05  t=26407 (4,12) map=6 stage=4 hp=96%
[siege-trace] t136__04  t=26431 (18,23) map=6 stage=3 hp=100%
[siege-trace] t136__00  t=26431 (18,24) map=6 stage=4 hp=100%
[siege-trace] t136__03  t=26437 (26,10) map=6 stage=4 hp=92%
[siege-trace] t136__02  t=26437 (29,10) map=6 stage=3 hp=79%
[siege-trace] t136__01  t=26438 (29,11) map=6 stage=4 hp=87%
[siege-trace] t136__05  t=26439 (27,21) map=6 stage=4 hp=100%
[siege-trace] t136__00  t=26461 (24,10) map=6 stage=4 hp=100%
[siege-trace] t136__04  t=26463 (23,10) map=6 stage=3 hp=100%
[siege-trace] t136__02  t=26468 (26,10) map=6 stage=4 hp=78%
[siege-trace] t136__03  t=26468 (28,3) map=6 stage=4 hp=98%
[siege-trace] t136__05  t=26470 (21,10) map=6 stage=4 hp=100%
[siege-trace] t136__01  t=26472 (16,21) map=6 stage=4 hp=90%
[siege-trace] t136__00  t=26492 (27,8) map=6 stage=4 hp=100%
[siege-trace] t136__04  t=26494 (20,10) map=6 stage=3 hp=100%
[siege-trace] t136__02  t=26500 (26,14) map=6 stage=4 hp=76%
[siege-trace] t136__03  t=26500 (16,22) map=6 stage=4 hp=100%
[siege-trace] t136__05  t=26502 (26,16) map=6 stage=4 hp=89%
[siege-trace] t136__01  t=26506 (27,18) map=6 stage=4 hp=97%
[siege-trace] t136__00  t=26522 (26,10) map=6 stage=4 hp=100%
[siege-trace] t136__04  t=26527 (26,10) map=6 stage=4 hp=93%
[siege-trace] t136__02  t=26531 (18,11) map=6 stage=4 hp=81%
[siege-trace] t136__05  t=26532 (30,7) map=6 stage=4 hp=94%
[siege-trace] t136__03  t=26533 (34,9) map=6 stage=4 hp=100%
[siege-trace] t136__01  t=26541 (26,10) map=6 stage=4 hp=100%
[siege-trace] t136__00  t=26555 (25,11) map=6 stage=4 hp=100%
[siege-trace] t136__04  t=26558 (29,23) map=6 stage=4 hp=87%
[siege-trace] t136__05  t=26562 (25,13) map=6 stage=4 hp=90%
[siege-trace] t136__02  t=26563 (15,8) map=6 stage=4 hp=86%
[siege-trace] t136__03  t=26565 (20,14) map=6 stage=4 hp=100%
[siege-trace] t136__01  t=26571 (15,9) map=6 stage=4 hp=100%
[siege-trace] t136__00  t=26587 (28,10) map=6 stage=5 hp=100%
[siege-trace] t136__04  t=26590 (22,14) map=6 stage=4 hp=82%
[siege-trace] t136__05  t=26593 (18,8) map=6 stage=5 hp=95%
[siege-trace] t136__02  t=26594 (14,14) map=6 stage=4 hp=92%
[siege-trace] t136__03  t=26595 (12,17) map=6 stage=5 hp=100%
[siege-trace] t136__01  t=26604 (26,10) map=6 stage=4 hp=100%
[siege-trace] t136__00  t=26619 (28,10) map=6 stage=5 hp=100%
[siege-trace] t136__04  t=26621 (25,9) map=6 stage=4 hp=84%
[siege-trace] t136__05  t=26624 (25,5) map=6 stage=5 hp=100%
[siege-trace] t136__02  t=26624 (11,11) map=6 stage=4 hp=97%
[siege-trace] t136__03  t=26626 (28,10) map=6 stage=5 hp=100%
[siege-trace] t136__01  t=26637 (18,24) map=6 stage=5 hp=100%
[siege-trace] t136__00  t=26653 (21,24) map=6 stage=5 hp=100%
[siege-trace] t136__04  t=26654 (17,12) map=6 stage=4 hp=80%
[siege-trace] t136__05  t=26654 (38,9) map=6 stage=5 hp=100%
[siege-trace] t136__02  t=26655 (24,14) map=6 stage=4 hp=91%
[siege-trace] t136__03  t=26656 (22,10) map=6 stage=5 hp=100%
[siege-trace] t136__01  t=26667 (24,10) map=6 stage=5 hp=100%
[siege-trace] t136__04  t=26684 (23,13) map=6 stage=4 hp=75%
[siege-trace] t136__05  t=26685 (25,1) map=6 stage=5 hp=100%
[siege-trace] t136__02  t=26685 (23,12) map=6 stage=4 hp=97%
[siege-trace] t136__00  t=26686 (6,18) map=6 stage=5 hp=100%
[siege-trace] t136__03  t=26689 (22,13) map=6 stage=5 hp=91%
[siege-trace] t136__01  t=26699 (6,14) map=6 stage=5 hp=100%
[siege-trace] t136__04  t=26716 (28,11) map=6 stage=4 hp=61%
[siege-trace] t136__05  t=26717 (15,5) map=6 stage=5 hp=100%
[siege-trace] t136__02  t=26717 (28,10) map=6 stage=5 hp=100%
[siege-trace] t136__00  t=26719 (27,10) map=6 stage=5 hp=100%
[siege-trace] t136__03  t=26723 (26,22) map=6 stage=5 hp=94%
[siege-trace] t136__01  t=26731 (14,21) map=6 stage=5 hp=100%
[siege-trace] t136__02  t=26747 (15,9) map=6 stage=5 hp=83%
[siege-trace] t136__04  t=26747 (23,10) map=6 stage=5 hp=64%
[siege-trace] t136__05  t=26748 (28,10) map=6 stage=5 hp=100%
[siege-trace] t136__00  t=26751 (5,25) map=6 stage=5 hp=100%
[siege-trace] t136__03  t=26755 (28,10) map=6 stage=5 hp=100%
[siege-trace] t136__01  t=26762 (25,7) map=6 stage=5 hp=100%
[siege-trace] t136__04  t=26778 (19,8) map=6 stage=5 hp=69%
[siege-trace] t136__02  t=26780 (28,10) map=6 stage=5 hp=86%
[siege-trace] t136__05  t=26781 (28,7) map=6 stage=5 hp=100%
[siege-trace] t136__00  t=26784 (33,22) map=6 stage=5 hp=94%
[siege-trace] t136__03  t=26787 (25,1) map=6 stage=5 hp=100%
[siege-trace] t136__01  t=26793 (29,11) map=6 stage=5 hp=95%
[siege-trace] t136__04  t=26809 (28,18) map=6 stage=5 hp=75%
[siege-trace] t136__02  t=26811 (24,10) map=6 stage=5 hp=91%
[siege-trace] t136__05  t=26812 (19,19) map=6 stage=5 hp=100%
[siege-trace] t136__00  t=26816 (26,8) map=6 stage=5 hp=99%
[siege-trace] t136__03  t=26817 (20,20) map=6 stage=5 hp=95%
[siege-trace] t136__01  t=26825 (28,1) map=6 stage=5 hp=91%
[siege-trace] t136__04  t=26841 (11,3) map=6 stage=5 hp=81%
[siege-trace] t136__02  t=26842 (35,8) map=6 stage=5 hp=97%
[siege-trace] t136__05  t=26844 (19,11) map=6 stage=5 hp=97%
[siege-trace] t136__00  t=26847 (36,6) map=6 stage=5 hp=100%
[siege-trace] t136__03  t=26850 (22,20) map=6 stage=5 hp=94%
[siege-trace] t136__01  t=26855 (38,17) map=6 stage=5 hp=96%
[siege-trace] t136__02  t=26872 (26,14) map=6 stage=5 hp=100%
[siege-trace] t136__04  t=26874 (19,18) map=6 stage=5 hp=87%
[siege-trace] t136__05  t=26876 (27,20) map=6 stage=5 hp=80%
[siege-trace] t136__03  t=26881 (28,10) map=6 stage=5 hp=88%
[siege-trace] t136__00  t=26882 (29,9) map=6 stage=5 hp=100%
[siege-trace] t136__01  t=26885 (28,10) map=6 stage=5 hp=100%
[siege-trace] t136__02  t=26905 (28,10) map=6 stage=5 hp=100%
[siege-trace] t136__04  t=26906 (37,14) map=6 stage=5 hp=80%
[siege-trace] t136__05  t=26907 (22,16) map=6 stage=5 hp=75%
[siege-trace] t136__03  t=26912 (25,24) map=6 stage=5 hp=94%
[siege-trace] t136__00  t=26916 (35,11) map=6 stage=5 hp=94%
[siege-trace] t136__01  t=26916 (35,19) map=6 stage=5 hp=100%
[siege-trace] t136__04  t=26936 (31,16) map=6 stage=5 hp=85%
[siege-trace] t136__05  t=26937 (23,16) map=6 stage=5 hp=78%
[siege-trace] t136__02  t=26938 (28,10) map=6 stage=5 hp=100%
[siege-trace] t136__03  t=26943 (30,22) map=6 stage=5 hp=100%
[siege-trace] t136__01  t=26946 (24,14) map=6 stage=5 hp=91%
[siege-trace] t136__00  t=26948 (10,15) map=6 stage=5 hp=97%
[siege-trace] t136__05  t=26967 (28,10) map=6 stage=5 hp=84%
[siege-trace] t136__04  t=26967 (35,10) map=6 stage=5 hp=91%
[siege-trace] t136__02  t=26968 (27,8) map=6 stage=5 hp=97%
[siege-trace] t136__03  t=26973 (20,15) map=6 stage=5 hp=100%
[siege-trace] t136__01  t=26977 (22,20) map=6 stage=5 hp=96%
[siege-trace] t136__00  t=26978 (15,7) map=6 stage=5 hp=95%
[siege-trace] t136__05  t=26997 (38,11) map=6 stage=5 hp=89%
[siege-trace] t136__04  t=26998 (20,13) map=6 stage=5 hp=97%
[siege-trace] t136__02  t=26999 (28,10) map=6 stage=5 hp=100%
[siege-trace] t136__03  t=27005 (31,14) map=6 stage=5 hp=100%
[siege-trace] t136__01  t=27008 (28,10) map=6 stage=5 hp=94%
[siege-trace] t136__00  t=27009 (24,12) map=6 stage=5 hp=98%
[siege-trace] t136__05  t=27030 (36,7) map=6 stage=5 hp=95%
[siege-trace] t136__04  t=27030 (2,16) map=6 stage=5 hp=100%
[siege-trace] t136__02  t=27033 (32,19) map=6 stage=5 hp=100%
[siege-trace] t136__03  t=27037 (26,13) map=6 stage=5 hp=100%
[siege-trace] t136__01  t=27039 (18,8) map=6 stage=5 hp=89%
[siege-trace] t136__00  t=27039 (9,3) map=6 stage=5 hp=96%
[bots] CRYPT bossSeen=0 bossKills=0 curse=0 slam=0
[bots] SIEGE reg=6 breach=180 crown=369
[bots] SUMMARY welcomed=6/6 moved=6/6 minDeltas=18000 kills=95 pots=2 swings=129 deaths=0 shops=0 anvilTries=0 levelDrops=0 regear=0 maxLevel=15 pkts=870120 bytes=20803502 gates b/g/p/a/r=0/0/0/0/0 mGold=0 mPelts=0 bless=0 mend=0 noSee=0 hurt=0 choir c6=0 c7=0 c8=0
[bots] t136__00     kit=1 lvl=15 hp=268/274 party=0 deaths=0 rxR=0 rxM=0 lastPid=0 casts c6=0 c7=0 c8=0 bossSeen=0 bossKills=0 curse=0 slam=0 lastDeath=(-1,-1) killerByLvl=
[bots] t136__01     kit=1 lvl=15 hp=248/274 party=0 deaths=0 rxR=0 rxM=0 lastPid=0 casts c6=0 c7=0 c8=0 bossSeen=0 bossKills=0 curse=0 slam=0 lastDeath=(-1,-1) killerByLvl=
[bots] t136__02     kit=1 lvl=15 hp=274/274 party=0 deaths=0 rxR=0 rxM=0 lastPid=0 casts c6=0 c7=0 c8=0 bossSeen=0 bossKills=0 curse=0 slam=0 lastDeath=(-1,-1) killerByLvl=
[bots] t136__03     kit=1 lvl=15 hp=274/274 party=0 deaths=0 rxR=0 rxM=0 lastPid=0 casts c6=0 c7=0 c8=0 bossSeen=0 bossKills=0 curse=0 slam=0 lastDeath=(-1,-1) killerByLvl=
[bots] t136__04     kit=1 lvl=15 hp=274/274 party=0 deaths=0 rxR=0 rxM=0 lastPid=0 casts c6=0 c7=0 c8=0 bossSeen=0 bossKills=0 curse=0 slam=0 lastDeath=(-1,-1) killerByLvl=
[bots] t136__05     kit=1 lvl=15 hp=270/274 party=0 deaths=0 rxR=0 rxM=0 lastPid=0 casts c6=0 c7=0 c8=0 bossSeen=0 bossKills=0 curse=0 slam=0 lastDeath=(-1,-1) killerByLvl=
[bots] OK
