[siege-trace] t137d__04 t=45873 (42,11) map=1 stage=0 hp=100%
[siege-trace] t137d__15 t=45874 (32,16) map=1 stage=0 hp=100%
[siege-trace] t137d__08 t=45874 (32,16) map=1 stage=0 hp=100%
[siege-trace] t137d__01 t=45874 (34,27) map=1 stage=0 hp=100%
[siege-trace] t137d__00 t=45874 (48,14) map=1 stage=0 hp=100%
[siege-trace] t137d__11 t=45874 (32,16) map=1 stage=0 hp=100%
[siege-trace] t137d__09 t=45874 (32,16) map=1 stage=0 hp=100%
[siege-trace] t137d__06 t=45874 (32,16) map=1 stage=0 hp=100%
[siege-trace] t137d__12 t=45874 (32,16) map=1 stage=0 hp=100%
[siege-trace] t137d__13 t=45875 (32,16) map=1 stage=0 hp=100%
[siege-trace] t137d__10 t=45875 (32,16) map=1 stage=0 hp=100%
[siege-trace] t137d__05 t=45876 (26,10) map=1 stage=0 hp=100%
[siege-trace] t137d__03 t=45876 (33,18) map=1 stage=0 hp=100%
[siege-trace] t137d__14 t=45876 (32,16) map=1 stage=0 hp=100%
[siege-trace] t137d__02 t=45876 (26,6) map=1 stage=0 hp=100%
[siege-trace] t137d__07 t=45877 (32,16) map=1 stage=0 hp=100%
[siege-trace] t137d__04 t=45903 (28,10) map=6 stage=11 hp=97%
[siege-trace] t137d__15 t=45904 (28,10) map=1 stage=11 hp=100%
[siege-trace] t137d__08 t=45904 (28,10) map=1 stage=11 hp=100%
[siege-trace] t137d__01 t=45904 (28,10) map=6 stage=11 hp=100%
[siege-trace] t137d__00 t=45904 (28,10) map=6 stage=11 hp=100%
[siege-trace] t137d__11 t=45904 (28,10) map=6 stage=11 hp=100%
[siege-trace] t137d__09 t=45904 (28,10) map=6 stage=11 hp=106%
[siege-trace] t137d__06 t=45904 (28,10) map=6 stage=11 hp=100%
[siege-trace] t137d__12 t=45904 (28,10) map=6 stage=11 hp=106%
[siege-trace] t137d__13 t=45905 (28,10) map=6 stage=11 hp=100%
[siege-trace] t137d__10 t=45905 (28,10) map=6 stage=11 hp=100%
[siege-trace] t137d__05 t=45906 (28,10) map=6 stage=11 hp=100%
[siege-trace] t137d__03 t=45906 (28,10) map=6 stage=11 hp=100%
[siege-trace] t137d__14 t=45906 (28,10) map=6 stage=11 hp=100%
[siege-trace] t137d__02 t=45906 (28,10) map=6 stage=11 hp=100%
[siege-trace] t137d__07 t=45907 (28,10) map=6 stage=11 hp=100%
[siege-trace] t137d__04 t=45933 (28,10) map=6 stage=11 hp=100%
[siege-trace] t137d__15 t=45934 (28,10) map=1 stage=11 hp=100%
[siege-trace] t137d__08 t=45934 (28,10) map=1 stage=11 hp=100%
[siege-trace] t137d__01 t=45934 (28,10) map=6 stage=11 hp=100%
[siege-trace] t137d__00 t=45934 (28,10) map=6 stage=11 hp=100%
[siege-trace] t137d__11 t=45934 (28,10) map=6 stage=11 hp=100%
[siege-trace] t137d__09 t=45934 (28,10) map=6 stage=11 hp=106%
[siege-trace] t137d__06 t=45934 (28,10) map=6 stage=11 hp=100%
[siege-trace] t137d__12 t=45934 (28,10) map=6 stage=11 hp=106%
[siege-trace] t137d__13 t=45935 (28,10) map=6 stage=11 hp=100%
[siege-trace] t137d__10 t=45935 (28,10) map=6 stage=11 hp=100%
[siege-trace] t137d__05 t=45936 (28,10) map=6 stage=11 hp=100%
[siege-trace] t137d__03 t=45936 (28,10) map=6 stage=11 hp=100%
[siege-trace] t137d__14 t=45936 (28,10) map=6 stage=11 hp=100%
[siege-trace] t137d__02 t=45936 (28,10) map=6 stage=11 hp=100%
[siege-trace] t137d__07 t=45937 (28,10) map=6 stage=11 hp=100%
[siege-trace] t137d__04 t=45963 (28,10) map=6 stage=11 hp=100%
[siege-trace] t137d__15 t=45964 (28,10) map=1 stage=11 hp=100%
[siege-trace] t137d__08 t=45964 (28,10) map=1 stage=11 hp=100%
[siege-trace] t137d__01 t=45964 (28,10) map=6 stage=11 hp=100%
[siege-trace] t137d__00 t=45964 (28,10) map=6 stage=11 hp=100%
[siege-trace] t137d__11 t=45964 (28,10) map=6 stage=11 hp=100%
[siege-trace] t137d__09 t=45964 (28,10) map=6 stage=11 hp=106%
[siege-trace] t137d__06 t=45964 (28,10) map=6 stage=11 hp=100%
[siege-trace] t137d__12 t=45964 (28,10) map=6 stage=11 hp=106%
[siege-trace] t137d__13 t=45965 (28,10) map=6 stage=11 hp=100%
[siege-trace] t137d__10 t=45965 (28,10) map=6 stage=11 hp=100%
[siege-trace] t137d__05 t=45966 (28,10) map=6 stage=11 hp=100%
[siege-trace] t137d__03 t=45966 (28,10) map=6 stage=11 hp=100%
[siege-trace] t137d__14 t=45966 (28,10) map=6 stage=11 hp=100%
[siege-trace] t137d__02 t=45966 (28,10) map=6 stage=11 hp=100%
[siege-trace] t137d__07 t=45967 (28,10) map=6 stage=11 hp=100%
[siege-trace] t137d__04 t=45993 (28,10) map=6 stage=11 hp=100%
[siege-trace] t137d__15 t=45994 (28,10) map=1 stage=11 hp=100%
[siege-trace] t137d__08 t=45994 (28,10) map=1 stage=11 hp=100%
[siege-trace] t137d__01 t=45994 (28,10) map=6 stage=11 hp=100%
[siege-trace] t137d__00 t=45994 (28,10) map=6 stage=11 hp=100%
[siege-trace] t137d__11 t=45994 (28,10) map=6 stage=11 hp=100%
[siege-trace] t137d__09 t=45994 (28,10) map=6 stage=11 hp=106%
[siege-trace] t137d__06 t=45994 (28,10) map=6 stage=11 hp=100%
[siege-trace] t137d__12 t=45994 (28,10) map=6 stage=11 hp=106%
[siege-trace] t137d__13 t=45995 (28,10) map=6 stage=11 hp=100%
[siege-trace] t137d__10 t=45995 (28,10) map=6 stage=11 hp=100%
[siege-trace] t137d__05 t=45996 (28,10) map=6 stage=11 hp=100%
[siege-trace] t137d__03 t=45996 (28,10) map=6 stage=11 hp=100%
[siege-trace] t137d__14 t=45996 (28,10) map=6 stage=11 hp=100%
[siege-trace] t137d__02 t=45996 (28,10) map=6 stage=11 hp=100%
[siege-trace] t137d__07 t=45997 (28,10) map=6 stage=11 hp=100%
[siege-trace] t137d__04 t=46023 (28,10) map=6 stage=11 hp=100%
[siege-trace] t137d__15 t=46024 (28,10) map=1 stage=11 hp=100%
[siege-trace] t137d__08 t=46024 (28,10) map=1 stage=11 hp=100%
[siege-trace] t137d__01 t=46024 (28,10) map=6 stage=11 hp=100%
[siege-trace] t137d__00 t=46024 (28,10) map=6 stage=11 hp=100%
[siege-trace] t137d__11 t=46024 (28,10) map=6 stage=11 hp=100%
[siege-trace] t137d__09 t=46024 (28,10) map=6 stage=11 hp=106%
[siege-trace] t137d__06 t=46024 (28,10) map=6 stage=11 hp=100%
[siege-trace] t137d__12 t=46024 (28,10) map=6 stage=11 hp=106%
[siege-trace] t137d__13 t=46025 (28,10) map=6 stage=11 hp=100%
[siege-trace] t137d__10 t=46025 (28,10) map=6 stage=11 hp=100%
[siege-trace] t137d__05 t=46026 (28,10) map=6 stage=11 hp=100%
[siege-trace] t137d__03 t=46026 (28,10) map=6 stage=11 hp=100%
[siege-trace] t137d__14 t=46026 (28,10) map=6 stage=11 hp=100%
[siege-trace] t137d__02 t=46026 (28,10) map=6 stage=11 hp=100%
[siege-trace] t137d__07 t=46027 (28,10) map=6 stage=11 hp=100%
[siege-trace] t137d__04 t=46053 (28,10) map=6 stage=11 hp=100%
[siege-trace] t137d__15 t=46054 (28,10) map=1 stage=11 hp=94%
[siege-trace] t137d__08 t=46054 (28,10) map=1 stage=11 hp=100%
[siege-trace] t137d__01 t=46054 (28,10) map=6 stage=11 hp=100%
[siege-trace] t137d__00 t=46054 (28,10) map=6 stage=11 hp=100%
[siege-trace] t137d__11 t=46054 (28,10) map=6 stage=11 hp=100%
[siege-trace] t137d__09 t=46054 (28,10) map=6 stage=11 hp=106%
[siege-trace] t137d__06 t=46054 (28,10) map=6 stage=11 hp=100%
[siege-trace] t137d__12 t=46054 (28,10) map=6 stage=11 hp=106%
[siege-trace] t137d__13 t=46055 (28,10) map=6 stage=11 hp=100%
[siege-trace] t137d__10 t=46055 (28,10) map=6 stage=11 hp=100%
[siege-trace] t137d__05 t=46056 (28,10) map=6 stage=11 hp=100%
[siege-trace] t137d__03 t=46056 (28,10) map=6 stage=11 hp=100%
[siege-trace] t137d__14 t=46056 (28,10) map=6 stage=11 hp=100%
[siege-trace] t137d__02 t=46056 (28,10) map=6 stage=11 hp=100%
[siege-trace] t137d__07 t=46057 (28,10) map=6 stage=11 hp=100%
[siege-trace] t137d__04 t=46083 (28,10) map=6 stage=11 hp=100%
[siege-trace] t137d__15 t=46084 (28,10) map=1 stage=11 hp=100%
[siege-trace] t137d__08 t=46084 (28,10) map=1 stage=11 hp=100%
[siege-trace] t137d__01 t=46084 (28,10) map=6 stage=11 hp=100%
[siege-trace] t137d__00 t=46084 (28,10) map=6 stage=11 hp=100%
[siege-trace] t137d__11 t=46084 (28,10) map=6 stage=11 hp=100%
[siege-trace] t137d__09 t=46084 (28,10) map=6 stage=11 hp=106%
[siege-trace] t137d__06 t=46084 (28,10) map=6 stage=11 hp=100%
[siege-trace] t137d__12 t=46084 (28,10) map=6 stage=11 hp=106%
[siege-trace] t137d__13 t=46085 (28,10) map=6 stage=11 hp=100%
[siege-trace] t137d__10 t=46085 (28,10) map=6 stage=11 hp=100%
[siege-trace] t137d__05 t=46086 (28,10) map=6 stage=11 hp=100%
[siege-trace] t137d__03 t=46086 (28,10) map=6 stage=11 hp=100%
[siege-trace] t137d__14 t=46086 (28,10) map=6 stage=11 hp=100%
[siege-trace] t137d__02 t=46086 (28,10) map=6 stage=11 hp=100%
[siege-trace] t137d__07 t=46087 (28,10) map=6 stage=11 hp=100%
[siege-trace] t137d__04 t=46113 (28,10) map=6 stage=11 hp=100%
[siege-trace] t137d__15 t=46114 (28,10) map=1 stage=11 hp=89%
[siege-trace] t137d__08 t=46114 (28,10) map=1 stage=11 hp=100%
[siege-trace] t137d__01 t=46114 (28,10) map=6 stage=11 hp=100%
[siege-trace] t137d__00 t=46114 (28,10) map=6 stage=11 hp=100%
[siege-trace] t137d__11 t=46114 (28,10) map=6 stage=11 hp=100%
[siege-trace] t137d__09 t=46114 (28,10) map=6 stage=11 hp=106%
[siege-trace] t137d__06 t=46114 (28,10) map=6 stage=11 hp=100%
[siege-trace] t137d__12 t=46114 (28,10) map=6 stage=11 hp=106%
[siege-trace] t137d__13 t=46115 (28,10) map=6 stage=11 hp=100%
[siege-trace] t137d__10 t=46115 (28,10) map=6 stage=11 hp=100%
[siege-trace] t137d__05 t=46116 (28,10) map=6 stage=11 hp=100%
[siege-trace] t137d__03 t=46116 (28,10) map=6 stage=11 hp=100%
[siege-trace] t137d__14 t=46116 (28,10) map=6 stage=11 hp=100%
[siege-trace] t137d__02 t=46116 (28,10) map=6 stage=11 hp=100%
[siege-trace] t137d__07 t=46117 (28,10) map=6 stage=11 hp=100%
[siege-trace] t137d__04 t=46143 (28,10) map=6 stage=11 hp=100%
[siege-trace] t137d__15 t=46144 (28,10) map=1 stage=11 hp=94%
[siege-trace] t137d__08 t=46144 (28,10) map=1 stage=11 hp=100%
[siege-trace] t137d__01 t=46144 (28,10) map=6 stage=11 hp=100%
[siege-trace] t137d__00 t=46144 (28,10) map=6 stage=11 hp=100%
[siege-trace] t137d__11 t=46144 (28,10) map=6 stage=11 hp=100%
[siege-trace] t137d__09 t=46144 (28,10) map=6 stage=11 hp=106%
[siege-trace] t137d__06 t=46144 (28,10) map=6 stage=11 hp=100%
[siege-trace] t137d__12 t=46144 (28,10) map=6 stage=11 hp=106%
[siege-trace] t137d__13 t=46145 (28,10) map=6 stage=11 hp=100%
[siege-trace] t137d__10 t=46145 (28,10) map=6 stage=11 hp=100%
[siege-trace] t137d__05 t=46146 (28,10) map=6 stage=11 hp=100%
[siege-trace] t137d__03 t=46146 (28,10) map=6 stage=11 hp=100%
[siege-trace] t137d__14 t=46146 (28,10) map=6 stage=11 hp=100%
[siege-trace] t137d__02 t=46146 (28,10) map=6 stage=11 hp=100%
[siege-trace] t137d__07 t=46147 (28,10) map=6 stage=11 hp=100%
[siege-trace] t137d__04 t=46173 (28,10) map=6 stage=11 hp=100%
[siege-trace] t137d__15 t=46174 (28,10) map=1 stage=11 hp=91%
[siege-trace] t137d__08 t=46174 (28,10) map=1 stage=11 hp=100%
[siege-trace] t137d__01 t=46174 (28,10) map=6 stage=11 hp=100%
[siege-trace] t137d__00 t=46174 (28,10) map=6 stage=11 hp=100%
[siege-trace] t137d__11 t=46174 (28,10) map=6 stage=11 hp=100%
[siege-trace] t137d__09 t=46174 (28,10) map=6 stage=11 hp=106%
[siege-trace] t137d__06 t=46174 (28,10) map=6 stage=11 hp=100%
[siege-trace] t137d__12 t=46174 (28,10) map=6 stage=11 hp=106%
[siege-trace] t137d__13 t=46175 (28,10) map=6 stage=11 hp=100%
[siege-trace] t137d__10 t=46175 (28,10) map=6 stage=11 hp=100%
[siege-trace] t137d__05 t=46176 (28,10) map=6 stage=11 hp=100%
[siege-trace] t137d__03 t=46176 (28,10) map=6 stage=11 hp=100%
[siege-trace] t137d__14 t=46176 (28,10) map=6 stage=11 hp=100%
[siege-trace] t137d__02 t=46176 (28,10) map=6 stage=11 hp=100%
[siege-trace] t137d__07 t=46177 (28,10) map=6 stage=11 hp=100%
[siege-trace] t137d__04 t=46203 (28,10) map=6 stage=11 hp=100%
[siege-trace] t137d__15 t=46204 (28,10) map=1 stage=11 hp=100%
[siege-trace] t137d__08 t=46204 (28,10) map=1 stage=11 hp=100%
[siege-trace] t137d__01 t=46204 (28,10) map=6 stage=11 hp=100%
[siege-trace] t137d__00 t=46204 (28,10) map=6 stage=11 hp=100%
[siege-trace] t137d__11 t=46204 (28,10) map=6 stage=11 hp=100%
[siege-trace] t137d__09 t=46204 (28,10) map=6 stage=11 hp=106%
[siege-trace] t137d__06 t=46204 (28,10) map=6 stage=11 hp=100%
[siege-trace] t137d__12 t=46204 (28,10) map=6 stage=11 hp=106%
[siege-trace] t137d__13 t=46205 (28,10) map=6 stage=11 hp=100%
[siege-trace] t137d__10 t=46205 (28,10) map=6 stage=11 hp=100%
[siege-trace] t137d__05 t=46206 (28,10) map=6 stage=11 hp=100%
[siege-trace] t137d__03 t=46206 (28,10) map=6 stage=11 hp=100%
[siege-trace] t137d__14 t=46206 (28,10) map=6 stage=11 hp=100%
[siege-trace] t137d__02 t=46206 (28,10) map=6 stage=11 hp=100%
[siege-trace] t137d__07 t=46207 (28,10) map=6 stage=11 hp=100%
[siege-trace] t137d__04 t=46233 (28,10) map=6 stage=11 hp=100%
[siege-trace] t137d__15 t=46234 (28,10) map=1 stage=11 hp=94%
[siege-trace] t137d__08 t=46234 (28,10) map=1 stage=11 hp=100%
[siege-trace] t137d__01 t=46234 (28,10) map=6 stage=11 hp=100%
[siege-trace] t137d__00 t=46234 (28,10) map=6 stage=11 hp=100%
[siege-trace] t137d__11 t=46234 (28,10) map=6 stage=11 hp=100%
[siege-trace] t137d__09 t=46234 (28,10) map=6 stage=11 hp=106%
[siege-trace] t137d__06 t=46234 (28,10) map=6 stage=11 hp=100%
[siege-trace] t137d__12 t=46234 (28,10) map=6 stage=11 hp=106%
[siege-trace] t137d__13 t=46235 (28,10) map=6 stage=11 hp=100%
[siege-trace] t137d__10 t=46235 (28,10) map=6 stage=11 hp=100%
[siege-trace] t137d__05 t=46236 (28,10) map=6 stage=11 hp=100%
[siege-trace] t137d__03 t=46236 (28,10) map=6 stage=11 hp=100%
[siege-trace] t137d__14 t=46236 (28,10) map=6 stage=11 hp=100%
[siege-trace] t137d__02 t=46236 (28,10) map=6 stage=11 hp=100%
[siege-trace] t137d__07 t=46237 (28,10) map=6 stage=11 hp=100%
[siege-trace] t137d__04 t=46263 (28,10) map=6 stage=11 hp=100%
[siege-trace] t137d__15 t=46264 (28,10) map=1 stage=11 hp=90%
[siege-trace] t137d__08 t=46264 (28,10) map=1 stage=11 hp=100%
[siege-trace] t137d__01 t=46264 (28,10) map=6 stage=11 hp=100%
[siege-trace] t137d__00 t=46264 (28,10) map=6 stage=11 hp=100%
[siege-trace] t137d__11 t=46264 (28,10) map=6 stage=11 hp=100%
[siege-trace] t137d__09 t=46264 (28,10) map=6 stage=11 hp=106%
[siege-trace] t137d__06 t=46264 (28,10) map=6 stage=11 hp=100%
[siege-trace] t137d__12 t=46264 (28,10) map=6 stage=11 hp=106%
[siege-trace] t137d__13 t=46265 (28,10) map=6 stage=11 hp=100%
[siege-trace] t137d__10 t=46265 (28,10) map=6 stage=11 hp=100%
[siege-trace] t137d__05 t=46266 (28,10) map=6 stage=11 hp=100%
[siege-trace] t137d__03 t=46266 (28,10) map=6 stage=11 hp=100%
[siege-trace] t137d__14 t=46266 (28,10) map=6 stage=11 hp=100%
[siege-trace] t137d__02 t=46266 (28,10) map=6 stage=11 hp=100%
[siege-trace] t137d__07 t=46267 (28,10) map=6 stage=11 hp=100%
[siege-trace] t137d__04 t=46293 (28,10) map=6 stage=11 hp=100%
[siege-trace] t137d__15 t=46294 (28,10) map=1 stage=11 hp=94%
[siege-trace] t137d__08 t=46294 (28,10) map=1 stage=11 hp=100%
[siege-trace] t137d__01 t=46294 (28,10) map=6 stage=11 hp=100%
[siege-trace] t137d__00 t=46294 (28,10) map=6 stage=11 hp=100%
[siege-trace] t137d__11 t=46294 (28,10) map=6 stage=11 hp=100%
[siege-trace] t137d__09 t=46294 (28,10) map=6 stage=11 hp=106%
[siege-trace] t137d__06 t=46294 (28,10) map=6 stage=11 hp=100%
[siege-trace] t137d__12 t=46294 (28,10) map=6 stage=11 hp=106%
[siege-trace] t137d__13 t=46295 (28,10) map=6 stage=11 hp=100%
[siege-trace] t137d__10 t=46295 (28,10) map=6 stage=11 hp=100%
[siege-trace] t137d__05 t=46296 (28,10) map=6 stage=11 hp=100%
[siege-trace] t137d__03 t=46296 (28,10) map=6 stage=11 hp=100%
[siege-trace] t137d__14 t=46296 (28,10) map=6 stage=11 hp=100%
[siege-trace] t137d__02 t=46296 (28,10) map=6 stage=11 hp=100%
[siege-trace] t137d__07 t=46297 (28,10) map=6 stage=11 hp=100%
[siege-trace] t137d__04 t=46323 (28,10) map=6 stage=11 hp=100%
[siege-trace] t137d__15 t=46324 (28,10) map=1 stage=11 hp=89%
[siege-trace] t137d__08 t=46324 (28,10) map=1 stage=11 hp=100%
[siege-trace] t137d__01 t=46324 (28,10) map=6 stage=11 hp=100%
[siege-trace] t137d__00 t=46324 (28,10) map=6 stage=11 hp=100%
[siege-trace] t137d__11 t=46324 (28,10) map=6 stage=11 hp=100%
[siege-trace] t137d__09 t=46324 (28,10) map=6 stage=11 hp=106%
[siege-trace] t137d__06 t=46324 (28,10) map=6 stage=11 hp=100%
[siege-trace] t137d__12 t=46324 (28,10) map=6 stage=11 hp=106%
[siege-trace] t137d__13 t=46325 (28,10) map=6 stage=11 hp=100%
[siege-trace] t137d__10 t=46325 (28,10) map=6 stage=11 hp=100%
[siege-trace] t137d__05 t=46326 (28,10) map=6 stage=11 hp=100%
[siege-trace] t137d__03 t=46326 (28,10) map=6 stage=11 hp=100%
[siege-trace] t137d__14 t=46326 (28,10) map=6 stage=11 hp=100%
[siege-trace] t137d__02 t=46326 (28,10) map=6 stage=11 hp=100%
[siege-trace] t137d__07 t=46327 (28,10) map=6 stage=11 hp=100%
[siege-trace] t137d__04 t=46353 (28,10) map=6 stage=11 hp=100%
[siege-trace] t137d__15 t=46354 (28,10) map=1 stage=11 hp=100%
[siege-trace] t137d__08 t=46354 (28,10) map=1 stage=11 hp=100%
[siege-trace] t137d__01 t=46354 (28,10) map=6 stage=11 hp=100%
[siege-trace] t137d__00 t=46354 (28,10) map=6 stage=11 hp=100%
[siege-trace] t137d__11 t=46354 (28,10) map=6 stage=11 hp=100%
[siege-trace] t137d__09 t=46354 (28,10) map=6 stage=11 hp=106%
[siege-trace] t137d__06 t=46354 (28,10) map=6 stage=11 hp=100%
[siege-trace] t137d__12 t=46354 (28,10) map=6 stage=11 hp=106%
[siege-trace] t137d__13 t=46355 (28,10) map=6 stage=11 hp=100%
[siege-trace] t137d__10 t=46355 (28,10) map=6 stage=11 hp=100%
[siege-trace] t137d__05 t=46356 (28,10) map=6 stage=11 hp=100%
[siege-trace] t137d__03 t=46356 (28,10) map=6 stage=11 hp=100%
[siege-trace] t137d__14 t=46356 (28,10) map=6 stage=11 hp=100%
[siege-trace] t137d__02 t=46356 (28,10) map=6 stage=11 hp=100%
[siege-trace] t137d__07 t=46357 (28,10) map=6 stage=11 hp=100%
[siege-trace] t137d__04 t=46383 (28,10) map=6 stage=11 hp=100%
[siege-trace] t137d__15 t=46384 (28,10) map=1 stage=11 hp=89%
[siege-trace] t137d__08 t=46384 (28,10) map=1 stage=11 hp=100%
[siege-trace] t137d__01 t=46384 (28,10) map=6 stage=11 hp=100%
[siege-trace] t137d__00 t=46384 (28,10) map=6 stage=11 hp=100%
[siege-trace] t137d__11 t=46384 (28,10) map=6 stage=11 hp=100%
[siege-trace] t137d__09 t=46384 (28,10) map=6 stage=11 hp=106%
[siege-trace] t137d__06 t=46384 (28,10) map=6 stage=11 hp=100%
[siege-trace] t137d__12 t=46384 (28,10) map=6 stage=11 hp=106%
[siege-trace] t137d__13 t=46385 (28,10) map=6 stage=11 hp=100%
[siege-trace] t137d__10 t=46385 (28,10) map=6 stage=11 hp=100%
[siege-trace] t137d__05 t=46386 (28,10) map=6 stage=11 hp=100%
[siege-trace] t137d__03 t=46386 (28,10) map=6 stage=11 hp=100%
[siege-trace] t137d__14 t=46386 (28,10) map=6 stage=11 hp=100%
[siege-trace] t137d__02 t=46386 (28,10) map=6 stage=11 hp=100%
[siege-trace] t137d__07 t=46387 (28,10) map=6 stage=11 hp=100%
[siege-trace] t137d__04 t=46413 (28,10) map=6 stage=11 hp=100%
[siege-trace] t137d__15 t=46414 (28,10) map=1 stage=11 hp=88%
[siege-trace] t137d__08 t=46414 (28,10) map=1 stage=11 hp=100%
[siege-trace] t137d__01 t=46414 (28,10) map=6 stage=11 hp=100%
[siege-trace] t137d__00 t=46414 (28,10) map=6 stage=11 hp=100%
[siege-trace] t137d__11 t=46414 (28,10) map=6 stage=11 hp=100%
[siege-trace] t137d__09 t=46414 (28,10) map=6 stage=11 hp=106%
[siege-trace] t137d__06 t=46414 (28,10) map=6 stage=11 hp=100%
[siege-trace] t137d__12 t=46414 (28,10) map=6 stage=11 hp=106%
[siege-trace] t137d__13 t=46415 (28,10) map=6 stage=11 hp=100%
[siege-trace] t137d__10 t=46415 (28,10) map=6 stage=11 hp=100%
[siege-trace] t137d__05 t=46416 (28,10) map=6 stage=11 hp=100%
[siege-trace] t137d__03 t=46416 (28,10) map=6 stage=11 hp=100%
[siege-trace] t137d__14 t=46416 (28,10) map=6 stage=11 hp=100%
[siege-trace] t137d__02 t=46416 (28,10) map=6 stage=11 hp=100%
[siege-trace] t137d__07 t=46417 (28,10) map=6 stage=11 hp=100%
[siege-trace] t137d__04 t=46443 (28,10) map=6 stage=11 hp=100%
[siege-trace] t137d__15 t=46444 (28,10) map=1 stage=11 hp=93%
[siege-trace] t137d__08 t=46444 (28,10) map=1 stage=11 hp=100%
[siege-trace] t137d__01 t=46444 (28,10) map=6 stage=11 hp=100%
[siege-trace] t137d__00 t=46444 (28,10) map=6 stage=11 hp=100%
[siege-trace] t137d__11 t=46444 (28,10) map=6 stage=11 hp=100%
[siege-trace] t137d__09 t=46444 (28,10) map=6 stage=11 hp=106%
[siege-trace] t137d__06 t=46444 (28,10) map=6 stage=11 hp=100%
[siege-trace] t137d__12 t=46444 (28,10) map=6 stage=11 hp=106%
[siege-trace] t137d__13 t=46445 (28,10) map=6 stage=11 hp=100%
[siege-trace] t137d__10 t=46445 (28,10) map=6 stage=11 hp=100%
[siege-trace] t137d__05 t=46446 (28,10) map=6 stage=11 hp=100%
[siege-trace] t137d__03 t=46446 (28,10) map=6 stage=11 hp=100%
[siege-trace] t137d__14 t=46446 (28,10) map=6 stage=11 hp=100%
[siege-trace] t137d__02 t=46446 (28,10) map=6 stage=11 hp=100%
[siege-trace] t137d__07 t=46447 (28,10) map=6 stage=11 hp=100%
[siege-trace] t137d__04 t=46473 (28,10) map=6 stage=11 hp=100%
[siege-trace] t137d__15 t=46474 (28,10) map=1 stage=11 hp=87%
[siege-trace] t137d__08 t=46474 (28,10) map=1 stage=11 hp=100%
[siege-trace] t137d__01 t=46474 (28,10) map=6 stage=11 hp=100%
[siege-trace] t137d__00 t=46474 (28,10) map=6 stage=11 hp=100%
[siege-trace] t137d__11 t=46474 (28,10) map=6 stage=11 hp=100%
[siege-trace] t137d__09 t=46474 (28,10) map=6 stage=11 hp=106%
[siege-trace] t137d__06 t=46474 (28,10) map=6 stage=11 hp=100%
[siege-trace] t137d__12 t=46474 (28,10) map=6 stage=11 hp=106%
[siege-trace] t137d__13 t=46475 (28,10) map=6 stage=11 hp=100%
[siege-trace] t137d__10 t=46475 (28,10) map=6 stage=11 hp=100%
[siege-trace] t137d__05 t=46476 (28,10) map=6 stage=11 hp=100%
[siege-trace] t137d__03 t=46476 (28,10) map=6 stage=11 hp=100%
[siege-trace] t137d__14 t=46476 (28,10) map=6 stage=11 hp=100%
[siege-trace] t137d__02 t=46476 (28,10) map=6 stage=11 hp=100%
[siege-trace] t137d__07 t=46477 (28,10) map=6 stage=11 hp=100%
[siege-trace] t137d__04 t=46503 (28,10) map=6 stage=11 hp=100%
[siege-trace] t137d__15 t=46504 (28,10) map=1 stage=11 hp=92%
[siege-trace] t137d__08 t=46504 (28,10) map=1 stage=11 hp=100%
[siege-trace] t137d__01 t=46504 (28,10) map=6 stage=11 hp=100%
[siege-trace] t137d__00 t=46504 (28,10) map=6 stage=11 hp=100%
[siege-trace] t137d__11 t=46504 (28,10) map=6 stage=11 hp=100%
[siege-trace] t137d__09 t=46504 (28,10) map=6 stage=11 hp=106%
[siege-trace] t137d__06 t=46504 (28,10) map=6 stage=11 hp=100%
[siege-trace] t137d__12 t=46504 (28,10) map=6 stage=11 hp=106%
[siege-trace] t137d__13 t=46505 (28,10) map=6 stage=11 hp=100%
[siege-trace] t137d__10 t=46505 (28,10) map=6 stage=11 hp=100%
[siege-trace] t137d__05 t=46506 (28,10) map=6 stage=11 hp=100%
[siege-trace] t137d__03 t=46506 (28,10) map=6 stage=11 hp=100%
[siege-trace] t137d__14 t=46506 (28,10) map=6 stage=11 hp=100%
[siege-trace] t137d__02 t=46506 (28,10) map=6 stage=11 hp=100%
[siege-trace] t137d__07 t=46507 (28,10) map=6 stage=11 hp=100%
[siege-trace] t137d__04 t=46533 (28,10) map=6 stage=11 hp=100%
[siege-trace] t137d__15 t=46534 (28,10) map=1 stage=11 hp=89%
[siege-trace] t137d__08 t=46534 (28,10) map=1 stage=11 hp=100%
[siege-trace] t137d__01 t=46534 (28,10) map=6 stage=11 hp=100%
[siege-trace] t137d__00 t=46534 (28,10) map=6 stage=11 hp=100%
[siege-trace] t137d__11 t=46534 (28,10) map=6 stage=11 hp=100%
[siege-trace] t137d__09 t=46534 (28,10) map=6 stage=11 hp=106%
[siege-trace] t137d__06 t=46534 (28,10) map=6 stage=11 hp=100%
[siege-trace] t137d__12 t=46534 (28,10) map=6 stage=11 hp=106%
[siege-trace] t137d__13 t=46535 (28,10) map=6 stage=11 hp=100%
[siege-trace] t137d__10 t=46535 (28,10) map=6 stage=11 hp=100%
[siege-trace] t137d__05 t=46536 (28,10) map=6 stage=11 hp=100%
[siege-trace] t137d__03 t=46536 (28,10) map=6 stage=11 hp=100%
[siege-trace] t137d__14 t=46536 (28,10) map=6 stage=11 hp=100%
[siege-trace] t137d__02 t=46536 (28,10) map=6 stage=11 hp=100%
[siege-trace] t137d__07 t=46537 (28,10) map=6 stage=11 hp=100%
[siege-trace] t137d__04 t=46563 (28,10) map=6 stage=11 hp=100%
[siege-trace] t137d__15 t=46564 (28,10) map=1 stage=11 hp=96%
[siege-trace] t137d__08 t=46564 (28,10) map=1 stage=11 hp=100%
[siege-trace] t137d__01 t=46564 (28,10) map=6 stage=11 hp=100%
[siege-trace] t137d__00 t=46564 (28,10) map=6 stage=11 hp=100%
[siege-trace] t137d__11 t=46564 (28,10) map=6 stage=11 hp=100%
[siege-trace] t137d__09 t=46564 (28,10) map=6 stage=11 hp=106%
[siege-trace] t137d__06 t=46564 (28,10) map=6 stage=11 hp=100%
[siege-trace] t137d__12 t=46564 (28,10) map=6 stage=11 hp=106%
[siege-trace] t137d__13 t=46565 (28,10) map=6 stage=11 hp=100%
[siege-trace] t137d__10 t=46565 (28,10) map=6 stage=11 hp=100%
[siege-trace] t137d__05 t=46566 (28,10) map=6 stage=11 hp=100%
[siege-trace] t137d__03 t=46566 (28,10) map=6 stage=11 hp=100%
[siege-trace] t137d__14 t=46566 (28,10) map=6 stage=11 hp=100%
[siege-trace] t137d__02 t=46566 (28,10) map=6 stage=11 hp=100%
[siege-trace] t137d__07 t=46567 (28,10) map=6 stage=11 hp=100%
[siege-trace] t137d__04 t=46593 (28,10) map=6 stage=11 hp=100%
[siege-trace] t137d__15 t=46594 (28,10) map=1 stage=11 hp=95%
[siege-trace] t137d__08 t=46594 (28,10) map=1 stage=11 hp=100%
[siege-trace] t137d__01 t=46594 (28,10) map=6 stage=11 hp=100%
[siege-trace] t137d__00 t=46594 (28,10) map=6 stage=11 hp=100%
[siege-trace] t137d__11 t=46594 (28,10) map=6 stage=11 hp=100%
[siege-trace] t137d__09 t=46594 (28,10) map=6 stage=11 hp=106%
[siege-trace] t137d__06 t=46594 (28,10) map=6 stage=11 hp=100%
[siege-trace] t137d__12 t=46594 (28,10) map=6 stage=11 hp=106%
[siege-trace] t137d__13 t=46595 (28,10) map=6 stage=11 hp=100%
[siege-trace] t137d__10 t=46595 (28,10) map=6 stage=11 hp=100%
[siege-trace] t137d__05 t=46596 (28,10) map=6 stage=11 hp=100%
[siege-trace] t137d__03 t=46596 (28,10) map=6 stage=11 hp=100%
[siege-trace] t137d__14 t=46596 (28,10) map=6 stage=11 hp=100%
[siege-trace] t137d__02 t=46596 (28,10) map=6 stage=11 hp=100%
[siege-trace] t137d__07 t=46597 (28,10) map=6 stage=11 hp=100%
[siege-trace] t137d__04 t=46623 (28,10) map=6 stage=11 hp=100%
[siege-trace] t137d__15 t=46624 (28,10) map=1 stage=11 hp=95%
[siege-trace] t137d__08 t=46624 (28,10) map=1 stage=11 hp=100%
[siege-trace] t137d__01 t=46624 (28,10) map=6 stage=11 hp=100%
[siege-trace] t137d__00 t=46624 (28,10) map=6 stage=11 hp=100%
[siege-trace] t137d__11 t=46624 (28,10) map=6 stage=11 hp=100%
[siege-trace] t137d__09 t=46624 (28,10) map=6 stage=11 hp=106%
[siege-trace] t137d__06 t=46624 (28,10) map=6 stage=11 hp=100%
[siege-trace] t137d__12 t=46624 (28,10) map=6 stage=11 hp=106%
[siege-trace] t137d__13 t=46625 (28,10) map=6 stage=11 hp=100%
[siege-trace] t137d__10 t=46625 (28,10) map=6 stage=11 hp=100%
[siege-trace] t137d__05 t=46626 (28,10) map=6 stage=11 hp=100%
[siege-trace] t137d__03 t=46626 (28,10) map=6 stage=11 hp=100%
[siege-trace] t137d__14 t=46626 (28,10) map=6 stage=11 hp=100%
[siege-trace] t137d__02 t=46626 (28,10) map=6 stage=11 hp=100%
[siege-trace] t137d__07 t=46627 (28,10) map=6 stage=11 hp=100%
[siege-trace] t137d__04 t=46653 (28,10) map=6 stage=11 hp=100%
[siege-trace] t137d__15 t=46654 (28,10) map=1 stage=11 hp=100%
[siege-trace] t137d__08 t=46654 (28,10) map=1 stage=11 hp=100%
[siege-trace] t137d__01 t=46654 (28,10) map=6 stage=11 hp=100%
[siege-trace] t137d__00 t=46654 (28,10) map=6 stage=11 hp=100%
[siege-trace] t137d__11 t=46654 (28,10) map=6 stage=11 hp=100%
[siege-trace] t137d__09 t=46654 (28,10) map=6 stage=11 hp=106%
[siege-trace] t137d__06 t=46654 (28,10) map=6 stage=11 hp=100%
[siege-trace] t137d__12 t=46654 (28,10) map=6 stage=11 hp=106%
[siege-trace] t137d__13 t=46655 (28,10) map=6 stage=11 hp=100%
[siege-trace] t137d__10 t=46655 (28,10) map=6 stage=11 hp=100%
[siege-trace] t137d__05 t=46656 (28,10) map=6 stage=11 hp=100%
[siege-trace] t137d__03 t=46656 (28,10) map=6 stage=11 hp=100%
[siege-trace] t137d__14 t=46656 (28,10) map=6 stage=11 hp=100%
[siege-trace] t137d__02 t=46656 (28,10) map=6 stage=11 hp=100%
[siege-trace] t137d__07 t=46657 (28,10) map=6 stage=11 hp=100%
[siege-trace] t137d__04 t=46683 (28,10) map=6 stage=11 hp=100%
[siege-trace] t137d__15 t=46684 (28,10) map=1 stage=11 hp=94%
[siege-trace] t137d__08 t=46684 (28,10) map=1 stage=11 hp=100%
[siege-trace] t137d__01 t=46684 (28,10) map=6 stage=11 hp=100%
[siege-trace] t137d__00 t=46684 (28,10) map=6 stage=11 hp=100%
[siege-trace] t137d__11 t=46684 (28,10) map=6 stage=11 hp=100%
[siege-trace] t137d__09 t=46684 (28,10) map=6 stage=11 hp=106%
[siege-trace] t137d__06 t=46684 (28,10) map=6 stage=11 hp=100%
[siege-trace] t137d__12 t=46684 (28,10) map=6 stage=11 hp=106%
[siege-trace] t137d__13 t=46685 (28,10) map=6 stage=11 hp=100%
[siege-trace] t137d__10 t=46685 (28,10) map=6 stage=11 hp=100%
[siege-trace] t137d__05 t=46686 (28,10) map=6 stage=11 hp=100%
[siege-trace] t137d__03 t=46686 (28,10) map=6 stage=11 hp=100%
[siege-trace] t137d__14 t=46686 (28,10) map=6 stage=11 hp=100%
[siege-trace] t137d__02 t=46686 (28,10) map=6 stage=11 hp=100%
[siege-trace] t137d__07 t=46687 (28,10) map=6 stage=11 hp=100%
[siege-trace] t137d__04 t=46713 (28,10) map=6 stage=11 hp=100%
[siege-trace] t137d__15 t=46714 (28,10) map=1 stage=11 hp=86%
[siege-trace] t137d__08 t=46714 (28,10) map=1 stage=11 hp=100%
[siege-trace] t137d__01 t=46714 (28,10) map=6 stage=11 hp=100%
[siege-trace] t137d__00 t=46714 (28,10) map=6 stage=11 hp=100%
[siege-trace] t137d__11 t=46714 (28,10) map=6 stage=11 hp=100%
[siege-trace] t137d__09 t=46714 (28,10) map=6 stage=11 hp=106%
[siege-trace] t137d__06 t=46714 (28,10) map=6 stage=11 hp=100%
[siege-trace] t137d__12 t=46714 (28,10) map=6 stage=11 hp=106%
[siege-trace] t137d__13 t=46715 (28,10) map=6 stage=11 hp=100%
[siege-trace] t137d__10 t=46715 (28,10) map=6 stage=11 hp=100%
[siege-trace] t137d__05 t=46716 (28,10) map=6 stage=11 hp=100%
[siege-trace] t137d__03 t=46716 (28,10) map=6 stage=11 hp=100%
[siege-trace] t137d__14 t=46716 (28,10) map=6 stage=11 hp=100%
[siege-trace] t137d__02 t=46716 (28,10) map=6 stage=11 hp=100%
[siege-trace] t137d__07 t=46717 (28,10) map=6 stage=11 hp=100%
[siege-trace] t137d__04 t=46743 (28,10) map=6 stage=11 hp=100%
[siege-trace] t137d__15 t=46744 (28,10) map=1 stage=11 hp=94%
[siege-trace] t137d__08 t=46744 (28,10) map=1 stage=11 hp=100%
[siege-trace] t137d__01 t=46744 (28,10) map=6 stage=11 hp=100%
[siege-trace] t137d__00 t=46744 (28,10) map=6 stage=11 hp=100%
[siege-trace] t137d__11 t=46744 (28,10) map=6 stage=11 hp=100%
[siege-trace] t137d__09 t=46744 (28,10) map=6 stage=11 hp=106%
[siege-trace] t137d__06 t=46744 (28,10) map=6 stage=11 hp=100%
[siege-trace] t137d__12 t=46744 (28,10) map=6 stage=11 hp=106%
[siege-trace] t137d__13 t=46745 (28,10) map=6 stage=11 hp=100%
[siege-trace] t137d__10 t=46745 (28,10) map=6 stage=11 hp=100%
[siege-trace] t137d__05 t=46746 (28,10) map=6 stage=11 hp=100%
[siege-trace] t137d__03 t=46746 (28,10) map=6 stage=11 hp=100%
[siege-trace] t137d__14 t=46746 (28,10) map=6 stage=11 hp=100%
[siege-trace] t137d__02 t=46746 (28,10) map=6 stage=11 hp=100%
[siege-trace] t137d__07 t=46747 (28,10) map=6 stage=11 hp=100%
[bots] CRYPT bossSeen=90 bossKills=0 curse=0 slam=0
[bots] SIEGE reg=0 breach=0 crown=0
[bots] SUMMARY welcomed=16/16 moved=16/16 minDeltas=18000 kills=14 pots=0 swings=0 deaths=4 shops=0 anvilTries=0 levelDrops=0 regear=0 maxLevel=15 pkts=10106519 bytes=242210694 gates b/g/p/a/r=0/0/0/0/0 mGold=0 mPelts=0 bless=0 mend=0 noSee=0 hurt=0 choir c6=0 c7=0 c8=0
[bots] t137d__00    kit=1 lvl=15 hp=274/274 party=0 deaths=0 rxR=899 rxM=0 lastPid=0 casts c6=0 c7=0 c8=0 bossSeen=6 bossKills=0 curse=0 slam=0 lastDeath=(-1,-1) killerByLvl=
[bots] t137d__01    kit=1 lvl=15 hp=274/274 party=0 deaths=0 rxR=899 rxM=0 lastPid=0 casts c6=0 c7=0 c8=0 bossSeen=6 bossKills=0 curse=0 slam=0 lastDeath=(-1,-1) killerByLvl=
[bots] t137d__02    kit=1 lvl=15 hp=274/274 party=0 deaths=0 rxR=899 rxM=0 lastPid=0 casts c6=0 c7=0 c8=0 bossSeen=6 bossKills=0 curse=0 slam=0 lastDeath=(-1,-1) killerByLvl=
[bots] t137d__03    kit=1 lvl=15 hp=274/274 party=0 deaths=0 rxR=899 rxM=0 lastPid=0 casts c6=0 c7=0 c8=0 bossSeen=6 bossKills=0 curse=0 slam=0 lastDeath=(-1,-1) killerByLvl=
[bots] t137d__04    kit=1 lvl=15 hp=274/274 party=0 deaths=0 rxR=899 rxM=0 lastPid=0 casts c6=0 c7=0 c8=0 bossSeen=6 bossKills=0 curse=0 slam=0 lastDeath=(-1,-1) killerByLvl=
[bots] t137d__05    kit=1 lvl=15 hp=274/274 party=0 deaths=0 rxR=899 rxM=0 lastPid=0 casts c6=0 c7=0 c8=0 bossSeen=6 bossKills=0 curse=0 slam=0 lastDeath=(-1,-1) killerByLvl=
[bots] t137d__06    kit=1 lvl=1 hp=94/94 party=0 deaths=0 rxR=899 rxM=0 lastPid=0 casts c6=0 c7=0 c8=0 bossSeen=6 bossKills=0 curse=0 slam=0 lastDeath=(-1,-1) killerByLvl=
[bots] t137d__07    kit=1 lvl=1 hp=94/94 party=0 deaths=0 rxR=899 rxM=0 lastPid=0 casts c6=0 c7=0 c8=0 bossSeen=6 bossKills=0 curse=0 slam=0 lastDeath=(-1,-1) killerByLvl=
[bots] t137d__08    kit=1 lvl=1 hp=94/94 party=0 deaths=2 rxR=899 rxM=0 lastPid=0 casts c6=0 c7=0 c8=0 bossSeen=3 bossKills=0 curse=0 slam=0 lastDeath=(27,11) killerByLvl=L3:2
[bots] t137d__09    kit=1 lvl=2 hp=100/94 party=0 deaths=0 rxR=899 rxM=0 lastPid=0 casts c6=0 c7=0 c8=0 bossSeen=6 bossKills=0 curse=0 slam=0 lastDeath=(-1,-1) killerByLvl=
[bots] t137d__10    kit=1 lvl=1 hp=94/94 party=0 deaths=0 rxR=899 rxM=0 lastPid=0 casts c6=0 c7=0 c8=0 bossSeen=6 bossKills=0 curse=0 slam=0 lastDeath=(-1,-1) killerByLvl=
[bots] t137d__11    kit=1 lvl=1 hp=94/94 party=0 deaths=0 rxR=899 rxM=0 lastPid=0 casts c6=0 c7=0 c8=0 bossSeen=6 bossKills=0 curse=0 slam=0 lastDeath=(-1,-1) killerByLvl=
[bots] t137d__12    kit=1 lvl=2 hp=100/94 party=0 deaths=0 rxR=899 rxM=0 lastPid=0 casts c6=0 c7=0 c8=0 bossSeen=6 bossKills=0 curse=0 slam=0 lastDeath=(-1,-1) killerByLvl=
[bots] t137d__13    kit=1 lvl=1 hp=94/94 party=0 deaths=0 rxR=899 rxM=0 lastPid=0 casts c6=0 c7=0 c8=0 bossSeen=6 bossKills=0 curse=0 slam=0 lastDeath=(-1,-1) killerByLvl=
[bots] t137d__14    kit=1 lvl=1 hp=94/94 party=0 deaths=0 rxR=899 rxM=0 lastPid=0 casts c6=0 c7=0 c8=0 bossSeen=6 bossKills=0 curse=0 slam=0 lastDeath=(-1,-1) killerByLvl=
[bots] t137d__15    kit=1 lvl=1 hp=94/94 party=0 deaths=2 rxR=899 rxM=0 lastPid=0 casts c6=0 c7=0 c8=0 bossSeen=3 bossKills=0 curse=0 slam=0 lastDeath=(28,10) killerByLvl=L5:2
[bots] OK
