[siege-trace] t137d__04 t=47258 (25,16) map=1 stage=0 hp=100%
[siege-trace] t137d__15 t=47258 (36,24) map=1 stage=0 hp=100%
[siege-trace] t137d__08 t=47258 (28,1) map=1 stage=0 hp=100%
[siege-trace] t137d__01 t=47258 (26,2) map=1 stage=0 hp=100%
[siege-trace] t137d__00 t=47258 (40,26) map=1 stage=0 hp=100%
[siege-trace] t137d__11 t=47258 (57,15) map=1 stage=0 hp=100%
[siege-trace] t137d__09 t=47258 (27,10) map=1 stage=0 hp=100%
[siege-trace] t137d__06 t=47259 (37,12) map=1 stage=0 hp=100%
[siege-trace] t137d__12 t=47259 (43,11) map=1 stage=0 hp=100%
[siege-trace] t137d__13 t=47259 (50,23) map=1 stage=0 hp=100%
[siege-trace] t137d__10 t=47259 (21,26) map=1 stage=0 hp=100%
[siege-trace] t137d__05 t=47260 (20,24) map=1 stage=0 hp=100%
[siege-trace] t137d__03 t=47260 (50,27) map=1 stage=0 hp=100%
[siege-trace] t137d__14 t=47260 (43,21) map=1 stage=0 hp=100%
[siege-trace] t137d__02 t=47260 (34,11) map=1 stage=0 hp=100%
[siege-trace] t137d__07 t=47261 (19,46) map=1 stage=0 hp=100%
[siege-trace] t137d__04 t=47288 (28,10) map=6 stage=11 hp=29%
[siege-trace] t137d__15 t=47288 (28,10) map=6 stage=11 hp=100%
[siege-trace] t137d__08 t=47288 (28,10) map=6 stage=11 hp=100%
[siege-trace] t137d__01 t=47288 (28,10) map=6 stage=11 hp=100%
[siege-trace] t137d__00 t=47288 (28,10) map=6 stage=11 hp=100%
[siege-trace] t137d__11 t=47288 (28,10) map=6 stage=11 hp=99%
[siege-trace] t137d__09 t=47288 (28,10) map=6 stage=11 hp=88%
[siege-trace] t137d__06 t=47289 (28,10) map=6 stage=11 hp=100%
[siege-trace] t137d__12 t=47289 (28,10) map=6 stage=11 hp=99%
[siege-trace] t137d__13 t=47289 (28,10) map=6 stage=11 hp=99%
[siege-trace] t137d__10 t=47289 (28,10) map=6 stage=11 hp=100%
[siege-trace] t137d__05 t=47290 (28,10) map=6 stage=11 hp=100%
[siege-trace] t137d__03 t=47290 (28,10) map=6 stage=11 hp=97%
[siege-trace] t137d__14 t=47290 (28,10) map=6 stage=11 hp=100%
[siege-trace] t137d__02 t=47290 (28,10) map=6 stage=11 hp=100%
[siege-trace] t137d__07 t=47291 (28,10) map=6 stage=11 hp=87%
[siege-trace] t137d__04 t=47318 (28,10) map=6 stage=11 hp=31%
[siege-trace] t137d__15 t=47318 (28,10) map=6 stage=11 hp=100%
[siege-trace] t137d__08 t=47318 (28,10) map=6 stage=11 hp=100%
[siege-trace] t137d__01 t=47318 (28,10) map=6 stage=11 hp=100%
[siege-trace] t137d__00 t=47318 (28,10) map=6 stage=11 hp=100%
[siege-trace] t137d__11 t=47318 (28,10) map=6 stage=11 hp=100%
[siege-trace] t137d__09 t=47318 (28,10) map=6 stage=11 hp=94%
[siege-trace] t137d__06 t=47319 (28,10) map=6 stage=11 hp=100%
[siege-trace] t137d__12 t=47319 (28,10) map=6 stage=11 hp=100%
[siege-trace] t137d__13 t=47319 (28,10) map=6 stage=11 hp=100%
[siege-trace] t137d__10 t=47319 (28,10) map=6 stage=11 hp=100%
[siege-trace] t137d__05 t=47320 (28,10) map=6 stage=11 hp=100%
[siege-trace] t137d__03 t=47320 (28,10) map=6 stage=11 hp=100%
[siege-trace] t137d__14 t=47320 (28,10) map=6 stage=11 hp=100%
[siege-trace] t137d__02 t=47320 (28,10) map=6 stage=11 hp=100%
[siege-trace] t137d__07 t=47321 (28,10) map=6 stage=11 hp=92%
[siege-trace] t137d__04 t=47348 (28,10) map=6 stage=11 hp=33%
[siege-trace] t137d__15 t=47348 (28,10) map=6 stage=11 hp=100%
[siege-trace] t137d__08 t=47348 (28,10) map=6 stage=11 hp=100%
[siege-trace] t137d__01 t=47348 (28,10) map=6 stage=11 hp=100%
[siege-trace] t137d__00 t=47348 (28,10) map=6 stage=11 hp=100%
[siege-trace] t137d__11 t=47348 (28,10) map=6 stage=11 hp=100%
[siege-trace] t137d__09 t=47348 (28,10) map=6 stage=11 hp=99%
[siege-trace] t137d__06 t=47349 (28,10) map=6 stage=11 hp=100%
[siege-trace] t137d__12 t=47349 (28,10) map=6 stage=11 hp=100%
[siege-trace] t137d__13 t=47349 (28,10) map=6 stage=11 hp=100%
[siege-trace] t137d__10 t=47349 (28,10) map=6 stage=11 hp=100%
[siege-trace] t137d__05 t=47350 (28,10) map=6 stage=11 hp=100%
[siege-trace] t137d__03 t=47350 (28,10) map=6 stage=11 hp=100%
[siege-trace] t137d__14 t=47350 (28,10) map=6 stage=11 hp=100%
[siege-trace] t137d__02 t=47350 (28,10) map=6 stage=11 hp=100%
[siege-trace] t137d__07 t=47351 (28,10) map=6 stage=11 hp=98%
[siege-trace] t137d__04 t=47378 (28,10) map=6 stage=11 hp=38%
[siege-trace] t137d__15 t=47378 (28,10) map=6 stage=11 hp=100%
[siege-trace] t137d__08 t=47378 (28,10) map=6 stage=11 hp=100%
[siege-trace] t137d__01 t=47378 (28,10) map=6 stage=11 hp=100%
[siege-trace] t137d__00 t=47378 (28,10) map=6 stage=11 hp=100%
[siege-trace] t137d__11 t=47378 (28,10) map=6 stage=11 hp=100%
[siege-trace] t137d__09 t=47378 (28,10) map=6 stage=11 hp=100%
[siege-trace] t137d__06 t=47379 (28,10) map=6 stage=11 hp=100%
[siege-trace] t137d__12 t=47379 (28,10) map=6 stage=11 hp=100%
[siege-trace] t137d__13 t=47379 (28,10) map=6 stage=11 hp=100%
[siege-trace] t137d__10 t=47379 (28,10) map=6 stage=11 hp=100%
[siege-trace] t137d__05 t=47380 (28,10) map=6 stage=11 hp=100%
[siege-trace] t137d__03 t=47380 (28,10) map=6 stage=11 hp=100%
[siege-trace] t137d__14 t=47380 (28,10) map=6 stage=11 hp=100%
[siege-trace] t137d__02 t=47380 (28,10) map=6 stage=11 hp=100%
[siege-trace] t137d__07 t=47381 (28,10) map=6 stage=11 hp=100%
[siege-trace] t137d__04 t=47408 (28,10) map=6 stage=11 hp=44%
[siege-trace] t137d__15 t=47408 (28,10) map=6 stage=11 hp=100%
[siege-trace] t137d__08 t=47408 (28,10) map=6 stage=11 hp=100%
[siege-trace] t137d__01 t=47408 (28,10) map=6 stage=11 hp=100%
[siege-trace] t137d__00 t=47408 (28,10) map=6 stage=11 hp=100%
[siege-trace] t137d__11 t=47408 (28,10) map=6 stage=11 hp=100%
[siege-trace] t137d__09 t=47408 (28,10) map=6 stage=11 hp=100%
[siege-trace] t137d__06 t=47409 (28,10) map=6 stage=11 hp=100%
[siege-trace] t137d__12 t=47409 (28,10) map=6 stage=11 hp=100%
[siege-trace] t137d__13 t=47409 (28,10) map=6 stage=11 hp=100%
[siege-trace] t137d__10 t=47409 (28,10) map=6 stage=11 hp=100%
[siege-trace] t137d__05 t=47410 (28,10) map=6 stage=11 hp=100%
[siege-trace] t137d__03 t=47410 (28,10) map=6 stage=11 hp=100%
[siege-trace] t137d__14 t=47410 (28,10) map=6 stage=11 hp=100%
[siege-trace] t137d__02 t=47410 (28,10) map=6 stage=11 hp=100%
[siege-trace] t137d__07 t=47411 (28,10) map=6 stage=11 hp=100%
[siege-trace] t137d__04 t=47438 (28,10) map=6 stage=11 hp=49%
[siege-trace] t137d__15 t=47438 (28,10) map=6 stage=11 hp=100%
[siege-trace] t137d__08 t=47438 (28,10) map=6 stage=11 hp=100%
[siege-trace] t137d__01 t=47438 (28,10) map=6 stage=11 hp=100%
[siege-trace] t137d__00 t=47438 (28,10) map=6 stage=11 hp=100%
[siege-trace] t137d__11 t=47438 (28,10) map=6 stage=11 hp=100%
[siege-trace] t137d__09 t=47438 (28,10) map=6 stage=11 hp=100%
[siege-trace] t137d__06 t=47439 (28,10) map=6 stage=11 hp=100%
[siege-trace] t137d__12 t=47439 (28,10) map=6 stage=11 hp=100%
[siege-trace] t137d__13 t=47439 (28,10) map=6 stage=11 hp=100%
[siege-trace] t137d__10 t=47439 (28,10) map=6 stage=11 hp=100%
[siege-trace] t137d__05 t=47440 (28,10) map=6 stage=11 hp=100%
[siege-trace] t137d__03 t=47440 (28,10) map=6 stage=11 hp=100%
[siege-trace] t137d__14 t=47440 (28,10) map=6 stage=11 hp=100%
[siege-trace] t137d__02 t=47440 (28,10) map=6 stage=11 hp=100%
[siege-trace] t137d__07 t=47441 (28,10) map=6 stage=11 hp=100%
[siege-trace] t137d__04 t=47468 (28,10) map=6 stage=11 hp=55%
[siege-trace] t137d__15 t=47468 (28,10) map=6 stage=11 hp=100%
[siege-trace] t137d__08 t=47468 (28,10) map=6 stage=11 hp=100%
[siege-trace] t137d__01 t=47468 (28,10) map=6 stage=11 hp=100%
[siege-trace] t137d__00 t=47468 (28,10) map=6 stage=11 hp=100%
[siege-trace] t137d__11 t=47468 (28,10) map=6 stage=11 hp=100%
[siege-trace] t137d__09 t=47468 (28,10) map=6 stage=11 hp=100%
[siege-trace] t137d__06 t=47469 (28,10) map=6 stage=11 hp=100%
[siege-trace] t137d__12 t=47469 (28,10) map=6 stage=11 hp=100%
[siege-trace] t137d__13 t=47469 (28,10) map=6 stage=11 hp=100%
[siege-trace] t137d__10 t=47469 (28,10) map=6 stage=11 hp=100%
[siege-trace] t137d__05 t=47470 (28,10) map=6 stage=11 hp=100%
[siege-trace] t137d__03 t=47470 (28,10) map=6 stage=11 hp=100%
[siege-trace] t137d__14 t=47470 (28,10) map=6 stage=11 hp=100%
[siege-trace] t137d__02 t=47470 (28,10) map=6 stage=11 hp=100%
[siege-trace] t137d__07 t=47471 (28,10) map=6 stage=11 hp=100%
[siege-trace] t137d__04 t=47498 (28,10) map=6 stage=11 hp=60%
[siege-trace] t137d__15 t=47498 (28,10) map=6 stage=11 hp=100%
[siege-trace] t137d__08 t=47498 (28,10) map=6 stage=11 hp=100%
[siege-trace] t137d__01 t=47498 (28,10) map=6 stage=11 hp=100%
[siege-trace] t137d__00 t=47498 (28,10) map=6 stage=11 hp=100%
[siege-trace] t137d__11 t=47498 (28,10) map=6 stage=11 hp=100%
[siege-trace] t137d__09 t=47498 (28,10) map=6 stage=11 hp=100%
[siege-trace] t137d__06 t=47499 (28,10) map=6 stage=11 hp=100%
[siege-trace] t137d__12 t=47499 (28,10) map=6 stage=11 hp=100%
[siege-trace] t137d__13 t=47499 (28,10) map=6 stage=11 hp=100%
[siege-trace] t137d__10 t=47499 (28,10) map=6 stage=11 hp=100%
[siege-trace] t137d__05 t=47500 (28,10) map=6 stage=11 hp=100%
[siege-trace] t137d__03 t=47500 (28,10) map=6 stage=11 hp=100%
[siege-trace] t137d__14 t=47500 (28,10) map=6 stage=11 hp=100%
[siege-trace] t137d__02 t=47500 (28,10) map=6 stage=11 hp=100%
[siege-trace] t137d__07 t=47501 (28,10) map=6 stage=11 hp=100%
[siege-trace] t137d__04 t=47528 (28,10) map=6 stage=11 hp=66%
[siege-trace] t137d__15 t=47528 (28,10) map=6 stage=11 hp=100%
[siege-trace] t137d__08 t=47528 (28,10) map=6 stage=11 hp=100%
[siege-trace] t137d__01 t=47528 (28,10) map=6 stage=11 hp=100%
[siege-trace] t137d__00 t=47528 (28,10) map=6 stage=11 hp=100%
[siege-trace] t137d__11 t=47528 (28,10) map=6 stage=11 hp=100%
[siege-trace] t137d__09 t=47528 (28,10) map=6 stage=11 hp=100%
[siege-trace] t137d__06 t=47529 (28,10) map=6 stage=11 hp=100%
[siege-trace] t137d__12 t=47529 (28,10) map=6 stage=11 hp=100%
[siege-trace] t137d__13 t=47529 (28,10) map=6 stage=11 hp=100%
[siege-trace] t137d__10 t=47529 (28,10) map=6 stage=11 hp=100%
[siege-trace] t137d__05 t=47530 (28,10) map=6 stage=11 hp=100%
[siege-trace] t137d__03 t=47530 (28,10) map=6 stage=11 hp=100%
[siege-trace] t137d__14 t=47530 (28,10) map=6 stage=11 hp=100%
[siege-trace] t137d__02 t=47530 (28,10) map=6 stage=11 hp=100%
[siege-trace] t137d__07 t=47531 (28,10) map=6 stage=11 hp=100%
[siege-trace] t137d__04 t=47558 (28,10) map=6 stage=11 hp=71%
[siege-trace] t137d__15 t=47558 (28,10) map=6 stage=11 hp=100%
[siege-trace] t137d__08 t=47558 (28,10) map=6 stage=11 hp=100%
[siege-trace] t137d__01 t=47558 (28,10) map=6 stage=11 hp=100%
[siege-trace] t137d__00 t=47558 (28,10) map=6 stage=11 hp=100%
[siege-trace] t137d__11 t=47558 (28,10) map=6 stage=11 hp=100%
[siege-trace] t137d__09 t=47558 (28,10) map=6 stage=11 hp=100%
[siege-trace] t137d__06 t=47559 (28,10) map=6 stage=11 hp=100%
[siege-trace] t137d__12 t=47559 (28,10) map=6 stage=11 hp=100%
[siege-trace] t137d__13 t=47559 (28,10) map=6 stage=11 hp=100%
[siege-trace] t137d__10 t=47559 (28,10) map=6 stage=11 hp=100%
[siege-trace] t137d__05 t=47560 (28,10) map=6 stage=11 hp=100%
[siege-trace] t137d__03 t=47560 (28,10) map=6 stage=11 hp=100%
[siege-trace] t137d__14 t=47560 (28,10) map=6 stage=11 hp=100%
[siege-trace] t137d__02 t=47560 (28,10) map=6 stage=11 hp=100%
[siege-trace] t137d__07 t=47561 (28,10) map=6 stage=11 hp=100%
[siege-trace] t137d__04 t=47588 (28,10) map=6 stage=11 hp=77%
[siege-trace] t137d__15 t=47588 (28,10) map=6 stage=11 hp=100%
[siege-trace] t137d__08 t=47588 (28,10) map=6 stage=11 hp=100%
[siege-trace] t137d__01 t=47588 (28,10) map=6 stage=11 hp=100%
[siege-trace] t137d__00 t=47588 (28,10) map=6 stage=11 hp=100%
[siege-trace] t137d__11 t=47588 (28,10) map=6 stage=11 hp=100%
[siege-trace] t137d__09 t=47588 (28,10) map=6 stage=11 hp=100%
[siege-trace] t137d__06 t=47589 (28,10) map=6 stage=11 hp=100%
[siege-trace] t137d__12 t=47589 (28,10) map=6 stage=11 hp=100%
[siege-trace] t137d__13 t=47589 (28,10) map=6 stage=11 hp=100%
[siege-trace] t137d__10 t=47589 (28,10) map=6 stage=11 hp=100%
[siege-trace] t137d__05 t=47590 (28,10) map=6 stage=11 hp=100%
[siege-trace] t137d__03 t=47590 (28,10) map=6 stage=11 hp=100%
[siege-trace] t137d__14 t=47590 (28,10) map=6 stage=11 hp=100%
[siege-trace] t137d__02 t=47590 (28,10) map=6 stage=11 hp=100%
[siege-trace] t137d__07 t=47591 (28,10) map=6 stage=11 hp=100%
[siege-trace] t137d__04 t=47618 (28,10) map=6 stage=11 hp=82%
[siege-trace] t137d__15 t=47618 (28,10) map=6 stage=11 hp=100%
[siege-trace] t137d__08 t=47618 (28,10) map=6 stage=11 hp=100%
[siege-trace] t137d__01 t=47618 (28,10) map=6 stage=11 hp=100%
[siege-trace] t137d__00 t=47618 (28,10) map=6 stage=11 hp=100%
[siege-trace] t137d__11 t=47618 (28,10) map=6 stage=11 hp=100%
[siege-trace] t137d__09 t=47618 (28,10) map=6 stage=11 hp=100%
[siege-trace] t137d__06 t=47619 (28,10) map=6 stage=11 hp=100%
[siege-trace] t137d__12 t=47619 (28,10) map=6 stage=11 hp=100%
[siege-trace] t137d__13 t=47619 (28,10) map=6 stage=11 hp=100%
[siege-trace] t137d__10 t=47619 (28,10) map=6 stage=11 hp=100%
[siege-trace] t137d__05 t=47620 (28,10) map=6 stage=11 hp=100%
[siege-trace] t137d__03 t=47620 (28,10) map=6 stage=11 hp=100%
[siege-trace] t137d__14 t=47620 (28,10) map=6 stage=11 hp=100%
[siege-trace] t137d__02 t=47620 (28,10) map=6 stage=11 hp=100%
[siege-trace] t137d__07 t=47621 (28,10) map=6 stage=11 hp=100%
[siege-trace] t137d__04 t=47648 (28,10) map=6 stage=11 hp=87%
[siege-trace] t137d__15 t=47648 (28,10) map=6 stage=11 hp=100%
[siege-trace] t137d__08 t=47648 (28,10) map=6 stage=11 hp=100%
[siege-trace] t137d__01 t=47648 (28,10) map=6 stage=11 hp=100%
[siege-trace] t137d__00 t=47648 (28,10) map=6 stage=11 hp=100%
[siege-trace] t137d__11 t=47648 (28,10) map=6 stage=11 hp=100%
[siege-trace] t137d__09 t=47648 (28,10) map=6 stage=11 hp=100%
[siege-trace] t137d__06 t=47649 (28,10) map=6 stage=11 hp=100%
[siege-trace] t137d__12 t=47649 (28,10) map=6 stage=11 hp=100%
[siege-trace] t137d__13 t=47649 (28,10) map=6 stage=11 hp=100%
[siege-trace] t137d__10 t=47649 (28,10) map=6 stage=11 hp=100%
[siege-trace] t137d__05 t=47650 (28,10) map=6 stage=11 hp=100%
[siege-trace] t137d__03 t=47650 (28,10) map=6 stage=11 hp=100%
[siege-trace] t137d__14 t=47650 (28,10) map=6 stage=11 hp=100%
[siege-trace] t137d__02 t=47650 (28,10) map=6 stage=11 hp=100%
[siege-trace] t137d__07 t=47651 (28,10) map=6 stage=11 hp=100%
[siege-trace] t137d__04 t=47678 (28,10) map=6 stage=11 hp=93%
[siege-trace] t137d__15 t=47678 (28,10) map=6 stage=11 hp=100%
[siege-trace] t137d__08 t=47678 (28,10) map=6 stage=11 hp=100%
[siege-trace] t137d__01 t=47678 (28,10) map=6 stage=11 hp=100%
[siege-trace] t137d__00 t=47678 (28,10) map=6 stage=11 hp=100%
[siege-trace] t137d__11 t=47678 (28,10) map=6 stage=11 hp=100%
[siege-trace] t137d__09 t=47678 (28,10) map=6 stage=11 hp=100%
[siege-trace] t137d__06 t=47679 (28,10) map=6 stage=11 hp=100%
[siege-trace] t137d__12 t=47679 (28,10) map=6 stage=11 hp=100%
[siege-trace] t137d__13 t=47679 (28,10) map=6 stage=11 hp=100%
[siege-trace] t137d__10 t=47679 (28,10) map=6 stage=11 hp=100%
[siege-trace] t137d__05 t=47680 (28,10) map=6 stage=11 hp=100%
[siege-trace] t137d__03 t=47680 (28,10) map=6 stage=11 hp=100%
[siege-trace] t137d__14 t=47680 (28,10) map=6 stage=11 hp=100%
[siege-trace] t137d__02 t=47680 (28,10) map=6 stage=11 hp=100%
[siege-trace] t137d__07 t=47681 (28,10) map=6 stage=11 hp=100%
[siege-trace] t137d__04 t=47708 (28,10) map=6 stage=11 hp=98%
[siege-trace] t137d__15 t=47708 (28,10) map=6 stage=11 hp=100%
[siege-trace] t137d__08 t=47708 (28,10) map=6 stage=11 hp=100%
[siege-trace] t137d__01 t=47708 (28,10) map=6 stage=11 hp=100%
[siege-trace] t137d__00 t=47708 (28,10) map=6 stage=11 hp=100%
[siege-trace] t137d__11 t=47708 (28,10) map=6 stage=11 hp=100%
[siege-trace] t137d__09 t=47708 (28,10) map=6 stage=11 hp=100%
[siege-trace] t137d__06 t=47709 (28,10) map=6 stage=11 hp=100%
[siege-trace] t137d__12 t=47709 (28,10) map=6 stage=11 hp=100%
[siege-trace] t137d__13 t=47709 (28,10) map=6 stage=11 hp=100%
[siege-trace] t137d__10 t=47709 (28,10) map=6 stage=11 hp=100%
[siege-trace] t137d__05 t=47710 (28,10) map=6 stage=11 hp=100%
[siege-trace] t137d__03 t=47710 (28,10) map=6 stage=11 hp=100%
[siege-trace] t137d__14 t=47710 (28,10) map=6 stage=11 hp=100%
[siege-trace] t137d__02 t=47710 (28,10) map=6 stage=11 hp=100%
[siege-trace] t137d__07 t=47711 (28,10) map=6 stage=11 hp=100%
[siege-trace] t137d__04 t=47738 (28,10) map=6 stage=11 hp=100%
[siege-trace] t137d__15 t=47738 (28,10) map=6 stage=11 hp=100%
[siege-trace] t137d__08 t=47738 (28,10) map=6 stage=11 hp=100%
[siege-trace] t137d__01 t=47738 (28,10) map=6 stage=11 hp=100%
[siege-trace] t137d__00 t=47738 (28,10) map=6 stage=11 hp=100%
[siege-trace] t137d__11 t=47738 (28,10) map=6 stage=11 hp=100%
[siege-trace] t137d__09 t=47738 (28,10) map=6 stage=11 hp=100%
[siege-trace] t137d__06 t=47739 (28,10) map=6 stage=11 hp=100%
[siege-trace] t137d__12 t=47739 (28,10) map=6 stage=11 hp=100%
[siege-trace] t137d__13 t=47739 (28,10) map=6 stage=11 hp=100%
[siege-trace] t137d__10 t=47739 (28,10) map=6 stage=11 hp=100%
[siege-trace] t137d__05 t=47740 (28,10) map=6 stage=11 hp=100%
[siege-trace] t137d__03 t=47740 (28,10) map=6 stage=11 hp=100%
[siege-trace] t137d__14 t=47740 (28,10) map=6 stage=11 hp=100%
[siege-trace] t137d__02 t=47740 (28,10) map=6 stage=11 hp=100%
[siege-trace] t137d__07 t=47741 (28,10) map=6 stage=11 hp=100%
[siege-trace] t137d__04 t=47768 (28,10) map=6 stage=11 hp=100%
[siege-trace] t137d__15 t=47768 (28,10) map=6 stage=11 hp=100%
[siege-trace] t137d__08 t=47768 (28,10) map=6 stage=11 hp=100%
[siege-trace] t137d__01 t=47768 (28,10) map=6 stage=11 hp=100%
[siege-trace] t137d__00 t=47768 (28,10) map=6 stage=11 hp=100%
[siege-trace] t137d__11 t=47768 (28,10) map=6 stage=11 hp=100%
[siege-trace] t137d__09 t=47768 (28,10) map=6 stage=11 hp=100%
[siege-trace] t137d__06 t=47769 (28,10) map=6 stage=11 hp=100%
[siege-trace] t137d__12 t=47769 (28,10) map=6 stage=11 hp=100%
[siege-trace] t137d__13 t=47769 (28,10) map=6 stage=11 hp=100%
[siege-trace] t137d__10 t=47769 (28,10) map=6 stage=11 hp=100%
[siege-trace] t137d__05 t=47770 (28,10) map=6 stage=11 hp=100%
[siege-trace] t137d__03 t=47770 (28,10) map=6 stage=11 hp=100%
[siege-trace] t137d__14 t=47770 (28,10) map=6 stage=11 hp=100%
[siege-trace] t137d__02 t=47770 (28,10) map=6 stage=11 hp=100%
[siege-trace] t137d__07 t=47771 (28,10) map=6 stage=11 hp=100%
[siege-trace] t137d__04 t=47798 (28,10) map=6 stage=11 hp=100%
[siege-trace] t137d__15 t=47798 (28,10) map=6 stage=11 hp=100%
[siege-trace] t137d__08 t=47798 (28,10) map=6 stage=11 hp=100%
[siege-trace] t137d__01 t=47798 (28,10) map=6 stage=11 hp=100%
[siege-trace] t137d__00 t=47798 (28,10) map=6 stage=11 hp=100%
[siege-trace] t137d__11 t=47798 (28,10) map=6 stage=11 hp=100%
[siege-trace] t137d__09 t=47798 (28,10) map=6 stage=11 hp=100%
[siege-trace] t137d__06 t=47799 (28,10) map=6 stage=11 hp=100%
[siege-trace] t137d__12 t=47799 (28,10) map=6 stage=11 hp=100%
[siege-trace] t137d__13 t=47799 (28,10) map=6 stage=11 hp=100%
[siege-trace] t137d__10 t=47799 (28,10) map=6 stage=11 hp=100%
[siege-trace] t137d__05 t=47800 (28,10) map=6 stage=11 hp=100%
[siege-trace] t137d__03 t=47800 (28,10) map=6 stage=11 hp=100%
[siege-trace] t137d__14 t=47800 (28,10) map=6 stage=11 hp=100%
[siege-trace] t137d__02 t=47800 (28,10) map=6 stage=11 hp=100%
[siege-trace] t137d__07 t=47801 (28,10) map=6 stage=11 hp=100%
[siege-trace] t137d__04 t=47828 (28,10) map=6 stage=11 hp=100%
[siege-trace] t137d__15 t=47828 (28,10) map=6 stage=11 hp=100%
[siege-trace] t137d__08 t=47828 (28,10) map=6 stage=11 hp=100%
[siege-trace] t137d__01 t=47828 (28,10) map=6 stage=11 hp=100%
[siege-trace] t137d__00 t=47828 (28,10) map=6 stage=11 hp=100%
[siege-trace] t137d__11 t=47828 (28,10) map=6 stage=11 hp=100%
[siege-trace] t137d__09 t=47828 (28,10) map=6 stage=11 hp=100%
[siege-trace] t137d__06 t=47829 (28,10) map=6 stage=11 hp=100%
[siege-trace] t137d__12 t=47829 (28,10) map=6 stage=11 hp=100%
[siege-trace] t137d__13 t=47829 (28,10) map=6 stage=11 hp=100%
[siege-trace] t137d__10 t=47829 (28,10) map=6 stage=11 hp=100%
[siege-trace] t137d__05 t=47830 (28,10) map=6 stage=11 hp=100%
[siege-trace] t137d__03 t=47830 (28,10) map=6 stage=11 hp=100%
[siege-trace] t137d__14 t=47830 (28,10) map=6 stage=11 hp=100%
[siege-trace] t137d__02 t=47830 (28,10) map=6 stage=11 hp=100%
[siege-trace] t137d__07 t=47831 (28,10) map=6 stage=11 hp=100%
[siege-trace] t137d__04 t=47858 (28,10) map=6 stage=11 hp=100%
[siege-trace] t137d__15 t=47858 (28,10) map=6 stage=11 hp=100%
[siege-trace] t137d__08 t=47858 (28,10) map=6 stage=11 hp=100%
[siege-trace] t137d__01 t=47858 (28,10) map=6 stage=11 hp=100%
[siege-trace] t137d__00 t=47858 (28,10) map=6 stage=11 hp=100%
[siege-trace] t137d__11 t=47858 (28,10) map=6 stage=11 hp=100%
[siege-trace] t137d__09 t=47858 (28,10) map=6 stage=11 hp=100%
[siege-trace] t137d__06 t=47859 (28,10) map=6 stage=11 hp=100%
[siege-trace] t137d__12 t=47859 (28,10) map=6 stage=11 hp=100%
[siege-trace] t137d__13 t=47859 (28,10) map=6 stage=11 hp=100%
[siege-trace] t137d__10 t=47859 (28,10) map=6 stage=11 hp=100%
[siege-trace] t137d__05 t=47860 (28,10) map=6 stage=11 hp=100%
[siege-trace] t137d__03 t=47860 (28,10) map=6 stage=11 hp=100%
[siege-trace] t137d__14 t=47860 (28,10) map=6 stage=11 hp=100%
[siege-trace] t137d__02 t=47860 (28,10) map=6 stage=11 hp=100%
[siege-trace] t137d__07 t=47861 (28,10) map=6 stage=11 hp=100%
[siege-trace] t137d__04 t=47888 (28,10) map=6 stage=11 hp=100%
[siege-trace] t137d__15 t=47888 (28,10) map=6 stage=11 hp=100%
[siege-trace] t137d__08 t=47888 (28,10) map=6 stage=11 hp=100%
[siege-trace] t137d__01 t=47888 (28,10) map=6 stage=11 hp=100%
[siege-trace] t137d__00 t=47888 (28,10) map=6 stage=11 hp=100%
[siege-trace] t137d__11 t=47888 (28,10) map=6 stage=11 hp=100%
[siege-trace] t137d__09 t=47888 (28,10) map=6 stage=11 hp=100%
[siege-trace] t137d__06 t=47889 (28,10) map=6 stage=11 hp=100%
[siege-trace] t137d__12 t=47889 (28,10) map=6 stage=11 hp=100%
[siege-trace] t137d__13 t=47889 (28,10) map=6 stage=11 hp=100%
[siege-trace] t137d__10 t=47889 (28,10) map=6 stage=11 hp=100%
[siege-trace] t137d__05 t=47890 (28,10) map=6 stage=11 hp=100%
[siege-trace] t137d__03 t=47890 (28,10) map=6 stage=11 hp=100%
[siege-trace] t137d__14 t=47890 (28,10) map=6 stage=11 hp=100%
[siege-trace] t137d__02 t=47890 (28,10) map=6 stage=11 hp=100%
[siege-trace] t137d__07 t=47891 (28,10) map=6 stage=11 hp=100%
[siege-trace] t137d__04 t=47918 (28,10) map=6 stage=11 hp=100%
[siege-trace] t137d__15 t=47918 (28,10) map=6 stage=11 hp=100%
[siege-trace] t137d__08 t=47918 (28,10) map=6 stage=11 hp=100%
[siege-trace] t137d__01 t=47918 (28,10) map=6 stage=11 hp=100%
[siege-trace] t137d__00 t=47918 (28,10) map=6 stage=11 hp=100%
[siege-trace] t137d__11 t=47918 (28,10) map=6 stage=11 hp=100%
[siege-trace] t137d__09 t=47918 (28,10) map=6 stage=11 hp=100%
[siege-trace] t137d__06 t=47919 (28,10) map=6 stage=11 hp=100%
[siege-trace] t137d__12 t=47919 (28,10) map=6 stage=11 hp=100%
[siege-trace] t137d__13 t=47919 (28,10) map=6 stage=11 hp=100%
[siege-trace] t137d__10 t=47919 (28,10) map=6 stage=11 hp=100%
[siege-trace] t137d__05 t=47920 (28,10) map=6 stage=11 hp=100%
[siege-trace] t137d__03 t=47920 (28,10) map=6 stage=11 hp=100%
[siege-trace] t137d__14 t=47920 (28,10) map=6 stage=11 hp=100%
[siege-trace] t137d__02 t=47920 (28,10) map=6 stage=11 hp=100%
[siege-trace] t137d__07 t=47921 (28,10) map=6 stage=11 hp=100%
[siege-trace] t137d__04 t=47948 (28,10) map=6 stage=11 hp=100%
[siege-trace] t137d__15 t=47948 (28,10) map=6 stage=11 hp=100%
[siege-trace] t137d__08 t=47948 (28,10) map=6 stage=11 hp=100%
[siege-trace] t137d__01 t=47948 (28,10) map=6 stage=11 hp=100%
[siege-trace] t137d__00 t=47948 (28,10) map=6 stage=11 hp=100%
[siege-trace] t137d__11 t=47948 (28,10) map=6 stage=11 hp=100%
[siege-trace] t137d__09 t=47948 (28,10) map=6 stage=11 hp=100%
[siege-trace] t137d__06 t=47949 (28,10) map=6 stage=11 hp=100%
[siege-trace] t137d__12 t=47949 (28,10) map=6 stage=11 hp=100%
[siege-trace] t137d__13 t=47949 (28,10) map=6 stage=11 hp=100%
[siege-trace] t137d__10 t=47949 (28,10) map=6 stage=11 hp=100%
[siege-trace] t137d__05 t=47950 (28,10) map=6 stage=11 hp=100%
[siege-trace] t137d__03 t=47950 (28,10) map=6 stage=11 hp=100%
[siege-trace] t137d__14 t=47950 (28,10) map=6 stage=11 hp=100%
[siege-trace] t137d__02 t=47950 (28,10) map=6 stage=11 hp=100%
[siege-trace] t137d__07 t=47951 (28,10) map=6 stage=11 hp=100%
[siege-trace] t137d__04 t=47978 (28,10) map=6 stage=11 hp=100%
[siege-trace] t137d__15 t=47978 (28,10) map=6 stage=11 hp=100%
[siege-trace] t137d__08 t=47978 (28,10) map=6 stage=11 hp=100%
[siege-trace] t137d__01 t=47978 (28,10) map=6 stage=11 hp=100%
[siege-trace] t137d__00 t=47978 (28,10) map=6 stage=11 hp=100%
[siege-trace] t137d__11 t=47978 (28,10) map=6 stage=11 hp=100%
[siege-trace] t137d__09 t=47978 (28,10) map=6 stage=11 hp=100%
[siege-trace] t137d__06 t=47979 (28,10) map=6 stage=11 hp=100%
[siege-trace] t137d__12 t=47979 (28,10) map=6 stage=11 hp=100%
[siege-trace] t137d__13 t=47979 (28,10) map=6 stage=11 hp=100%
[siege-trace] t137d__10 t=47979 (28,10) map=6 stage=11 hp=100%
[siege-trace] t137d__05 t=47980 (28,10) map=6 stage=11 hp=100%
[siege-trace] t137d__03 t=47980 (28,10) map=6 stage=11 hp=100%
[siege-trace] t137d__14 t=47980 (28,10) map=6 stage=11 hp=100%
[siege-trace] t137d__02 t=47980 (28,10) map=6 stage=11 hp=100%
[siege-trace] t137d__07 t=47981 (28,10) map=6 stage=11 hp=100%
[siege-trace] t137d__04 t=48008 (28,10) map=6 stage=11 hp=100%
[siege-trace] t137d__15 t=48008 (28,10) map=6 stage=11 hp=100%
[siege-trace] t137d__08 t=48008 (28,10) map=6 stage=11 hp=100%
[siege-trace] t137d__01 t=48008 (28,10) map=6 stage=11 hp=100%
[siege-trace] t137d__00 t=48008 (28,10) map=6 stage=11 hp=100%
[siege-trace] t137d__11 t=48008 (28,10) map=6 stage=11 hp=100%
[siege-trace] t137d__09 t=48008 (28,10) map=6 stage=11 hp=100%
[siege-trace] t137d__06 t=48009 (28,10) map=6 stage=11 hp=100%
[siege-trace] t137d__12 t=48009 (28,10) map=6 stage=11 hp=100%
[siege-trace] t137d__13 t=48009 (28,10) map=6 stage=11 hp=100%
[siege-trace] t137d__10 t=48009 (28,10) map=6 stage=11 hp=100%
[siege-trace] t137d__05 t=48010 (28,10) map=6 stage=11 hp=100%
[siege-trace] t137d__03 t=48010 (28,10) map=6 stage=11 hp=100%
[siege-trace] t137d__14 t=48010 (28,10) map=6 stage=11 hp=100%
[siege-trace] t137d__02 t=48010 (28,10) map=6 stage=11 hp=100%
[siege-trace] t137d__07 t=48011 (28,10) map=6 stage=11 hp=100%
[siege-trace] t137d__04 t=48038 (28,10) map=6 stage=11 hp=100%
[siege-trace] t137d__15 t=48038 (28,10) map=6 stage=11 hp=100%
[siege-trace] t137d__08 t=48038 (28,10) map=6 stage=11 hp=100%
[siege-trace] t137d__01 t=48038 (28,10) map=6 stage=11 hp=100%
[siege-trace] t137d__00 t=48038 (28,10) map=6 stage=11 hp=100%
[siege-trace] t137d__11 t=48038 (28,10) map=6 stage=11 hp=100%
[siege-trace] t137d__09 t=48038 (28,10) map=6 stage=11 hp=100%
[siege-trace] t137d__06 t=48039 (28,10) map=6 stage=11 hp=100%
[siege-trace] t137d__12 t=48039 (28,10) map=6 stage=11 hp=100%
[siege-trace] t137d__13 t=48039 (28,10) map=6 stage=11 hp=100%
[siege-trace] t137d__10 t=48039 (28,10) map=6 stage=11 hp=100%
[siege-trace] t137d__05 t=48040 (28,10) map=6 stage=11 hp=100%
[siege-trace] t137d__03 t=48040 (28,10) map=6 stage=11 hp=100%
[siege-trace] t137d__14 t=48040 (28,10) map=6 stage=11 hp=100%
[siege-trace] t137d__02 t=48040 (28,10) map=6 stage=11 hp=100%
[siege-trace] t137d__07 t=48041 (28,10) map=6 stage=11 hp=100%
[siege-trace] t137d__04 t=48068 (28,10) map=6 stage=11 hp=100%
[siege-trace] t137d__15 t=48068 (28,10) map=6 stage=11 hp=100%
[siege-trace] t137d__08 t=48068 (28,10) map=6 stage=11 hp=100%
[siege-trace] t137d__01 t=48068 (28,10) map=6 stage=11 hp=100%
[siege-trace] t137d__00 t=48068 (28,10) map=6 stage=11 hp=100%
[siege-trace] t137d__11 t=48068 (28,10) map=6 stage=11 hp=100%
[siege-trace] t137d__09 t=48068 (28,10) map=6 stage=11 hp=100%
[siege-trace] t137d__06 t=48069 (28,10) map=6 stage=11 hp=100%
[siege-trace] t137d__12 t=48069 (28,10) map=6 stage=11 hp=100%
[siege-trace] t137d__13 t=48069 (28,10) map=6 stage=11 hp=100%
[siege-trace] t137d__10 t=48069 (28,10) map=6 stage=11 hp=100%
[siege-trace] t137d__05 t=48070 (28,10) map=6 stage=11 hp=100%
[siege-trace] t137d__03 t=48070 (28,10) map=6 stage=11 hp=100%
[siege-trace] t137d__14 t=48070 (28,10) map=6 stage=11 hp=100%
[siege-trace] t137d__02 t=48070 (28,10) map=6 stage=11 hp=100%
[siege-trace] t137d__07 t=48071 (28,10) map=6 stage=11 hp=100%
[siege-trace] t137d__04 t=48098 (28,10) map=6 stage=11 hp=100%
[siege-trace] t137d__15 t=48098 (28,10) map=6 stage=11 hp=100%
[siege-trace] t137d__08 t=48098 (28,10) map=6 stage=11 hp=100%
[siege-trace] t137d__01 t=48098 (28,10) map=6 stage=11 hp=100%
[siege-trace] t137d__00 t=48098 (28,10) map=6 stage=11 hp=100%
[siege-trace] t137d__11 t=48098 (28,10) map=6 stage=11 hp=100%
[siege-trace] t137d__09 t=48098 (28,10) map=6 stage=11 hp=100%
[siege-trace] t137d__06 t=48099 (28,10) map=6 stage=11 hp=100%
[siege-trace] t137d__12 t=48099 (28,10) map=6 stage=11 hp=100%
[siege-trace] t137d__13 t=48099 (28,10) map=6 stage=11 hp=100%
[siege-trace] t137d__10 t=48099 (28,10) map=6 stage=11 hp=100%
[siege-trace] t137d__05 t=48100 (28,10) map=6 stage=11 hp=100%
[siege-trace] t137d__03 t=48100 (28,10) map=6 stage=11 hp=100%
[siege-trace] t137d__14 t=48100 (28,10) map=6 stage=11 hp=100%
[siege-trace] t137d__02 t=48100 (28,10) map=6 stage=11 hp=100%
[siege-trace] t137d__07 t=48101 (28,10) map=6 stage=11 hp=100%
[siege-trace] t137d__04 t=48128 (28,10) map=6 stage=11 hp=100%
[siege-trace] t137d__15 t=48128 (28,10) map=6 stage=11 hp=100%
[siege-trace] t137d__08 t=48128 (28,10) map=6 stage=11 hp=100%
[siege-trace] t137d__01 t=48128 (28,10) map=6 stage=11 hp=100%
[siege-trace] t137d__00 t=48128 (28,10) map=6 stage=11 hp=100%
[siege-trace] t137d__11 t=48128 (28,10) map=6 stage=11 hp=100%
[siege-trace] t137d__09 t=48128 (28,10) map=6 stage=11 hp=100%
[siege-trace] t137d__06 t=48129 (28,10) map=6 stage=11 hp=100%
[siege-trace] t137d__12 t=48129 (28,10) map=6 stage=11 hp=100%
[siege-trace] t137d__13 t=48129 (28,10) map=6 stage=11 hp=100%
[siege-trace] t137d__10 t=48129 (28,10) map=6 stage=11 hp=100%
[siege-trace] t137d__05 t=48130 (28,10) map=6 stage=11 hp=100%
[siege-trace] t137d__03 t=48130 (28,10) map=6 stage=11 hp=100%
[siege-trace] t137d__14 t=48130 (28,10) map=6 stage=11 hp=100%
[siege-trace] t137d__02 t=48130 (28,10) map=6 stage=11 hp=100%
[siege-trace] t137d__07 t=48131 (28,10) map=6 stage=11 hp=100%
[bots] CRYPT bossSeen=224 bossKills=0 curse=0 slam=0
[bots] SIEGE reg=0 breach=0 crown=0
[bots] SUMMARY welcomed=16/16 moved=16/16 minDeltas=18000 kills=16 pots=0 swings=0 deaths=0 shops=0 anvilTries=0 levelDrops=0 regear=0 maxLevel=15 pkts=10769424 bytes=258155604 gates b/g/p/a/r=0/0/0/0/0 mGold=0 mPelts=0 bless=0 mend=0 noSee=0 hurt=0 choir c6=0 c7=0 c8=0
[bots] t137d__00    kit=1 lvl=15 hp=274/274 party=0 deaths=0 rxR=899 rxM=0 lastPid=0 casts c6=0 c7=0 c8=0 bossSeen=14 bossKills=0 curse=0 slam=0 lastDeath=(-1,-1) killerByLvl=
[bots] t137d__01    kit=1 lvl=15 hp=274/274 party=0 deaths=0 rxR=899 rxM=0 lastPid=0 casts c6=0 c7=0 c8=0 bossSeen=14 bossKills=0 curse=0 slam=0 lastDeath=(-1,-1) killerByLvl=
[bots] t137d__02    kit=1 lvl=15 hp=274/274 party=0 deaths=0 rxR=899 rxM=0 lastPid=0 casts c6=0 c7=0 c8=0 bossSeen=14 bossKills=0 curse=0 slam=0 lastDeath=(-1,-1) killerByLvl=
[bots] t137d__03    kit=1 lvl=15 hp=274/274 party=0 deaths=0 rxR=899 rxM=0 lastPid=0 casts c6=0 c7=0 c8=0 bossSeen=14 bossKills=0 curse=0 slam=0 lastDeath=(-1,-1) killerByLvl=
[bots] t137d__04    kit=1 lvl=15 hp=274/274 party=0 deaths=0 rxR=899 rxM=0 lastPid=0 casts c6=0 c7=0 c8=0 bossSeen=14 bossKills=0 curse=0 slam=0 lastDeath=(-1,-1) killerByLvl=
[bots] t137d__05    kit=1 lvl=15 hp=274/274 party=0 deaths=0 rxR=899 rxM=0 lastPid=0 casts c6=0 c7=0 c8=0 bossSeen=14 bossKills=0 curse=0 slam=0 lastDeath=(-1,-1) killerByLvl=
[bots] t137d__06    kit=1 lvl=15 hp=274/274 party=0 deaths=0 rxR=899 rxM=0 lastPid=0 casts c6=0 c7=0 c8=0 bossSeen=14 bossKills=0 curse=0 slam=0 lastDeath=(-1,-1) killerByLvl=
[bots] t137d__07    kit=1 lvl=15 hp=274/274 party=0 deaths=0 rxR=899 rxM=0 lastPid=0 casts c6=0 c7=0 c8=0 bossSeen=14 bossKills=0 curse=0 slam=0 lastDeath=(-1,-1) killerByLvl=
[bots] t137d__08    kit=1 lvl=15 hp=274/274 party=0 deaths=0 rxR=899 rxM=0 lastPid=0 casts c6=0 c7=0 c8=0 bossSeen=14 bossKills=0 curse=0 slam=0 lastDeath=(-1,-1) killerByLvl=
[bots] t137d__09    kit=1 lvl=15 hp=274/274 party=0 deaths=0 rxR=899 rxM=0 lastPid=0 casts c6=0 c7=0 c8=0 bossSeen=14 bossKills=0 curse=0 slam=0 lastDeath=(-1,-1) killerByLvl=
[bots] t137d__10    kit=1 lvl=15 hp=274/274 party=0 deaths=0 rxR=899 rxM=0 lastPid=0 casts c6=0 c7=0 c8=0 bossSeen=14 bossKills=0 curse=0 slam=0 lastDeath=(-1,-1) killerByLvl=
[bots] t137d__11    kit=1 lvl=15 hp=274/274 party=0 deaths=0 rxR=899 rxM=0 lastPid=0 casts c6=0 c7=0 c8=0 bossSeen=14 bossKills=0 curse=0 slam=0 lastDeath=(-1,-1) killerByLvl=
[bots] t137d__12    kit=1 lvl=15 hp=274/274 party=0 deaths=0 rxR=899 rxM=0 lastPid=0 casts c6=0 c7=0 c8=0 bossSeen=14 bossKills=0 curse=0 slam=0 lastDeath=(-1,-1) killerByLvl=
[bots] t137d__13    kit=1 lvl=15 hp=274/274 party=0 deaths=0 rxR=899 rxM=0 lastPid=0 casts c6=0 c7=0 c8=0 bossSeen=14 bossKills=0 curse=0 slam=0 lastDeath=(-1,-1) killerByLvl=
[bots] t137d__14    kit=1 lvl=15 hp=274/274 party=0 deaths=0 rxR=899 rxM=0 lastPid=0 casts c6=0 c7=0 c8=0 bossSeen=14 bossKills=0 curse=0 slam=0 lastDeath=(-1,-1) killerByLvl=
[bots] t137d__15    kit=1 lvl=15 hp=274/274 party=0 deaths=0 rxR=899 rxM=0 lastPid=0 casts c6=0 c7=0 c8=0 bossSeen=14 bossKills=0 curse=0 slam=0 lastDeath=(-1,-1) killerByLvl=
[bots] OK
