[siege-trace] t137a__04 t=36851 (22,9) map=1 stage=0 hp=100%
[siege-trace] t137a__08 t=36852 (5,21) map=1 stage=0 hp=100%
[siege-trace] t137a__01 t=36852 (22,29) map=1 stage=0 hp=100%
[siege-trace] t137a__00 t=36852 (40,6) map=1 stage=0 hp=100%
[siege-trace] t137a__11 t=36852 (26,25) map=1 stage=0 hp=100%
[siege-trace] t137a__09 t=36852 (32,16) map=1 stage=0 hp=100%
[siege-trace] t137a__06 t=36852 (37,7) map=1 stage=0 hp=100%
[siege-trace] t137a__10 t=36852 (31,14) map=1 stage=0 hp=100%
[siege-trace] t137a__05 t=36853 (22,12) map=1 stage=0 hp=100%
[siege-trace] t137a__03 t=36853 (26,17) map=1 stage=0 hp=100%
[siege-trace] t137a__02 t=36854 (31,3) map=1 stage=0 hp=100%
[siege-trace] t137a__07 t=36855 (33,16) map=1 stage=0 hp=100%
[siege-trace] t137a__01 t=36882 (10,26) map=6 stage=2 hp=100%
[siege-trace] t137a__04 t=36883 (11,25) map=6 stage=2 hp=76%
[siege-trace] t137a__00 t=36883 (28,17) map=6 stage=2 hp=100%
[siege-trace] t137a__11 t=36883 (10,24) map=6 stage=2 hp=100%
[siege-trace] t137a__08 t=36884 (17,26) map=6 stage=2 hp=96%
[siege-trace] t137a__06 t=36885 (33,20) map=6 stage=2 hp=99%
[siege-trace] t137a__09 t=36885 (8,27) map=6 stage=2 hp=100%
[siege-trace] t137a__02 t=36885 (37,2) map=6 stage=2 hp=100%
[siege-trace] t137a__10 t=36886 (26,22) map=6 stage=2 hp=100%
[siege-trace] t137a__03 t=36886 (31,4) map=6 stage=2 hp=100%
[siege-trace] t137a__05 t=36888 (20,5) map=6 stage=2 hp=100%
[siege-trace] t137a__07 t=36889 (9,8) map=6 stage=2 hp=99%
[siege-trace] t137a__01 t=36912 (23,10) map=6 stage=3 hp=100%
[siege-trace] t137a__04 t=36913 (23,10) map=6 stage=3 hp=81%
[siege-trace] t137a__00 t=36913 (23,10) map=6 stage=3 hp=100%
[siege-trace] t137a__11 t=36913 (23,10) map=6 stage=3 hp=100%
[siege-trace] t137a__08 t=36914 (23,10) map=6 stage=3 hp=100%
[siege-trace] t137a__06 t=36915 (23,10) map=6 stage=3 hp=100%
[siege-trace] t137a__09 t=36915 (23,10) map=6 stage=3 hp=100%
[siege-trace] t137a__02 t=36915 (23,10) map=6 stage=3 hp=97%
[siege-trace] t137a__10 t=36916 (23,10) map=6 stage=3 hp=91%
[siege-trace] t137a__03 t=36916 (23,10) map=6 stage=3 hp=100%
[siege-trace] t137a__05 t=36918 (23,10) map=6 stage=3 hp=100%
[siege-trace] t137a__07 t=36919 (23,10) map=6 stage=3 hp=100%
[siege-trace] t137a__01 t=36942 (26,10) map=6 stage=4 hp=100%
[siege-trace] t137a__04 t=36943 (26,10) map=6 stage=4 hp=87%
[siege-trace] t137a__00 t=36943 (26,10) map=6 stage=4 hp=100%
[siege-trace] t137a__11 t=36943 (26,10) map=6 stage=4 hp=100%
[siege-trace] t137a__08 t=36944 (26,10) map=6 stage=4 hp=100%
[siege-trace] t137a__06 t=36945 (26,10) map=6 stage=4 hp=100%
[siege-trace] t137a__09 t=36945 (26,10) map=6 stage=4 hp=100%
[siege-trace] t137a__02 t=36945 (26,10) map=6 stage=4 hp=99%
[siege-trace] t137a__10 t=36946 (26,10) map=6 stage=4 hp=97%
[siege-trace] t137a__03 t=36946 (26,10) map=6 stage=4 hp=100%
[siege-trace] t137a__05 t=36948 (26,10) map=6 stage=4 hp=100%
[siege-trace] t137a__07 t=36949 (26,10) map=6 stage=4 hp=100%
[siege-trace] t137a__01 t=36972 (28,10) map=6 stage=5 hp=100%
[siege-trace] t137a__04 t=36973 (23,25) map=6 stage=5 hp=81%
[siege-trace] t137a__00 t=36973 (23,26) map=6 stage=5 hp=91%
[siege-trace] t137a__11 t=36973 (28,10) map=6 stage=5 hp=100%
[siege-trace] t137a__08 t=36974 (23,25) map=6 stage=5 hp=100%
[siege-trace] t137a__06 t=36975 (23,25) map=6 stage=5 hp=100%
[siege-trace] t137a__09 t=36975 (28,10) map=6 stage=5 hp=100%
[siege-trace] t137a__02 t=36975 (23,25) map=6 stage=5 hp=100%
[siege-trace] t137a__10 t=36976 (23,26) map=6 stage=5 hp=100%
[siege-trace] t137a__03 t=36976 (28,10) map=6 stage=5 hp=100%
[siege-trace] t137a__05 t=36978 (28,10) map=6 stage=5 hp=100%
[siege-trace] t137a__07 t=36979 (28,10) map=6 stage=5 hp=100%
[siege-trace] t137a__01 t=37002 (28,10) map=6 stage=5 hp=100%
[siege-trace] t137a__04 t=37003 (27,11) map=6 stage=5 hp=85%
[siege-trace] t137a__00 t=37003 (27,11) map=6 stage=5 hp=95%
[siege-trace] t137a__11 t=37003 (28,10) map=6 stage=5 hp=95%
[siege-trace] t137a__08 t=37004 (27,11) map=6 stage=5 hp=100%
[siege-trace] t137a__06 t=37005 (27,11) map=6 stage=5 hp=100%
[siege-trace] t137a__09 t=37005 (28,10) map=6 stage=5 hp=100%
[siege-trace] t137a__02 t=37005 (27,11) map=6 stage=5 hp=97%
[siege-trace] t137a__10 t=37006 (27,11) map=6 stage=5 hp=100%
[siege-trace] t137a__03 t=37006 (28,10) map=6 stage=5 hp=100%
[siege-trace] t137a__05 t=37008 (28,10) map=6 stage=5 hp=100%
[siege-trace] t137a__07 t=37009 (28,10) map=6 stage=5 hp=100%
[siege-trace] t137a__01 t=37032 (28,10) map=6 stage=5 hp=100%
[siege-trace] t137a__04 t=37033 (19,12) map=6 stage=5 hp=90%
[siege-trace] t137a__00 t=37033 (19,12) map=6 stage=5 hp=100%
[siege-trace] t137a__11 t=37033 (28,10) map=6 stage=5 hp=98%
[siege-trace] t137a__08 t=37034 (19,12) map=6 stage=5 hp=100%
[siege-trace] t137a__06 t=37035 (19,12) map=6 stage=5 hp=100%
[siege-trace] t137a__09 t=37035 (28,10) map=6 stage=5 hp=100%
[siege-trace] t137a__02 t=37035 (19,12) map=6 stage=5 hp=100%
[siege-trace] t137a__10 t=37036 (19,12) map=6 stage=5 hp=100%
[siege-trace] t137a__03 t=37036 (28,10) map=6 stage=5 hp=100%
[siege-trace] t137a__05 t=37038 (28,10) map=6 stage=5 hp=100%
[siege-trace] t137a__07 t=37039 (28,10) map=6 stage=5 hp=100%
[siege-trace] t137a__01 t=37062 (28,10) map=6 stage=5 hp=100%
[siege-trace] t137a__04 t=37063 (18,15) map=6 stage=5 hp=96%
[siege-trace] t137a__00 t=37063 (18,15) map=6 stage=5 hp=100%
[siege-trace] t137a__11 t=37063 (28,10) map=6 stage=5 hp=100%
[siege-trace] t137a__08 t=37064 (18,15) map=6 stage=5 hp=100%
[siege-trace] t137a__06 t=37065 (18,15) map=6 stage=5 hp=100%
[siege-trace] t137a__09 t=37065 (28,10) map=6 stage=5 hp=100%
[siege-trace] t137a__02 t=37065 (18,15) map=6 stage=5 hp=100%
[siege-trace] t137a__03 t=37066 (28,10) map=6 stage=5 hp=100%
[siege-trace] t137a__10 t=37067 (19,17) map=6 stage=5 hp=97%
[siege-trace] t137a__05 t=37068 (28,10) map=6 stage=5 hp=100%
[siege-trace] t137a__07 t=37069 (28,10) map=6 stage=5 hp=100%
[siege-trace] t137a__01 t=37092 (28,10) map=6 stage=5 hp=100%
[siege-trace] t137a__04 t=37093 (19,17) map=6 stage=5 hp=100%
[siege-trace] t137a__11 t=37093 (28,10) map=6 stage=5 hp=100%
[siege-trace] t137a__00 t=37094 (15,17) map=6 stage=5 hp=95%
[siege-trace] t137a__08 t=37094 (15,17) map=6 stage=5 hp=100%
[siege-trace] t137a__09 t=37095 (28,10) map=6 stage=5 hp=100%
[siege-trace] t137a__06 t=37095 (17,17) map=6 stage=5 hp=100%
[siege-trace] t137a__02 t=37095 (17,17) map=6 stage=5 hp=100%
[siege-trace] t137a__03 t=37096 (28,10) map=6 stage=5 hp=100%
[siege-trace] t137a__10 t=37097 (17,17) map=6 stage=5 hp=100%
[siege-trace] t137a__05 t=37098 (28,10) map=6 stage=5 hp=100%
[siege-trace] t137a__07 t=37099 (28,10) map=6 stage=5 hp=100%
[siege-trace] t137a__01 t=37122 (28,10) map=6 stage=5 hp=100%
[siege-trace] t137a__04 t=37123 (12,14) map=6 stage=5 hp=100%
[siege-trace] t137a__11 t=37123 (28,10) map=6 stage=5 hp=100%
[siege-trace] t137a__00 t=37124 (12,14) map=6 stage=5 hp=82%
[siege-trace] t137a__08 t=37124 (12,14) map=6 stage=5 hp=100%
[siege-trace] t137a__09 t=37125 (28,10) map=6 stage=5 hp=100%
[siege-trace] t137a__06 t=37125 (12,14) map=6 stage=5 hp=100%
[siege-trace] t137a__02 t=37125 (12,14) map=6 stage=5 hp=100%
[siege-trace] t137a__03 t=37126 (28,10) map=6 stage=5 hp=100%
[siege-trace] t137a__10 t=37127 (12,14) map=6 stage=5 hp=100%
[siege-trace] t137a__05 t=37128 (28,10) map=6 stage=5 hp=100%
[siege-trace] t137a__07 t=37129 (28,10) map=6 stage=5 hp=100%
[siege-trace] t137a__01 t=37152 (28,10) map=6 stage=5 hp=100%
[siege-trace] t137a__04 t=37153 (24,17) map=6 stage=5 hp=100%
[siege-trace] t137a__11 t=37153 (28,10) map=6 stage=5 hp=100%
[siege-trace] t137a__00 t=37154 (24,17) map=6 stage=5 hp=81%
[siege-trace] t137a__08 t=37154 (24,17) map=6 stage=5 hp=100%
[siege-trace] t137a__09 t=37155 (28,10) map=6 stage=5 hp=100%
[siege-trace] t137a__06 t=37155 (24,17) map=6 stage=5 hp=100%
[siege-trace] t137a__02 t=37155 (24,17) map=6 stage=5 hp=100%
[siege-trace] t137a__03 t=37156 (28,10) map=6 stage=5 hp=100%
[siege-trace] t137a__10 t=37157 (24,17) map=6 stage=5 hp=100%
[siege-trace] t137a__05 t=37158 (28,10) map=6 stage=5 hp=100%
[siege-trace] t137a__07 t=37159 (28,10) map=6 stage=5 hp=100%
[siege-trace] t137a__01 t=37182 (28,10) map=6 stage=5 hp=100%
[siege-trace] t137a__04 t=37183 (20,17) map=6 stage=5 hp=100%
[siege-trace] t137a__11 t=37183 (28,10) map=6 stage=5 hp=100%
[siege-trace] t137a__00 t=37184 (20,17) map=6 stage=5 hp=79%
[siege-trace] t137a__08 t=37184 (20,17) map=6 stage=5 hp=100%
[siege-trace] t137a__09 t=37185 (28,10) map=6 stage=5 hp=100%
[siege-trace] t137a__06 t=37185 (20,17) map=6 stage=5 hp=100%
[siege-trace] t137a__02 t=37185 (20,17) map=6 stage=5 hp=100%
[siege-trace] t137a__03 t=37186 (28,10) map=6 stage=5 hp=100%
[siege-trace] t137a__10 t=37187 (23,17) map=6 stage=5 hp=95%
[siege-trace] t137a__05 t=37188 (28,10) map=6 stage=5 hp=100%
[siege-trace] t137a__07 t=37189 (28,10) map=6 stage=5 hp=100%
[siege-trace] t137a__01 t=37212 (28,10) map=6 stage=5 hp=100%
[siege-trace] t137a__04 t=37213 (18,17) map=6 stage=5 hp=100%
[siege-trace] t137a__11 t=37213 (28,10) map=6 stage=5 hp=100%
[siege-trace] t137a__00 t=37214 (18,17) map=6 stage=5 hp=77%
[siege-trace] t137a__08 t=37214 (18,17) map=6 stage=5 hp=100%
[siege-trace] t137a__09 t=37215 (28,10) map=6 stage=5 hp=100%
[siege-trace] t137a__06 t=37215 (18,17) map=6 stage=5 hp=100%
[siege-trace] t137a__02 t=37215 (18,17) map=6 stage=5 hp=100%
[siege-trace] t137a__03 t=37216 (28,10) map=6 stage=5 hp=100%
[siege-trace] t137a__10 t=37217 (18,17) map=6 stage=5 hp=97%
[siege-trace] t137a__05 t=37218 (28,10) map=6 stage=5 hp=100%
[siege-trace] t137a__07 t=37219 (28,10) map=6 stage=5 hp=100%
[siege-trace] t137a__01 t=37242 (28,10) map=6 stage=5 hp=100%
[siege-trace] t137a__04 t=37243 (18,15) map=6 stage=5 hp=100%
[siege-trace] t137a__11 t=37243 (28,10) map=6 stage=5 hp=100%
[siege-trace] t137a__00 t=37244 (18,15) map=6 stage=5 hp=71%
[siege-trace] t137a__08 t=37244 (18,15) map=6 stage=5 hp=100%
[siege-trace] t137a__09 t=37245 (28,10) map=6 stage=5 hp=100%
[siege-trace] t137a__06 t=37245 (18,15) map=6 stage=5 hp=100%
[siege-trace] t137a__02 t=37245 (18,15) map=6 stage=5 hp=100%
[siege-trace] t137a__03 t=37246 (28,10) map=6 stage=5 hp=100%
[siege-trace] t137a__10 t=37247 (18,15) map=6 stage=5 hp=100%
[siege-trace] t137a__05 t=37248 (28,10) map=6 stage=5 hp=100%
[siege-trace] t137a__07 t=37249 (28,10) map=6 stage=5 hp=100%
[siege-trace] t137a__01 t=37272 (28,10) map=6 stage=5 hp=100%
[siege-trace] t137a__04 t=37273 (24,20) map=6 stage=5 hp=100%
[siege-trace] t137a__11 t=37273 (28,10) map=6 stage=5 hp=100%
[siege-trace] t137a__00 t=37274 (24,20) map=6 stage=5 hp=75%
[siege-trace] t137a__08 t=37274 (24,20) map=6 stage=5 hp=100%
[siege-trace] t137a__09 t=37275 (28,10) map=6 stage=5 hp=100%
[siege-trace] t137a__06 t=37275 (24,20) map=6 stage=5 hp=100%
[siege-trace] t137a__02 t=37275 (24,20) map=6 stage=5 hp=100%
[siege-trace] t137a__03 t=37276 (28,10) map=6 stage=5 hp=100%
[siege-trace] t137a__10 t=37277 (24,20) map=6 stage=5 hp=100%
[siege-trace] t137a__05 t=37278 (28,10) map=6 stage=5 hp=100%
[siege-trace] t137a__07 t=37279 (28,10) map=6 stage=5 hp=100%
[siege-trace] t137a__01 t=37302 (28,10) map=6 stage=5 hp=100%
[siege-trace] t137a__04 t=37303 (21,16) map=6 stage=5 hp=100%
[siege-trace] t137a__11 t=37303 (28,10) map=6 stage=5 hp=100%
[siege-trace] t137a__00 t=37304 (21,16) map=6 stage=5 hp=71%
[siege-trace] t137a__08 t=37304 (21,16) map=6 stage=5 hp=100%
[siege-trace] t137a__09 t=37305 (28,10) map=6 stage=5 hp=100%
[siege-trace] t137a__06 t=37305 (21,16) map=6 stage=5 hp=100%
[siege-trace] t137a__02 t=37305 (21,16) map=6 stage=5 hp=100%
[siege-trace] t137a__03 t=37306 (28,10) map=6 stage=5 hp=100%
[siege-trace] t137a__10 t=37307 (17,14) map=6 stage=5 hp=100%
[siege-trace] t137a__05 t=37308 (28,10) map=6 stage=5 hp=100%
[siege-trace] t137a__07 t=37309 (28,10) map=6 stage=5 hp=100%
[siege-trace] t137a__01 t=37332 (28,10) map=6 stage=5 hp=100%
[siege-trace] t137a__11 t=37333 (28,10) map=6 stage=5 hp=100%
[siege-trace] t137a__04 t=37334 (22,14) map=6 stage=5 hp=100%
[siege-trace] t137a__09 t=37335 (28,10) map=6 stage=5 hp=100%
[siege-trace] t137a__00 t=37335 (24,15) map=6 stage=5 hp=70%
[siege-trace] t137a__08 t=37335 (24,15) map=6 stage=5 hp=100%
[siege-trace] t137a__06 t=37335 (24,15) map=6 stage=5 hp=100%
[siege-trace] t137a__02 t=37335 (24,15) map=6 stage=5 hp=100%
[siege-trace] t137a__03 t=37336 (28,10) map=6 stage=5 hp=100%
[siege-trace] t137a__10 t=37337 (24,15) map=6 stage=5 hp=87%
[siege-trace] t137a__05 t=37338 (28,10) map=6 stage=5 hp=100%
[siege-trace] t137a__07 t=37339 (28,10) map=6 stage=5 hp=100%
[siege-trace] t137a__01 t=37362 (28,10) map=6 stage=5 hp=100%
[siege-trace] t137a__11 t=37363 (28,10) map=6 stage=5 hp=100%
[siege-trace] t137a__04 t=37364 (18,15) map=6 stage=5 hp=100%
[siege-trace] t137a__09 t=37365 (28,10) map=6 stage=5 hp=100%
[siege-trace] t137a__00 t=37365 (18,15) map=6 stage=5 hp=75%
[siege-trace] t137a__08 t=37365 (18,15) map=6 stage=5 hp=100%
[siege-trace] t137a__06 t=37365 (18,15) map=6 stage=5 hp=100%
[siege-trace] t137a__02 t=37365 (18,15) map=6 stage=5 hp=100%
[siege-trace] t137a__03 t=37366 (28,10) map=6 stage=5 hp=100%
[siege-trace] t137a__10 t=37367 (18,15) map=6 stage=5 hp=90%
[siege-trace] t137a__05 t=37368 (28,10) map=6 stage=5 hp=100%
[siege-trace] t137a__07 t=37369 (28,10) map=6 stage=5 hp=100%
[siege-trace] t137a__01 t=37392 (28,10) map=6 stage=5 hp=100%
[siege-trace] t137a__11 t=37393 (28,10) map=6 stage=5 hp=100%
[siege-trace] t137a__04 t=37394 (15,14) map=6 stage=5 hp=100%
[siege-trace] t137a__09 t=37395 (28,10) map=6 stage=5 hp=100%
[siege-trace] t137a__00 t=37395 (15,14) map=6 stage=5 hp=66%
[siege-trace] t137a__08 t=37395 (15,14) map=6 stage=5 hp=100%
[siege-trace] t137a__06 t=37395 (15,14) map=6 stage=5 hp=100%
[siege-trace] t137a__02 t=37395 (15,14) map=6 stage=5 hp=100%
[siege-trace] t137a__03 t=37396 (28,10) map=6 stage=5 hp=100%
[siege-trace] t137a__10 t=37397 (15,14) map=6 stage=5 hp=95%
[siege-trace] t137a__05 t=37398 (28,10) map=6 stage=5 hp=100%
[siege-trace] t137a__07 t=37399 (28,10) map=6 stage=5 hp=100%
[siege-trace] t137a__01 t=37422 (28,10) map=6 stage=5 hp=100%
[siege-trace] t137a__11 t=37423 (28,10) map=6 stage=5 hp=100%
[siege-trace] t137a__04 t=37424 (19,15) map=6 stage=5 hp=100%
[siege-trace] t137a__09 t=37425 (28,10) map=6 stage=5 hp=100%
[siege-trace] t137a__00 t=37425 (19,15) map=6 stage=5 hp=55%
[siege-trace] t137a__08 t=37425 (19,15) map=6 stage=5 hp=100%
[siege-trace] t137a__06 t=37425 (19,15) map=6 stage=5 hp=100%
[siege-trace] t137a__02 t=37425 (19,15) map=6 stage=5 hp=100%
[siege-trace] t137a__03 t=37426 (28,10) map=6 stage=5 hp=100%
[siege-trace] t137a__10 t=37427 (19,15) map=6 stage=5 hp=100%
[siege-trace] t137a__05 t=37428 (28,10) map=6 stage=5 hp=100%
[siege-trace] t137a__07 t=37429 (28,10) map=6 stage=5 hp=100%
[siege-trace] t137a__01 t=37452 (28,10) map=6 stage=5 hp=100%
[siege-trace] t137a__11 t=37453 (28,10) map=6 stage=5 hp=100%
[siege-trace] t137a__04 t=37454 (23,17) map=6 stage=5 hp=100%
[siege-trace] t137a__09 t=37455 (28,10) map=6 stage=5 hp=100%
[siege-trace] t137a__00 t=37455 (23,17) map=6 stage=5 hp=59%
[siege-trace] t137a__08 t=37455 (23,17) map=6 stage=5 hp=100%
[siege-trace] t137a__06 t=37455 (23,17) map=6 stage=5 hp=100%
[siege-trace] t137a__02 t=37455 (23,17) map=6 stage=5 hp=100%
[siege-trace] t137a__03 t=37456 (28,10) map=6 stage=5 hp=100%
[siege-trace] t137a__10 t=37457 (23,17) map=6 stage=5 hp=93%
[siege-trace] t137a__05 t=37458 (28,10) map=6 stage=5 hp=100%
[siege-trace] t137a__07 t=37459 (28,10) map=6 stage=5 hp=100%
[siege-trace] t137a__01 t=37482 (28,10) map=6 stage=5 hp=100%
[siege-trace] t137a__11 t=37483 (28,10) map=6 stage=5 hp=100%
[siege-trace] t137a__04 t=37485 (22,18) map=6 stage=5 hp=100%
[siege-trace] t137a__09 t=37485 (28,10) map=6 stage=5 hp=100%
[siege-trace] t137a__00 t=37485 (26,19) map=6 stage=5 hp=64%
[siege-trace] t137a__02 t=37485 (26,19) map=6 stage=5 hp=100%
[siege-trace] t137a__06 t=37485 (26,19) map=6 stage=5 hp=100%
[siege-trace] t137a__08 t=37485 (26,19) map=6 stage=5 hp=100%
[siege-trace] t137a__03 t=37486 (28,10) map=6 stage=5 hp=100%
[siege-trace] t137a__10 t=37487 (26,19) map=6 stage=5 hp=86%
[siege-trace] t137a__05 t=37488 (28,10) map=6 stage=5 hp=100%
[siege-trace] t137a__07 t=37489 (28,10) map=6 stage=5 hp=100%
[siege-trace] t137a__01 t=37512 (28,10) map=6 stage=5 hp=100%
[siege-trace] t137a__11 t=37513 (28,10) map=6 stage=5 hp=100%
[siege-trace] t137a__04 t=37515 (14,15) map=6 stage=5 hp=100%
[siege-trace] t137a__09 t=37515 (28,10) map=6 stage=5 hp=100%
[siege-trace] t137a__00 t=37515 (14,15) map=6 stage=5 hp=63%
[siege-trace] t137a__02 t=37515 (14,15) map=6 stage=5 hp=100%
[siege-trace] t137a__06 t=37515 (14,15) map=6 stage=5 hp=100%
[siege-trace] t137a__08 t=37515 (14,15) map=6 stage=5 hp=100%
[siege-trace] t137a__03 t=37516 (28,10) map=6 stage=5 hp=100%
[siege-trace] t137a__10 t=37517 (14,15) map=6 stage=5 hp=88%
[siege-trace] t137a__05 t=37518 (28,10) map=6 stage=5 hp=100%
[siege-trace] t137a__07 t=37519 (28,10) map=6 stage=5 hp=100%
[siege-trace] t137a__01 t=37542 (28,10) map=6 stage=5 hp=100%
[siege-trace] t137a__11 t=37543 (28,10) map=6 stage=5 hp=100%
[siege-trace] t137a__04 t=37545 (25,18) map=6 stage=5 hp=100%
[siege-trace] t137a__09 t=37545 (28,10) map=6 stage=5 hp=100%
[siege-trace] t137a__00 t=37545 (21,18) map=6 stage=5 hp=69%
[siege-trace] t137a__02 t=37545 (21,18) map=6 stage=5 hp=100%
[siege-trace] t137a__06 t=37545 (21,18) map=6 stage=5 hp=100%
[siege-trace] t137a__08 t=37545 (21,18) map=6 stage=5 hp=100%
[siege-trace] t137a__03 t=37546 (28,10) map=6 stage=5 hp=100%
[siege-trace] t137a__10 t=37547 (17,18) map=6 stage=5 hp=76%
[siege-trace] t137a__05 t=37548 (28,10) map=6 stage=5 hp=100%
[siege-trace] t137a__07 t=37549 (28,10) map=6 stage=5 hp=100%
[siege-trace] t137a__01 t=37572 (28,10) map=6 stage=5 hp=100%
[siege-trace] t137a__11 t=37573 (28,10) map=6 stage=5 hp=100%
[siege-trace] t137a__04 t=37575 (19,18) map=6 stage=5 hp=100%
[siege-trace] t137a__09 t=37575 (28,10) map=6 stage=5 hp=100%
[siege-trace] t137a__00 t=37575 (19,18) map=6 stage=5 hp=58%
[siege-trace] t137a__02 t=37575 (19,18) map=6 stage=5 hp=100%
[siege-trace] t137a__06 t=37575 (19,18) map=6 stage=5 hp=100%
[siege-trace] t137a__08 t=37575 (19,18) map=6 stage=5 hp=100%
[siege-trace] t137a__03 t=37576 (28,10) map=6 stage=5 hp=100%
[siege-trace] t137a__10 t=37577 (19,18) map=6 stage=5 hp=82%
[siege-trace] t137a__05 t=37578 (28,10) map=6 stage=5 hp=100%
[siege-trace] t137a__07 t=37579 (28,10) map=6 stage=5 hp=100%
[bots] CRYPT bossSeen=0 bossKills=0 curse=0 slam=0
[bots] SIEGE reg=12 breach=360 crown=659
[bots] SUMMARY welcomed=12/12 moved=12/12 minDeltas=15000 kills=104 pots=0 swings=20 deaths=0 shops=0 anvilTries=0 levelDrops=0 regear=0 maxLevel=15 pkts=2477231 bytes=59305118 gates b/g/p/a/r=0/0/0/0/0 mGold=0 mPelts=0 bless=0 mend=0 noSee=0 hurt=0 choir c6=0 c7=0 c8=0
[bots] t137a__00    kit=1 lvl=15 hp=143/274 party=0 deaths=0 rxR=0 rxM=0 lastPid=0 casts c6=0 c7=0 c8=0 bossSeen=0 bossKills=0 curse=0 slam=0 lastDeath=(-1,-1) killerByLvl=
[bots] t137a__01    kit=1 lvl=15 hp=274/274 party=0 deaths=0 rxR=0 rxM=0 lastPid=0 casts c6=0 c7=0 c8=0 bossSeen=0 bossKills=0 curse=0 slam=0 lastDeath=(-1,-1) killerByLvl=
[bots] t137a__02    kit=1 lvl=15 hp=274/274 party=0 deaths=0 rxR=0 rxM=0 lastPid=0 casts c6=0 c7=0 c8=0 bossSeen=0 bossKills=0 curse=0 slam=0 lastDeath=(-1,-1) killerByLvl=
[bots] t137a__03    kit=1 lvl=15 hp=274/274 party=0 deaths=0 rxR=0 rxM=0 lastPid=0 casts c6=0 c7=0 c8=0 bossSeen=0 bossKills=0 curse=0 slam=0 lastDeath=(-1,-1) killerByLvl=
[bots] t137a__04    kit=1 lvl=15 hp=274/274 party=0 deaths=0 rxR=0 rxM=0 lastPid=0 casts c6=0 c7=0 c8=0 bossSeen=0 bossKills=0 curse=0 slam=0 lastDeath=(-1,-1) killerByLvl=
[bots] t137a__05    kit=1 lvl=15 hp=274/274 party=0 deaths=0 rxR=0 rxM=0 lastPid=0 casts c6=0 c7=0 c8=0 bossSeen=0 bossKills=0 curse=0 slam=0 lastDeath=(-1,-1) killerByLvl=
[bots] t137a__06    kit=1 lvl=15 hp=274/274 party=0 deaths=0 rxR=0 rxM=0 lastPid=0 casts c6=0 c7=0 c8=0 bossSeen=0 bossKills=0 curse=0 slam=0 lastDeath=(-1,-1) killerByLvl=
[bots] t137a__07    kit=1 lvl=15 hp=274/274 party=0 deaths=0 rxR=0 rxM=0 lastPid=0 casts c6=0 c7=0 c8=0 bossSeen=0 bossKills=0 curse=0 slam=0 lastDeath=(-1,-1) killerByLvl=
[bots] t137a__08    kit=1 lvl=15 hp=274/274 party=0 deaths=0 rxR=0 rxM=0 lastPid=0 casts c6=0 c7=0 c8=0 bossSeen=0 bossKills=0 curse=0 slam=0 lastDeath=(-1,-1) killerByLvl=
[bots] t137a__09    kit=1 lvl=15 hp=274/274 party=0 deaths=0 rxR=0 rxM=0 lastPid=0 casts c6=0 c7=0 c8=0 bossSeen=0 bossKills=0 curse=0 slam=0 lastDeath=(-1,-1) killerByLvl=
[bots] t137a__10    kit=1 lvl=15 hp=237/274 party=0 deaths=0 rxR=0 rxM=0 lastPid=0 casts c6=0 c7=0 c8=0 bossSeen=0 bossKills=0 curse=0 slam=0 lastDeath=(-1,-1) killerByLvl=
[bots] t137a__11    kit=1 lvl=15 hp=274/274 party=0 deaths=0 rxR=0 rxM=0 lastPid=0 casts c6=0 c7=0 c8=0 bossSeen=0 bossKills=0 curse=0 slam=0 lastDeath=(-1,-1) killerByLvl=
[bots] OK
