[boot] zone 2 (assets/maps/fields_overflow.bhmap: 64x48) online
[boot] zone 3 (assets/maps/thornwall_crypt.bhmap: 48x36) online
[boot] zone 4 (assets/maps/bonehowl_mine.bhmap: 56x40) online
[boot] zone 5 (assets/maps/drowned_crypt.bhmap: 48x36) online
[boot] zone 6 (assets/maps/weeping_castle.bhmap: 40x30) online
[rehearsal] siege window OPEN unconditionally (drill posture)
[auth] registration OPEN (prototype posture; --no-register to gate); limiter: 60 logins + 30 new accounts per 60s per IP, 10 consecutive bad-password fails -> 60s lockout
[journal] recording world to logs/t137_flip2.bwj (epoch 25)
[boot] bh_server on 0.0.0.0:7837 | map 'assets/maps/thornwall.bhmap' | db '/tmp/t137_flip2.db' | tick 20Hz | aoi 26
[net] t137d__00        entered the world (entity 207, online 1)
[net] t137d__01        entered the world (entity 208, online 2)
[net] t137d__02        entered the world (entity 209, online 3)
[net] t137a__00        entered the world (entity 210, online 4)
[net] t137a__01        entered the world (entity 211, online 5)
[net] t137a__02        entered the world (entity 212, online 6)
[net] t137a__03        entered the world (entity 213, online 7)
[net] t137a__04        entered the world (entity 214, online 8)
[net] t137a__05        entered the world (entity 215, online 9)
[net] t137a__06        entered the world (entity 216, online 10)
[net] t137a__07        entered the world (entity 217, online 11)
[net] t137a__08        entered the world (entity 218, online 12)
[net] t137a__09        entered the world (entity 219, online 13)
[net] t137a__10        entered the world (entity 220, online 14)
[net] t137a__11        entered the world (entity 221, online 15)
[zone] t137a__04 -> map 6 at (20,27)
[zone] t137a__04 -> map 6 at (20,27)
[zone] t137d__00 -> map 6 at (20,27)
[zone] t137d__00 -> map 6 at (20,27)
[zone] t137a__05 -> map 6 at (20,27)
[zone] t137a__05 -> map 6 at (20,27)
[zone] t137d__01 -> map 6 at (20,27)
[zone] t137d__01 -> map 6 at (20,27)
[zone] t137a__11 -> map 6 at (20,27)
[zone] t137a__11 -> map 6 at (20,27)
[zone] t137a__09 -> map 6 at (20,27)
[zone] t137a__09 -> map 6 at (20,27)
[zone] t137a__10 -> map 6 at (20,27)
[zone] t137a__10 -> map 6 at (20,27)
[zone] t137a__03 -> map 6 at (20,27)
[zone] t137a__03 -> map 6 at (20,27)
[zone] t137a__01 -> map 6 at (20,27)
[zone] t137a__01 -> map 6 at (20,27)
[zone] t137a__08 -> map 6 at (20,27)
[zone] t137a__08 -> map 6 at (20,27)
[zone] t137a__06 -> map 6 at (20,27)
[zone] t137a__06 -> map 6 at (20,27)
[zone] t137a__00 -> map 6 at (20,27)
[zone] t137a__00 -> map 6 at (20,27)
[zone] t137a__02 -> map 6 at (20,27)
[zone] t137a__02 -> map 6 at (20,27)
[zone] t137d__02 -> map 6 at (20,27)
[zone] t137d__02 -> map 6 at (20,27)
[zone] t137a__07 -> map 6 at (20,27)
[zone] t137a__07 -> map 6 at (20,27)
[siege] battle joined until tick 1980000 (8 bands)
[zone] t137d__02 -> map 1 at (32,16)
[zone] t137d__02 -> map 1 at (32,16)
[soak] tick=600 online=15 entities=214 tickUs p50=797 p99=1933 worldHash=217f431954282d8c pkts=366/219912
[zone] t137d__00 -> map 1 at (34,16)
[zone] t137d__00 -> map 1 at (34,16)
[siege] Outer Gate breached by t137a__06
[soak] tick=1200 online=15 entities=208 tickUs p50=735 p99=1404 worldHash=ff34bb6033aee1b9 pkts=710/396765
[zone] t137a__06 -> map 1 at (32,16)
[zone] t137a__06 -> map 1 at (32,16)
[zone] t137a__07 -> map 1 at (32,16)
[zone] t137a__07 -> map 1 at (32,16)
[zone] t137d__00 -> map 6 at (20,27)
[zone] t137d__00 -> map 6 at (20,27)
[zone] t137a__02 -> map 1 at (34,16)
[zone] t137a__02 -> map 1 at (34,16)
[zone] t137a__05 -> map 1 at (32,16)
[zone] t137a__05 -> map 1 at (32,16)
[zone] t137a__00 -> map 1 at (34,16)
[zone] t137a__00 -> map 1 at (34,16)
[zone] t137a__08 -> map 1 at (32,16)
[zone] t137a__08 -> map 1 at (32,16)
[zone] t137a__01 -> map 1 at (32,16)
[zone] t137a__01 -> map 1 at (32,16)
[soak] tick=1800 online=15 entities=210 tickUs p50=791 p99=1340 worldHash=78b7c9e22cf9c400 pkts=1391/601369
[zone] t137a__05 -> map 6 at (20,27)
[zone] t137a__05 -> map 6 at (20,27)
[zone] t137d__00 -> map 1 at (34,16)
[siege] Inner Gate breached by t137a__04
[zone] t137d__00 -> map 1 at (34,16)
[zone] t137a__06 -> map 6 at (20,27)
[zone] t137a__06 -> map 6 at (20,27)
[zone] t137d__02 -> map 6 at (20,27)
[zone] t137d__02 -> map 6 at (20,27)
[zone] t137d__02 -> map 1 at (32,16)
[zone] t137d__02 -> map 1 at (32,16)
[zone] t137a__06 -> map 1 at (32,16)
[zone] t137a__06 -> map 1 at (32,16)
[soak] tick=2400 online=15 entities=207 tickUs p50=823 p99=1385 worldHash=bca77b48f5635e74 pkts=2029/825709
[zone] t137a__08 -> map 6 at (20,27)
[zone] t137a__08 -> map 6 at (20,27)
[zone] t137a__03 -> map 1 at (34,16)
[zone] t137a__03 -> map 1 at (34,16)
[zone] t137a__05 -> map 1 at (34,16)
[zone] t137a__05 -> map 1 at (34,16)
[zone] t137a__04 -> map 1 at (32,16)
[zone] t137a__04 -> map 1 at (32,16)
[zone] t137a__10 -> map 1 at (34,16)
[zone] t137a__10 -> map 1 at (34,16)
[zone] t137d__02 -> map 6 at (20,27)
[zone] t137d__02 -> map 6 at (20,27)
[zone] t137a__08 -> map 1 at (34,16)
[zone] t137a__08 -> map 1 at (34,16)
[zone] t137d__02 -> map 1 at (32,16)
[zone] t137d__02 -> map 1 at (32,16)
[zone] t137a__06 -> map 6 at (20,27)
[zone] t137a__06 -> map 6 at (20,27)
[soak] tick=3000 online=15 entities=208 tickUs p50=924 p99=1592 worldHash=d1f83f99b7570c7b pkts=2640/1114747
[zone] t137a__08 -> map 6 at (20,27)
[zone] t137a__08 -> map 6 at (20,27)
[zone] t137a__00 -> map 6 at (20,27)
[zone] t137a__00 -> map 6 at (20,27)
[zone] t137d__02 -> map 6 at (20,27)
[zone] t137d__02 -> map 6 at (20,27)
[zone] t137a__09 -> map 1 at (34,16)
[zone] t137a__09 -> map 1 at (34,16)
[zone] t137a__10 -> map 6 at (20,27)
[zone] t137a__10 -> map 6 at (20,27)
[zone] t137a__07 -> map 6 at (20,27)
[zone] t137a__07 -> map 6 at (20,27)
[zone] t137a__05 -> map 6 at (20,27)
[zone] t137a__05 -> map 6 at (20,27)
[zone] t137a__05 -> map 1 at (21,14)
[zone] t137a__05 -> map 1 at (21,14)
[zone] t137a__02 -> map 6 at (20,27)
[zone] t137a__02 -> map 6 at (20,27)
[zone] t137a__05 -> map 6 at (20,27)
[zone] t137a__05 -> map 6 at (20,27)
[zone] t137d__02 -> map 1 at (32,16)
[zone] t137d__02 -> map 1 at (32,16)
[soak] tick=3600 online=15 entities=206 tickUs p50=863 p99=1431 worldHash=74c223ba49ef50a6 pkts=3207/1357212
[zone] t137d__01 -> map 1 at (32,16)
[zone] t137d__01 -> map 1 at (32,16)
[zone] t137a__03 -> map 6 at (20,27)
[zone] t137a__03 -> map 6 at (20,27)
[zone] t137d__02 -> map 6 at (20,27)
[zone] t137d__02 -> map 6 at (20,27)
[zone] t137a__10 -> map 1 at (34,16)
[zone] t137a__10 -> map 1 at (34,16)
[zone] t137a__03 -> map 1 at (34,16)
[zone] t137a__03 -> map 1 at (34,16)
[zone] t137a__03 -> map 6 at (20,27)
[zone] t137a__03 -> map 6 at (20,27)
[zone] t137d__02 -> map 1 at (32,16)
[zone] t137d__02 -> map 1 at (32,16)
[soak] tick=4200 online=15 entities=205 tickUs p50=800 p99=1321 worldHash=2a7449a3ddf8d4a9 pkts=3828/1566856
[zone] t137a__05 -> map 1 at (34,16)
[zone] t137a__05 -> map 1 at (34,16)
[zone] t137d__02 -> map 6 at (20,27)
[zone] t137d__02 -> map 6 at (20,27)
[zone] t137a__05 -> map 6 at (20,27)
[zone] t137a__05 -> map 6 at (20,27)
[zone] t137a__06 -> map 1 at (32,16)
[zone] t137a__06 -> map 1 at (32,16)
[zone] t137a__10 -> map 6 at (20,27)
[zone] t137a__10 -> map 6 at (20,27)
[zone] t137d__02 -> map 1 at (34,16)
[zone] t137d__02 -> map 1 at (34,16)
[zone] t137a__10 -> map 1 at (21,14)
[zone] t137a__10 -> map 1 at (21,14)
[soak] tick=4800 online=15 entities=206 tickUs p50=797 p99=1355 worldHash=0329cbe449295c93 pkts=4415/1790590
[zone] t137a__02 -> map 1 at (34,16)
[zone] t137a__02 -> map 1 at (34,16)
[zone] t137d__02 -> map 6 at (20,27)
[zone] t137d__02 -> map 6 at (20,27)
[zone] t137d__02 -> map 1 at (34,16)
[zone] t137d__02 -> map 1 at (34,16)
[zone] t137a__05 -> map 1 at (34,16)
[zone] t137a__05 -> map 1 at (34,16)
[zone] t137d__02 -> map 6 at (20,27)
[zone] t137d__02 -> map 6 at (20,27)
[soak] tick=5400 online=15 entities=206 tickUs p50=859 p99=1483 worldHash=d3053460cb1f00d9 pkts=5014/2050295
[zone] t137a__02 -> map 6 at (20,27)
[zone] t137a__02 -> map 6 at (20,27)
[zone] t137d__02 -> map 1 at (34,16)
[zone] t137d__02 -> map 1 at (34,16)
[zone] t137a__10 -> map 6 at (20,27)
[zone] t137a__10 -> map 6 at (20,27)
[zone] t137d__02 -> map 6 at (20,27)
[zone] t137d__02 -> map 6 at (20,27)
[zone] t137a__06 -> map 6 at (20,27)
[zone] t137a__06 -> map 6 at (20,27)
[zone] t137a__05 -> map 6 at (20,27)
[zone] t137a__05 -> map 6 at (20,27)
[soak] tick=6000 online=15 entities=208 tickUs p50=878 p99=1488 worldHash=eaa298d809a686f2 pkts=5599/2301145
[zone] t137d__02 -> map 1 at (34,16)
[zone] t137d__02 -> map 1 at (34,16)
[zone] t137a__02 -> map 1 at (34,16)
[zone] t137a__02 -> map 1 at (34,16)
[zone] t137d__02 -> map 6 at (20,27)
[zone] t137d__02 -> map 6 at (20,27)
[zone] t137a__06 -> map 1 at (32,16)
[zone] t137a__06 -> map 1 at (32,16)
[zone] t137a__05 -> map 1 at (34,16)
[zone] t137a__05 -> map 1 at (34,16)
[zone] t137a__03 -> map 1 at (34,16)
[zone] t137a__03 -> map 1 at (34,16)
[zone] t137d__02 -> map 1 at (34,16)
[zone] t137d__02 -> map 1 at (34,16)
[soak] tick=6600 online=15 entities=209 tickUs p50=818 p99=1424 worldHash=fc4441a90ad23345 pkts=6233/2528726
[zone] t137a__07 -> map 1 at (34,16)
[zone] t137a__07 -> map 1 at (34,16)
[zone] t137a__02 -> map 6 at (20,27)
[zone] t137a__02 -> map 6 at (20,27)
[zone] t137d__02 -> map 6 at (20,27)
[zone] t137d__02 -> map 6 at (20,27)
[zone] t137a__10 -> map 1 at (34,16)
[zone] t137a__10 -> map 1 at (34,16)
[zone] t137a__06 -> map 6 at (20,27)
[zone] t137a__06 -> map 6 at (20,27)
[zone] t137a__06 -> map 1 at (21,14)
[zone] t137a__06 -> map 1 at (21,14)
[zone] t137a__10 -> map 6 at (20,27)
[zone] t137a__10 -> map 6 at (20,27)
[zone] t137a__08 -> map 1 at (34,16)
[zone] t137a__08 -> map 1 at (34,16)
[zone] t137a__03 -> map 6 at (20,27)
[zone] t137a__03 -> map 6 at (20,27)
[zone] t137a__03 -> map 1 at (21,14)
[zone] t137a__03 -> map 1 at (21,14)
[soak] tick=7200 online=15 entities=206 tickUs p50=922 p99=1552 worldHash=bbf8ed70885e41cc pkts=6834/2804782
[zone] t137a__07 -> map 6 at (20,27)
[zone] t137a__07 -> map 6 at (20,27)
[zone] t137d__02 -> map 1 at (34,16)
[zone] t137d__02 -> map 1 at (34,16)
[zone] t137d__02 -> map 6 at (20,27)
[zone] t137d__02 -> map 6 at (20,27)
[zone] t137a__00 -> map 1 at (34,16)
[zone] t137a__00 -> map 1 at (34,16)
[zone] t137a__05 -> map 6 at (20,27)
[zone] t137a__05 -> map 6 at (20,27)
[zone] t137a__02 -> map 1 at (34,16)
[zone] t137a__02 -> map 1 at (34,16)
[zone] t137a__06 -> map 6 at (20,27)
[zone] t137a__06 -> map 6 at (20,27)
[zone] t137a__06 -> map 1 at (21,14)
[zone] t137a__06 -> map 1 at (21,14)
[soak] tick=7800 online=15 entities=203 tickUs p50=904 p99=1457 worldHash=e5ca257e1208d2f3 pkts=7447/3082321
[zone] t137d__02 -> map 1 at (34,16)
[zone] t137d__02 -> map 1 at (34,16)
[zone] t137a__03 -> map 6 at (20,27)
[zone] t137a__03 -> map 6 at (20,27)
[zone] t137a__07 -> map 1 at (34,16)
[zone] t137a__07 -> map 1 at (34,16)
[zone] t137d__02 -> map 6 at (20,27)
[zone] t137d__02 -> map 6 at (20,27)
[zone] t137a__11 -> map 1 at (34,16)
[zone] t137a__11 -> map 1 at (34,16)
[zone] t137a__08 -> map 6 at (20,27)
[zone] t137a__08 -> map 6 at (20,27)
[zone] t137a__02 -> map 6 at (20,27)
[zone] t137a__02 -> map 6 at (20,27)
[soak] tick=8400 online=15 entities=203 tickUs p50=893 p99=1472 worldHash=d47cfd745521144e pkts=8054/3366068
[zone] t137a__06 -> map 6 at (20,27)
[zone] t137a__06 -> map 6 at (20,27)
[zone] t137a__09 -> map 6 at (20,27)
[zone] t137a__09 -> map 6 at (20,27)
[zone] t137a__09 -> map 1 at (21,14)
[zone] t137a__09 -> map 1 at (21,14)
[zone] t137a__05 -> map 1 at (34,16)
[zone] t137a__05 -> map 1 at (34,16)
[zone] t137a__04 -> map 6 at (20,27)
[zone] t137a__04 -> map 6 at (20,27)
[zone] t137a__04 -> map 1 at (21,14)
[zone] t137a__04 -> map 1 at (21,14)
[zone] t137d__02 -> map 1 at (34,16)
[zone] t137d__02 -> map 1 at (34,16)
[zone] t137a__04 -> map 6 at (20,27)
[zone] t137a__04 -> map 6 at (20,27)
[zone] t137a__06 -> map 1 at (32,16)
[zone] t137a__06 -> map 1 at (32,16)
[soak] tick=9000 online=15 entities=205 tickUs p50=873 p99=1418 worldHash=3e3900069671b1dd pkts=8689/3617367
[zone] t137a__02 -> map 1 at (34,16)
[zone] t137a__02 -> map 1 at (34,16)
[zone] t137a__00 -> map 6 at (20,27)
[zone] t137a__00 -> map 6 at (20,27)
[zone] t137a__03 -> map 1 at (34,16)
[zone] t137a__03 -> map 1 at (34,16)
[zone] t137a__06 -> map 6 at (20,27)
[zone] t137a__06 -> map 6 at (20,27)
[zone] t137a__06 -> map 1 at (21,14)
[zone] t137a__06 -> map 1 at (21,14)
[zone] t137a__03 -> map 6 at (20,27)
[zone] t137a__03 -> map 6 at (20,27)
[zone] t137a__05 -> map 6 at (20,27)
[zone] t137a__06 -> map 6 at (20,27)
[zone] t137a__05 -> map 6 at (20,27)
[zone] t137a__06 -> map 6 at (20,27)
[zone] t137a__09 -> map 6 at (20,27)
[zone] t137a__09 -> map 6 at (20,27)
[zone] t137d__02 -> map 6 at (20,27)
[zone] t137d__02 -> map 6 at (20,27)
[soak] tick=9600 online=15 entities=206 tickUs p50=893 p99=1488 worldHash=1dc0ae3cb933c86d pkts=9306/3897415
[zone] t137a__11 -> map 6 at (20,27)
[zone] t137a__11 -> map 6 at (20,27)
[zone] t137a__07 -> map 6 at (20,27)
[zone] t137a__07 -> map 6 at (20,27)
[zone] t137a__08 -> map 1 at (34,16)
[zone] t137a__08 -> map 1 at (34,16)
[zone] t137a__09 -> map 1 at (34,16)
[zone] t137a__09 -> map 1 at (34,16)
[zone] t137a__01 -> map 6 at (20,27)
[zone] t137a__01 -> map 6 at (20,27)
[zone] t137a__02 -> map 6 at (20,27)
[zone] t137a__02 -> map 6 at (20,27)
[zone] t137a__11 -> map 1 at (34,16)
[zone] t137a__11 -> map 1 at (34,16)
[zone] t137d__02 -> map 1 at (34,16)
[zone] t137d__02 -> map 1 at (34,16)
[soak] tick=10200 online=15 entities=206 tickUs p50=805 p99=1322 worldHash=0fb16241e77a3cd5 pkts=9968/4097672
[zone] t137a__02 -> map 1 at (34,16)
[zone] t137a__02 -> map 1 at (34,16)
[zone] t137a__03 -> map 1 at (34,16)
[zone] t137a__03 -> map 1 at (34,16)
[zone] t137a__07 -> map 1 at (34,16)
[zone] t137a__07 -> map 1 at (34,16)
[zone] t137a__05 -> map 1 at (34,16)
[zone] t137a__05 -> map 1 at (34,16)
[zone] t137a__00 -> map 1 at (34,16)
[zone] t137a__00 -> map 1 at (34,16)
[zone] t137d__02 -> map 6 at (20,27)
[zone] t137d__02 -> map 6 at (20,27)
[zone] t137a__10 -> map 1 at (34,16)
[zone] t137a__10 -> map 1 at (34,16)
[soak] tick=10800 online=15 entities=205 tickUs p50=873 p99=1441 worldHash=c1df08f18c4c32be pkts=10642/4353085
[zone] t137a__05 -> map 6 at (20,27)
[zone] t137a__05 -> map 6 at (20,27)
[zone] t137a__05 -> map 1 at (21,14)
[zone] t137a__05 -> map 1 at (21,14)
[zone] t137a__04 -> map 1 at (34,16)
[zone] t137a__04 -> map 1 at (34,16)
[zone] t137a__09 -> map 6 at (20,27)
[zone] t137a__09 -> map 6 at (20,27)
[zone] t137a__08 -> map 6 at (20,27)
[zone] t137a__08 -> map 6 at (20,27)
[zone] t137d__02 -> map 1 at (34,16)
[zone] t137d__02 -> map 1 at (34,16)
[zone] t137d__01 -> map 6 at (20,27)
[zone] t137d__01 -> map 6 at (20,27)
[zone] t137a__06 -> map 1 at (32,16)
[zone] t137a__06 -> map 1 at (32,16)
[zone] t137a__00 -> map 6 at (20,27)
[zone] t137a__00 -> map 6 at (20,27)
[zone] t137a__07 -> map 6 at (20,27)
[zone] t137a__07 -> map 6 at (20,27)
[soak] tick=11400 online=15 entities=206 tickUs p50=948 p99=1586 worldHash=bd669a0333c4a8c6 pkts=11294/4652533
[zone] t137d__00 -> map 6 at (20,27)
[zone] t137d__00 -> map 6 at (20,27)
[zone] t137a__04 -> map 6 at (20,27)
[zone] t137a__04 -> map 6 at (20,27)
[zone] t137a__04 -> map 1 at (21,14)
[zone] t137a__04 -> map 1 at (21,14)
[zone] t137a__04 -> map 6 at (20,27)
[zone] t137a__04 -> map 6 at (20,27)
[zone] t137a__01 -> map 1 at (34,16)
[zone] t137a__01 -> map 1 at (34,16)
[zone] t137a__01 -> map 6 at (20,27)
[zone] t137a__01 -> map 6 at (20,27)
[zone] t137a__03 -> map 6 at (20,27)
[zone] t137a__03 -> map 6 at (20,27)
[zone] t137a__03 -> map 1 at (21,14)
[zone] t137a__03 -> map 1 at (21,14)
[zone] t137d__02 -> map 6 at (20,27)
[zone] t137d__02 -> map 6 at (20,27)
[zone] t137a__11 -> map 6 at (20,27)
[zone] t137a__11 -> map 6 at (20,27)
[soak] tick=12000 online=15 entities=206 tickUs p50=847 p99=1450 worldHash=7d6ca053849c9e90 pkts=11913/4875985
[zone] t137a__11 -> map 1 at (21,14)
[zone] t137a__11 -> map 1 at (21,14)
