[siege-trace] t137a__04 t=39643 (19,12) map=1 stage=0 hp=100%
[siege-trace] t137a__08 t=39644 (5,21) map=1 stage=0 hp=100%
[siege-trace] t137a__01 t=39644 (22,29) map=1 stage=0 hp=100%
[siege-trace] t137a__00 t=39644 (40,6) map=1 stage=0 hp=100%
[siege-trace] t137a__11 t=39644 (26,25) map=1 stage=0 hp=100%
[siege-trace] t137a__09 t=39644 (32,16) map=1 stage=0 hp=100%
[siege-trace] t137a__06 t=39644 (37,7) map=1 stage=0 hp=100%
[siege-trace] t137a__10 t=39644 (31,14) map=1 stage=0 hp=100%
[siege-trace] t137a__05 t=39645 (22,12) map=1 stage=0 hp=100%
[siege-trace] t137a__03 t=39645 (26,17) map=1 stage=0 hp=100%
[siege-trace] t137a__02 t=39646 (31,3) map=1 stage=0 hp=100%
[siege-trace] t137a__07 t=39647 (33,16) map=1 stage=0 hp=100%
[siege-trace] t137a__00 t=39674 (14,23) map=6 stage=2 hp=59%
[siege-trace] t137a__06 t=39674 (25,13) map=6 stage=2 hp=100%
[siege-trace] t137a__09 t=39674 (18,1) map=6 stage=2 hp=100%
[siege-trace] t137a__10 t=39675 (15,14) map=6 stage=2 hp=100%
[siege-trace] t137a__11 t=39675 (29,17) map=6 stage=2 hp=100%
[siege-trace] t137a__04 t=39676 (31,14) map=6 stage=2 hp=81%
[siege-trace] t137a__02 t=39676 (18,16) map=6 stage=2 hp=100%
[siege-trace] t137a__03 t=39677 (11,15) map=6 stage=2 hp=94%
[siege-trace] t137a__07 t=39677 (36,19) map=6 stage=2 hp=100%
[siege-trace] t137a__01 t=39677 (11,26) map=6 stage=2 hp=100%
[siege-trace] t137a__08 t=39678 (29,27) map=6 stage=2 hp=100%
[siege-trace] t137a__05 t=39679 (33,26) map=6 stage=2 hp=84%
[siege-trace] t137a__00 t=39704 (23,11) map=6 stage=3 hp=62%
[siege-trace] t137a__06 t=39704 (23,11) map=6 stage=3 hp=100%
[siege-trace] t137a__09 t=39704 (23,10) map=6 stage=3 hp=100%
[siege-trace] t137a__10 t=39705 (23,10) map=6 stage=3 hp=100%
[siege-trace] t137a__11 t=39705 (23,10) map=6 stage=3 hp=100%
[siege-trace] t137a__04 t=39706 (23,11) map=6 stage=3 hp=86%
[siege-trace] t137a__02 t=39706 (23,10) map=6 stage=3 hp=100%
[siege-trace] t137a__03 t=39707 (23,11) map=6 stage=3 hp=96%
[siege-trace] t137a__07 t=39707 (23,10) map=6 stage=3 hp=100%
[siege-trace] t137a__01 t=39707 (23,11) map=6 stage=3 hp=100%
[siege-trace] t137a__08 t=39708 (23,11) map=6 stage=3 hp=95%
[siege-trace] t137a__05 t=39709 (23,10) map=6 stage=3 hp=89%
[siege-trace] t137a__00 t=39734 (26,10) map=6 stage=4 hp=67%
[siege-trace] t137a__06 t=39734 (26,10) map=6 stage=4 hp=100%
[siege-trace] t137a__09 t=39734 (26,10) map=6 stage=4 hp=100%
[siege-trace] t137a__10 t=39735 (26,10) map=6 stage=4 hp=100%
[siege-trace] t137a__11 t=39735 (26,10) map=6 stage=4 hp=100%
[siege-trace] t137a__04 t=39736 (26,10) map=6 stage=4 hp=91%
[siege-trace] t137a__02 t=39736 (26,10) map=6 stage=4 hp=100%
[siege-trace] t137a__03 t=39737 (26,10) map=6 stage=4 hp=100%
[siege-trace] t137a__07 t=39737 (26,10) map=6 stage=4 hp=100%
[siege-trace] t137a__01 t=39737 (26,10) map=6 stage=4 hp=100%
[siege-trace] t137a__08 t=39738 (26,10) map=6 stage=4 hp=100%
[siege-trace] t137a__05 t=39739 (26,10) map=6 stage=4 hp=95%
[siege-trace] t137a__00 t=39764 (12,21) map=6 stage=5 hp=72%
[siege-trace] t137a__06 t=39764 (12,21) map=6 stage=5 hp=88%
[siege-trace] t137a__09 t=39764 (28,10) map=6 stage=5 hp=100%
[siege-trace] t137a__10 t=39765 (12,22) map=6 stage=5 hp=100%
[siege-trace] t137a__11 t=39765 (28,10) map=6 stage=5 hp=100%
[siege-trace] t137a__04 t=39766 (12,21) map=6 stage=5 hp=97%
[siege-trace] t137a__02 t=39766 (12,22) map=6 stage=5 hp=100%
[siege-trace] t137a__03 t=39767 (28,10) map=6 stage=5 hp=100%
[siege-trace] t137a__07 t=39767 (28,10) map=6 stage=5 hp=100%
[siege-trace] t137a__01 t=39767 (28,10) map=6 stage=5 hp=100%
[siege-trace] t137a__08 t=39768 (12,22) map=6 stage=5 hp=100%
[siege-trace] t137a__05 t=39769 (28,10) map=6 stage=5 hp=100%
[siege-trace] t137a__00 t=39794 (21,16) map=6 stage=5 hp=78%
[siege-trace] t137a__06 t=39794 (21,16) map=6 stage=5 hp=86%
[siege-trace] t137a__09 t=39794 (28,10) map=6 stage=5 hp=100%
[siege-trace] t137a__10 t=39795 (21,16) map=6 stage=5 hp=89%
[siege-trace] t137a__11 t=39795 (28,10) map=6 stage=5 hp=100%
[siege-trace] t137a__04 t=39796 (21,16) map=6 stage=5 hp=100%
[siege-trace] t137a__02 t=39796 (21,16) map=6 stage=5 hp=100%
[siege-trace] t137a__03 t=39797 (28,10) map=6 stage=5 hp=100%
[siege-trace] t137a__07 t=39797 (28,10) map=6 stage=5 hp=100%
[siege-trace] t137a__01 t=39797 (28,10) map=6 stage=5 hp=100%
[siege-trace] t137a__08 t=39798 (21,16) map=6 stage=5 hp=100%
[siege-trace] t137a__05 t=39799 (28,10) map=6 stage=5 hp=100%
[siege-trace] t137a__00 t=39824 (25,18) map=6 stage=5 hp=83%
[siege-trace] t137a__06 t=39824 (25,18) map=6 stage=5 hp=90%
[siege-trace] t137a__09 t=39824 (28,10) map=6 stage=5 hp=100%
[siege-trace] t137a__10 t=39825 (25,18) map=6 stage=5 hp=92%
[siege-trace] t137a__11 t=39825 (28,10) map=6 stage=5 hp=100%
[siege-trace] t137a__04 t=39826 (25,18) map=6 stage=5 hp=100%
[siege-trace] t137a__02 t=39826 (25,18) map=6 stage=5 hp=100%
[siege-trace] t137a__03 t=39827 (28,10) map=6 stage=5 hp=100%
[siege-trace] t137a__07 t=39827 (28,10) map=6 stage=5 hp=100%
[siege-trace] t137a__01 t=39827 (28,10) map=6 stage=5 hp=100%
[siege-trace] t137a__08 t=39828 (25,18) map=6 stage=5 hp=100%
[siege-trace] t137a__05 t=39829 (28,10) map=6 stage=5 hp=100%
[siege-trace] t137a__00 t=39854 (19,16) map=6 stage=5 hp=89%
[siege-trace] t137a__06 t=39854 (19,16) map=6 stage=5 hp=96%
[siege-trace] t137a__09 t=39854 (28,10) map=6 stage=5 hp=100%
[siege-trace] t137a__10 t=39855 (19,16) map=6 stage=5 hp=98%
[siege-trace] t137a__11 t=39855 (28,10) map=6 stage=5 hp=100%
[siege-trace] t137a__04 t=39856 (19,16) map=6 stage=5 hp=100%
[siege-trace] t137a__02 t=39856 (19,16) map=6 stage=5 hp=100%
[siege-trace] t137a__03 t=39857 (28,10) map=6 stage=5 hp=100%
[siege-trace] t137a__07 t=39857 (28,10) map=6 stage=5 hp=100%
[siege-trace] t137a__01 t=39857 (28,10) map=6 stage=5 hp=100%
[siege-trace] t137a__08 t=39858 (19,16) map=6 stage=5 hp=100%
[siege-trace] t137a__05 t=39859 (28,10) map=6 stage=5 hp=100%
[siege-trace] t137a__00 t=39884 (20,16) map=6 stage=5 hp=83%
[siege-trace] t137a__06 t=39884 (20,16) map=6 stage=5 hp=100%
[siege-trace] t137a__09 t=39884 (28,10) map=6 stage=5 hp=100%
[siege-trace] t137a__10 t=39885 (20,16) map=6 stage=5 hp=100%
[siege-trace] t137a__11 t=39885 (28,10) map=6 stage=5 hp=100%
[siege-trace] t137a__04 t=39886 (20,16) map=6 stage=5 hp=100%
[siege-trace] t137a__02 t=39886 (20,16) map=6 stage=5 hp=100%
[siege-trace] t137a__03 t=39887 (28,10) map=6 stage=5 hp=100%
[siege-trace] t137a__07 t=39887 (28,10) map=6 stage=5 hp=100%
[siege-trace] t137a__01 t=39887 (28,10) map=6 stage=5 hp=100%
[siege-trace] t137a__08 t=39888 (20,16) map=6 stage=5 hp=100%
[siege-trace] t137a__05 t=39889 (28,10) map=6 stage=5 hp=100%
[siege-trace] t137a__00 t=39914 (25,17) map=6 stage=5 hp=89%
[siege-trace] t137a__06 t=39914 (25,17) map=6 stage=5 hp=100%
[siege-trace] t137a__09 t=39914 (28,10) map=6 stage=5 hp=100%
[siege-trace] t137a__10 t=39915 (21,17) map=6 stage=5 hp=95%
[siege-trace] t137a__11 t=39915 (28,10) map=6 stage=5 hp=100%
[siege-trace] t137a__02 t=39916 (17,17) map=6 stage=5 hp=100%
[siege-trace] t137a__04 t=39916 (17,17) map=6 stage=5 hp=100%
[siege-trace] t137a__03 t=39917 (28,10) map=6 stage=5 hp=100%
[siege-trace] t137a__07 t=39917 (28,10) map=6 stage=5 hp=100%
[siege-trace] t137a__01 t=39917 (28,10) map=6 stage=5 hp=100%
[siege-trace] t137a__08 t=39918 (15,17) map=6 stage=5 hp=100%
[siege-trace] t137a__05 t=39919 (28,10) map=6 stage=5 hp=100%
[siege-trace] t137a__00 t=39944 (20,15) map=6 stage=5 hp=74%
[siege-trace] t137a__06 t=39944 (20,15) map=6 stage=5 hp=100%
[siege-trace] t137a__09 t=39944 (28,10) map=6 stage=5 hp=100%
[siege-trace] t137a__10 t=39945 (20,15) map=6 stage=5 hp=97%
[siege-trace] t137a__11 t=39945 (28,10) map=6 stage=5 hp=100%
[siege-trace] t137a__02 t=39946 (20,15) map=6 stage=5 hp=100%
[siege-trace] t137a__04 t=39946 (20,15) map=6 stage=5 hp=100%
[siege-trace] t137a__03 t=39947 (28,10) map=6 stage=5 hp=100%
[siege-trace] t137a__07 t=39947 (28,10) map=6 stage=5 hp=100%
[siege-trace] t137a__01 t=39947 (28,10) map=6 stage=5 hp=100%
[siege-trace] t137a__08 t=39948 (20,15) map=6 stage=5 hp=100%
[siege-trace] t137a__05 t=39949 (28,10) map=6 stage=5 hp=100%
[siege-trace] t137a__00 t=39974 (25,17) map=6 stage=5 hp=78%
[siege-trace] t137a__06 t=39974 (25,17) map=6 stage=5 hp=100%
[siege-trace] t137a__09 t=39974 (28,10) map=6 stage=5 hp=100%
[siege-trace] t137a__10 t=39975 (25,17) map=6 stage=5 hp=92%
[siege-trace] t137a__11 t=39975 (28,10) map=6 stage=5 hp=100%
[siege-trace] t137a__02 t=39976 (25,17) map=6 stage=5 hp=100%
[siege-trace] t137a__04 t=39976 (25,17) map=6 stage=5 hp=100%
[siege-trace] t137a__03 t=39977 (28,10) map=6 stage=5 hp=100%
[siege-trace] t137a__07 t=39977 (28,10) map=6 stage=5 hp=100%
[siege-trace] t137a__01 t=39977 (28,10) map=6 stage=5 hp=100%
[siege-trace] t137a__08 t=39978 (25,17) map=6 stage=5 hp=100%
[siege-trace] t137a__05 t=39979 (28,10) map=6 stage=5 hp=100%
[siege-trace] t137a__00 t=40004 (21,14) map=6 stage=5 hp=83%
[siege-trace] t137a__06 t=40004 (21,14) map=6 stage=5 hp=100%
[siege-trace] t137a__09 t=40004 (28,10) map=6 stage=5 hp=100%
[siege-trace] t137a__10 t=40005 (21,14) map=6 stage=5 hp=89%
[siege-trace] t137a__11 t=40005 (28,10) map=6 stage=5 hp=100%
[siege-trace] t137a__02 t=40006 (21,14) map=6 stage=5 hp=100%
[siege-trace] t137a__04 t=40006 (21,14) map=6 stage=5 hp=100%
[siege-trace] t137a__03 t=40007 (28,10) map=6 stage=5 hp=100%
[siege-trace] t137a__07 t=40007 (28,10) map=6 stage=5 hp=100%
[siege-trace] t137a__01 t=40007 (28,10) map=6 stage=5 hp=100%
[siege-trace] t137a__08 t=40009 (21,17) map=6 stage=5 hp=100%
[siege-trace] t137a__05 t=40009 (28,10) map=6 stage=5 hp=100%
[siege-trace] t137a__00 t=40034 (15,16) map=6 stage=5 hp=89%
[siege-trace] t137a__06 t=40034 (15,16) map=6 stage=5 hp=100%
[siege-trace] t137a__09 t=40034 (28,10) map=6 stage=5 hp=100%
[siege-trace] t137a__10 t=40035 (15,16) map=6 stage=5 hp=82%
[siege-trace] t137a__11 t=40035 (28,10) map=6 stage=5 hp=100%
[siege-trace] t137a__02 t=40036 (15,16) map=6 stage=5 hp=100%
[siege-trace] t137a__04 t=40036 (15,16) map=6 stage=5 hp=100%
[siege-trace] t137a__03 t=40037 (28,10) map=6 stage=5 hp=100%
[siege-trace] t137a__07 t=40037 (28,10) map=6 stage=5 hp=100%
[siege-trace] t137a__01 t=40037 (28,10) map=6 stage=5 hp=100%
[siege-trace] t137a__08 t=40039 (15,16) map=6 stage=5 hp=100%
[siege-trace] t137a__05 t=40039 (28,10) map=6 stage=5 hp=100%
[siege-trace] t137a__00 t=40064 (15,17) map=6 stage=5 hp=84%
[siege-trace] t137a__06 t=40064 (15,17) map=6 stage=5 hp=100%
[siege-trace] t137a__09 t=40064 (28,10) map=6 stage=5 hp=100%
[siege-trace] t137a__10 t=40065 (15,17) map=6 stage=5 hp=88%
[siege-trace] t137a__11 t=40065 (28,10) map=6 stage=5 hp=100%
[siege-trace] t137a__02 t=40066 (15,17) map=6 stage=5 hp=100%
[siege-trace] t137a__04 t=40066 (15,17) map=6 stage=5 hp=100%
[siege-trace] t137a__03 t=40067 (28,10) map=6 stage=5 hp=100%
[siege-trace] t137a__07 t=40067 (28,10) map=6 stage=5 hp=100%
[siege-trace] t137a__01 t=40067 (28,10) map=6 stage=5 hp=100%
[siege-trace] t137a__08 t=40069 (15,17) map=6 stage=5 hp=100%
[siege-trace] t137a__05 t=40069 (28,10) map=6 stage=5 hp=100%
[siege-trace] t137a__00 t=40094 (26,11) map=6 stage=5 hp=89%
[siege-trace] t137a__06 t=40094 (26,11) map=6 stage=5 hp=100%
[siege-trace] t137a__09 t=40094 (28,10) map=6 stage=5 hp=100%
[siege-trace] t137a__10 t=40095 (26,11) map=6 stage=5 hp=87%
[siege-trace] t137a__11 t=40095 (28,10) map=6 stage=5 hp=95%
[siege-trace] t137a__02 t=40096 (26,11) map=6 stage=5 hp=100%
[siege-trace] t137a__04 t=40096 (26,11) map=6 stage=5 hp=100%
[siege-trace] t137a__03 t=40097 (28,10) map=6 stage=5 hp=100%
[siege-trace] t137a__07 t=40097 (28,10) map=6 stage=5 hp=100%
[siege-trace] t137a__01 t=40097 (28,10) map=6 stage=5 hp=100%
[siege-trace] t137a__08 t=40099 (26,11) map=6 stage=5 hp=100%
[siege-trace] t137a__05 t=40099 (28,10) map=6 stage=5 hp=100%
[siege-trace] t137a__00 t=40124 (22,18) map=6 stage=5 hp=81%
[siege-trace] t137a__06 t=40124 (22,18) map=6 stage=5 hp=100%
[siege-trace] t137a__09 t=40124 (28,10) map=6 stage=5 hp=100%
[siege-trace] t137a__10 t=40125 (22,18) map=6 stage=5 hp=92%
[siege-trace] t137a__11 t=40125 (28,10) map=6 stage=5 hp=100%
[siege-trace] t137a__02 t=40126 (22,18) map=6 stage=5 hp=100%
[siege-trace] t137a__04 t=40126 (22,18) map=6 stage=5 hp=100%
[siege-trace] t137a__03 t=40127 (28,10) map=6 stage=5 hp=100%
[siege-trace] t137a__07 t=40127 (28,10) map=6 stage=5 hp=100%
[siege-trace] t137a__01 t=40127 (28,10) map=6 stage=5 hp=100%
[siege-trace] t137a__05 t=40129 (28,10) map=6 stage=5 hp=100%
[siege-trace] t137a__08 t=40129 (16,16) map=6 stage=5 hp=100%
[siege-trace] t137a__00 t=40154 (16,16) map=6 stage=5 hp=84%
[siege-trace] t137a__09 t=40154 (28,10) map=6 stage=5 hp=100%
[siege-trace] t137a__06 t=40155 (19,14) map=6 stage=5 hp=100%
[siege-trace] t137a__10 t=40155 (19,14) map=6 stage=5 hp=88%
[siege-trace] t137a__11 t=40155 (28,10) map=6 stage=5 hp=100%
[siege-trace] t137a__02 t=40156 (22,17) map=6 stage=5 hp=100%
[siege-trace] t137a__04 t=40156 (22,17) map=6 stage=5 hp=100%
[siege-trace] t137a__03 t=40157 (28,10) map=6 stage=5 hp=100%
[siege-trace] t137a__07 t=40157 (28,10) map=6 stage=5 hp=100%
[siege-trace] t137a__01 t=40157 (28,10) map=6 stage=5 hp=100%
[siege-trace] t137a__05 t=40159 (28,10) map=6 stage=5 hp=100%
[siege-trace] t137a__08 t=40159 (24,19) map=6 stage=5 hp=100%
[siege-trace] t137a__00 t=40184 (16,17) map=6 stage=5 hp=86%
[siege-trace] t137a__09 t=40184 (28,10) map=6 stage=5 hp=100%
[siege-trace] t137a__06 t=40185 (16,17) map=6 stage=5 hp=100%
[siege-trace] t137a__10 t=40185 (16,17) map=6 stage=5 hp=90%
[siege-trace] t137a__11 t=40185 (28,10) map=6 stage=5 hp=100%
[siege-trace] t137a__02 t=40186 (16,17) map=6 stage=5 hp=100%
[siege-trace] t137a__04 t=40186 (16,17) map=6 stage=5 hp=100%
[siege-trace] t137a__03 t=40187 (28,10) map=6 stage=5 hp=100%
[siege-trace] t137a__07 t=40187 (28,10) map=6 stage=5 hp=100%
[siege-trace] t137a__01 t=40187 (28,10) map=6 stage=5 hp=100%
[siege-trace] t137a__05 t=40189 (28,10) map=6 stage=5 hp=100%
[siege-trace] t137a__08 t=40189 (16,17) map=6 stage=5 hp=100%
[siege-trace] t137a__00 t=40214 (16,17) map=6 stage=5 hp=76%
[siege-trace] t137a__09 t=40214 (28,10) map=6 stage=5 hp=100%
[siege-trace] t137a__06 t=40215 (16,17) map=6 stage=5 hp=100%
[siege-trace] t137a__10 t=40215 (16,17) map=6 stage=5 hp=95%
[siege-trace] t137a__11 t=40215 (28,10) map=6 stage=5 hp=100%
[siege-trace] t137a__02 t=40216 (16,17) map=6 stage=5 hp=100%
[siege-trace] t137a__04 t=40216 (16,17) map=6 stage=5 hp=100%
[siege-trace] t137a__03 t=40217 (28,10) map=6 stage=5 hp=100%
[siege-trace] t137a__07 t=40217 (28,10) map=6 stage=5 hp=100%
[siege-trace] t137a__01 t=40217 (28,10) map=6 stage=5 hp=100%
[siege-trace] t137a__05 t=40219 (28,10) map=6 stage=5 hp=100%
[siege-trace] t137a__08 t=40219 (16,17) map=6 stage=5 hp=100%
[siege-trace] t137a__00 t=40244 (16,16) map=6 stage=5 hp=65%
[siege-trace] t137a__09 t=40244 (28,10) map=6 stage=5 hp=100%
[siege-trace] t137a__06 t=40245 (16,16) map=6 stage=5 hp=100%
[siege-trace] t137a__10 t=40245 (16,16) map=6 stage=5 hp=100%
[siege-trace] t137a__11 t=40245 (28,10) map=6 stage=5 hp=100%
[siege-trace] t137a__02 t=40246 (16,16) map=6 stage=5 hp=100%
[siege-trace] t137a__04 t=40246 (16,16) map=6 stage=5 hp=100%
[siege-trace] t137a__03 t=40247 (28,10) map=6 stage=5 hp=100%
[siege-trace] t137a__07 t=40247 (28,10) map=6 stage=5 hp=100%
[siege-trace] t137a__01 t=40247 (28,10) map=6 stage=5 hp=100%
[siege-trace] t137a__05 t=40249 (28,10) map=6 stage=5 hp=100%
[siege-trace] t137a__08 t=40249 (16,16) map=6 stage=5 hp=100%
[siege-trace] t137a__00 t=40274 (24,19) map=6 stage=5 hp=63%
[siege-trace] t137a__09 t=40274 (28,10) map=6 stage=5 hp=100%
[siege-trace] t137a__06 t=40275 (24,19) map=6 stage=5 hp=100%
[siege-trace] t137a__10 t=40275 (24,19) map=6 stage=5 hp=100%
[siege-trace] t137a__11 t=40275 (28,10) map=6 stage=5 hp=100%
[siege-trace] t137a__02 t=40276 (24,19) map=6 stage=5 hp=100%
[siege-trace] t137a__04 t=40276 (24,19) map=6 stage=5 hp=100%
[siege-trace] t137a__03 t=40277 (28,10) map=6 stage=5 hp=100%
[siege-trace] t137a__07 t=40277 (28,10) map=6 stage=5 hp=100%
[siege-trace] t137a__01 t=40277 (28,10) map=6 stage=5 hp=100%
[siege-trace] t137a__05 t=40279 (28,10) map=6 stage=5 hp=100%
[siege-trace] t137a__08 t=40279 (24,19) map=6 stage=5 hp=100%
[siege-trace] t137a__00 t=40304 (20,18) map=6 stage=5 hp=60%
[siege-trace] t137a__09 t=40304 (28,10) map=6 stage=5 hp=100%
[siege-trace] t137a__06 t=40305 (20,18) map=6 stage=5 hp=100%
[siege-trace] t137a__11 t=40305 (28,10) map=6 stage=5 hp=100%
[siege-trace] t137a__10 t=40306 (23,18) map=6 stage=5 hp=100%
[siege-trace] t137a__03 t=40307 (28,10) map=6 stage=5 hp=100%
[siege-trace] t137a__02 t=40307 (25,18) map=6 stage=5 hp=100%
[siege-trace] t137a__04 t=40307 (25,18) map=6 stage=5 hp=100%
[siege-trace] t137a__07 t=40307 (28,10) map=6 stage=5 hp=100%
[siege-trace] t137a__01 t=40307 (28,10) map=6 stage=5 hp=100%
[siege-trace] t137a__05 t=40309 (28,10) map=6 stage=5 hp=100%
[siege-trace] t137a__08 t=40309 (25,18) map=6 stage=5 hp=100%
[siege-trace] t137a__00 t=40334 (15,13) map=6 stage=5 hp=56%
[siege-trace] t137a__09 t=40334 (28,10) map=6 stage=5 hp=100%
[siege-trace] t137a__06 t=40335 (15,13) map=6 stage=5 hp=100%
[siege-trace] t137a__11 t=40335 (28,10) map=6 stage=5 hp=100%
[siege-trace] t137a__10 t=40336 (15,13) map=6 stage=5 hp=93%
[siege-trace] t137a__03 t=40337 (28,10) map=6 stage=5 hp=100%
[siege-trace] t137a__02 t=40337 (15,13) map=6 stage=5 hp=100%
[siege-trace] t137a__04 t=40337 (15,13) map=6 stage=5 hp=100%
[siege-trace] t137a__07 t=40337 (28,10) map=6 stage=5 hp=100%
[siege-trace] t137a__01 t=40337 (28,10) map=6 stage=5 hp=100%
[siege-trace] t137a__05 t=40339 (28,10) map=6 stage=5 hp=100%
[siege-trace] t137a__08 t=40339 (15,13) map=6 stage=5 hp=100%
[siege-trace] t137a__00 t=40364 (26,21) map=6 stage=5 hp=61%
[siege-trace] t137a__09 t=40364 (28,10) map=6 stage=5 hp=100%
[siege-trace] t137a__06 t=40365 (26,21) map=6 stage=5 hp=100%
[siege-trace] t137a__11 t=40365 (28,10) map=6 stage=5 hp=100%
[siege-trace] t137a__10 t=40366 (26,21) map=6 stage=5 hp=92%
[siege-trace] t137a__03 t=40367 (28,10) map=6 stage=5 hp=100%
[siege-trace] t137a__02 t=40367 (26,21) map=6 stage=5 hp=100%
[siege-trace] t137a__04 t=40367 (26,21) map=6 stage=5 hp=100%
[siege-trace] t137a__07 t=40367 (28,10) map=6 stage=5 hp=100%
[siege-trace] t137a__01 t=40367 (28,10) map=6 stage=5 hp=100%
[siege-trace] t137a__05 t=40369 (28,10) map=6 stage=5 hp=100%
[siege-trace] t137a__08 t=40369 (22,17) map=6 stage=5 hp=100%
[bots] CRYPT bossSeen=0 bossKills=0 curse=0 slam=0
[bots] SIEGE reg=12 breach=360 crown=659
[bots] SUMMARY welcomed=12/12 moved=12/12 minDeltas=15000 kills=103 pots=1 swings=14 deaths=0 shops=0 anvilTries=0 levelDrops=0 regear=0 maxLevel=15 pkts=2494577 bytes=59639827 gates b/g/p/a/r=0/0/0/0/0 mGold=0 mPelts=0 bless=0 mend=0 noSee=0 hurt=0 choir c6=0 c7=0 c8=0
[bots] t137a__00    kit=1 lvl=15 hp=183/274 party=0 deaths=0 rxR=748 rxM=0 lastPid=0 casts c6=0 c7=0 c8=0 bossSeen=0 bossKills=0 curse=0 slam=0 lastDeath=(-1,-1) killerByLvl=
[bots] t137a__01    kit=1 lvl=15 hp=274/274 party=0 deaths=0 rxR=748 rxM=0 lastPid=0 casts c6=0 c7=0 c8=0 bossSeen=0 bossKills=0 curse=0 slam=0 lastDeath=(-1,-1) killerByLvl=
[bots] t137a__02    kit=1 lvl=15 hp=274/274 party=0 deaths=0 rxR=748 rxM=0 lastPid=0 casts c6=0 c7=0 c8=0 bossSeen=0 bossKills=0 curse=0 slam=0 lastDeath=(-1,-1) killerByLvl=
[bots] t137a__03    kit=1 lvl=15 hp=274/274 party=0 deaths=0 rxR=748 rxM=0 lastPid=0 casts c6=0 c7=0 c8=0 bossSeen=0 bossKills=0 curse=0 slam=0 lastDeath=(-1,-1) killerByLvl=
[bots] t137a__04    kit=1 lvl=15 hp=274/274 party=0 deaths=0 rxR=748 rxM=0 lastPid=0 casts c6=0 c7=0 c8=0 bossSeen=0 bossKills=0 curse=0 slam=0 lastDeath=(-1,-1) killerByLvl=
[bots] t137a__05    kit=1 lvl=15 hp=274/274 party=1 deaths=0 rxR=753 rxM=752 lastPid=2 casts c6=0 c7=0 c8=0 bossSeen=0 bossKills=0 curse=0 slam=0 lastDeath=(-1,-1) killerByLvl=
[bots] t137a__06    kit=1 lvl=15 hp=274/274 party=0 deaths=0 rxR=749 rxM=0 lastPid=0 casts c6=0 c7=0 c8=0 bossSeen=0 bossKills=0 curse=0 slam=0 lastDeath=(-1,-1) killerByLvl=
[bots] t137a__07    kit=1 lvl=15 hp=274/274 party=0 deaths=0 rxR=748 rxM=0 lastPid=0 casts c6=0 c7=0 c8=0 bossSeen=0 bossKills=0 curse=0 slam=0 lastDeath=(-1,-1) killerByLvl=
[bots] t137a__08    kit=1 lvl=15 hp=274/274 party=0 deaths=0 rxR=748 rxM=0 lastPid=0 casts c6=0 c7=0 c8=0 bossSeen=0 bossKills=0 curse=0 slam=0 lastDeath=(-1,-1) killerByLvl=
[bots] t137a__09    kit=1 lvl=15 hp=274/274 party=0 deaths=0 rxR=748 rxM=0 lastPid=0 casts c6=0 c7=0 c8=0 bossSeen=0 bossKills=0 curse=0 slam=0 lastDeath=(-1,-1) killerByLvl=
[bots] t137a__10    kit=1 lvl=15 hp=207/274 party=1 deaths=0 rxR=753 rxM=753 lastPid=1 casts c6=0 c7=0 c8=0 bossSeen=0 bossKills=0 curse=0 slam=0 lastDeath=(-1,-1) killerByLvl=
[bots] t137a__11    kit=1 lvl=15 hp=274/274 party=0 deaths=0 rxR=749 rxM=0 lastPid=0 casts c6=0 c7=0 c8=0 bossSeen=0 bossKills=0 curse=0 slam=0 lastDeath=(-1,-1) killerByLvl=
[bots] OK
