[boot] zone 2 (assets/maps/fields_overflow.bhmap: 64x48) online
[boot] zone 3 (assets/maps/thornwall_crypt.bhmap: 48x36) online
[boot] zone 4 (assets/maps/bonehowl_mine.bhmap: 56x40) online
[boot] zone 5 (assets/maps/drowned_crypt.bhmap: 48x36) online
[boot] zone 6 (assets/maps/weeping_castle.bhmap: 40x30) online
[rehearsal] siege window OPEN unconditionally (drill posture)
[auth] registration OPEN (prototype posture; --no-register to gate); limiter: 60 logins + 30 new accounts per 60s per IP, 10 consecutive bad-password fails -> 60s lockout
[journal] recording world to logs/t137_flip11.bwj (epoch 25)
[boot] bh_server on 0.0.0.0:7838 | map 'assets/maps/thornwall.bhmap' | db '/tmp/t137_flip11.db' | tick 20Hz | aoi 26
[net] t137a__00        entered the world (entity 207, online 1)
[net] t137a__01        entered the world (entity 208, online 2)
[net] t137a__02        entered the world (entity 209, online 3)
[net] t137a__03        entered the world (entity 210, online 4)
[net] t137a__04        entered the world (entity 211, online 5)
[net] t137a__05        entered the world (entity 212, online 6)
[net] t137a__06        entered the world (entity 213, online 7)
[net] t137a__07        entered the world (entity 214, online 8)
[net] t137a__08        entered the world (entity 215, online 9)
[net] t137a__09        entered the world (entity 216, online 10)
[net] t137a__10        entered the world (entity 217, online 11)
[net] t137a__11        entered the world (entity 218, online 12)
[zone] t137a__10 -> map 6 at (20,27)
[zone] t137a__10 -> map 6 at (20,27)
[siege] band enlisted (1 members, 1/8 bands)
[zone] t137a__11 -> map 6 at (20,27)
[zone] t137a__11 -> map 6 at (20,27)
[siege] band enlisted (2 members, 2/8 bands)
[soak] tick=600 online=12 entities=211 tickUs p50=997 p99=1902 worldHash=951dee973b1da68c pkts=123/362056
[zone] t137a__05 -> map 6 at (20,27)
[zone] t137a__09 -> map 6 at (20,27)
[zone] t137a__05 -> map 6 at (20,27)
[zone] t137a__09 -> map 6 at (20,27)
[zone] t137a__07 -> map 6 at (20,27)
[zone] t137a__07 -> map 6 at (20,27)
[zone] t137a__06 -> map 6 at (20,27)
[zone] t137a__06 -> map 6 at (20,27)
[zone] t137a__02 -> map 6 at (20,27)
[zone] t137a__03 -> map 6 at (20,27)
[zone] t137a__04 -> map 6 at (20,27)
[zone] t137a__02 -> map 6 at (20,27)
[zone] t137a__03 -> map 6 at (20,27)
[zone] t137a__04 -> map 6 at (20,27)
[zone] t137a__05 -> map 1 at (21,14)
[zone] t137a__09 -> map 1 at (21,14)
[zone] t137a__05 -> map 1 at (21,14)
[zone] t137a__09 -> map 1 at (21,14)
[siege] band enlisted (4 members, 3/8 bands)
[zone] t137a__00 -> map 6 at (20,27)
[zone] t137a__00 -> map 6 at (20,27)
[zone] t137a__06 -> map 1 at (21,14)
[zone] t137a__06 -> map 1 at (21,14)
[zone] t137a__04 -> map 1 at (21,14)
[zone] t137a__04 -> map 1 at (21,14)
[zone] t137a__09 -> map 6 at (20,27)
[zone] t137a__09 -> map 6 at (20,27)
[zone] t137a__00 -> map 1 at (21,14)
[zone] t137a__00 -> map 1 at (21,14)
[siege] band enlisted (4 members, 4/8 bands)
[zone] t137a__06 -> map 6 at (20,27)
[zone] t137a__06 -> map 6 at (20,27)
[zone] t137a__04 -> map 6 at (20,27)
[zone] t137a__04 -> map 6 at (20,27)
[zone] t137a__09 -> map 1 at (21,14)
[zone] t137a__09 -> map 1 at (21,14)
[zone] t137a__00 -> map 6 at (20,27)
[zone] t137a__00 -> map 6 at (20,27)
[zone] t137a__06 -> map 1 at (21,14)
[zone] t137a__06 -> map 1 at (21,14)
[zone] t137a__04 -> map 1 at (21,14)
[zone] t137a__04 -> map 1 at (21,14)
[zone] t137a__09 -> map 6 at (20,27)
[zone] t137a__09 -> map 6 at (20,27)
[zone] t137a__00 -> map 1 at (21,14)
[zone] t137a__00 -> map 1 at (21,14)
[zone] t137a__06 -> map 6 at (20,27)
[zone] t137a__06 -> map 6 at (20,27)
[zone] t137a__04 -> map 6 at (20,27)
[zone] t137a__04 -> map 6 at (20,27)
[zone] t137a__09 -> map 1 at (21,14)
[zone] t137a__09 -> map 1 at (21,14)
[zone] t137a__00 -> map 6 at (20,27)
[zone] t137a__00 -> map 6 at (20,27)
[siege] battle joined until tick 1980000 (10 bands)
[zone] t137a__02 -> map 1 at (21,14)
[zone] t137a__02 -> map 1 at (21,14)
[zone] t137a__09 -> map 6 at (20,27)
[zone] t137a__09 -> map 6 at (20,27)
[siege] Outer Gate breached by t137a__00
[soak] tick=1200 online=12 entities=202 tickUs p50=782 p99=1562 worldHash=0deec41dd1bc0c24 pkts=332/569795
[zone] t137a__01 -> map 6 at (20,27)
[zone] t137a__01 -> map 6 at (20,27)
[zone] t137a__08 -> map 6 at (20,27)
[zone] t137a__08 -> map 6 at (20,27)
[siege] band enlisted (1 members, 5/8 bands)
[siege] band enlisted (1 members, 6/8 bands)
[siege] Inner Gate breached by t137a__00
[soak] tick=1800 online=12 entities=201 tickUs p50=613 p99=1110 worldHash=da998c4eca072055 pkts=551/687627
[soak] tick=2400 online=12 entities=199 tickUs p50=634 p99=1165 worldHash=e107c456569da4e2 pkts=747/803054
[siege] heartstone attuned at tick 2762
[soak] tick=3000 online=12 entities=190 tickUs p50=593 p99=1056 worldHash=616ae55db4599bf1 pkts=811/907822
[zone] t137a__02 -> map 6 at (20,27)
[zone] t137a__02 -> map 6 at (20,27)
[zone] t137a__02 -> map 1 at (21,14)
[zone] t137a__02 -> map 1 at (21,14)
[zone] t137a__02 -> map 6 at (20,27)
[zone] t137a__02 -> map 6 at (20,27)
[soak] tick=3600 online=12 entities=191 tickUs p50=577 p99=1003 worldHash=6dd5c9a226a860ae pkts=882/1006267
[soak] tick=4200 online=12 entities=190 tickUs p50=558 p99=967 worldHash=99c0c8c6c7752574 pkts=950/1103653
[soak] tick=4800 online=12 entities=195 tickUs p50=573 p99=1010 worldHash=19f4bc76117b42d2 pkts=1028/1202430
[soak] tick=5400 online=12 entities=195 tickUs p50=571 p99=1015 worldHash=ae08ed200376f6c3 pkts=1103/1301049
[soak] tick=6000 online=12 entities=199 tickUs p50=546 p99=1053 worldHash=6873f945d7fdf09a pkts=1165/1399242
[soak] tick=6600 online=12 entities=201 tickUs p50=608 p99=1047 worldHash=f9fb1b1d4c8dac76 pkts=1255/1501087
[soak] tick=7200 online=12 entities=203 tickUs p50=590 p99=1053 worldHash=de5675cc109e4b50 pkts=1345/1604904
[soak] tick=7800 online=12 entities=203 tickUs p50=611 p99=1134 worldHash=a5c4b581213234b7 pkts=1437/1709911
[soak] tick=8400 online=12 entities=205 tickUs p50=606 p99=1088 worldHash=8cb1f349958b8db5 pkts=1502/1814666
[soak] tick=9000 online=12 entities=205 tickUs p50=623 p99=1084 worldHash=184e268bbdbe69cc pkts=1581/1921798
[soak] tick=9600 online=12 entities=204 tickUs p50=630 p99=1089 worldHash=5e9836ff805572a2 pkts=1655/2029091
[soak] tick=10200 online=12 entities=204 tickUs p50=608 p99=1056 worldHash=ac66566faf71d1ba pkts=1722/2134453
[soak] tick=10800 online=12 entities=204 tickUs p50=616 p99=1078 worldHash=d10bbd8780754b2f pkts=1813/2239508
[soak] tick=11400 online=12 entities=204 tickUs p50=606 p99=1059 worldHash=f75d23b12ea26833 pkts=1875/2342972
[soak] tick=12000 online=12 entities=203 tickUs p50=602 p99=1042 worldHash=f284e39c3bfa4e7c pkts=1960/2447214
[soak] tick=12600 online=12 entities=202 tickUs p50=602 p99=1059 worldHash=581129c1faf72d04 pkts=2028/2551115
[soak] tick=13200 online=12 entities=202 tickUs p50=570 p99=1027 worldHash=ecd9dbeac3f98cc2 pkts=2125/2655184
[soak] tick=13800 online=12 entities=202 tickUs p50=599 p99=1134 worldHash=6aac50a6e31ecc00 pkts=2199/2758490
[soak] tick=14400 online=12 entities=203 tickUs p50=594 p99=1077 worldHash=31160175f42c9c53 pkts=2272/2860724
[soak] tick=15000 online=12 entities=202 tickUs p50=605 p99=1046 worldHash=fa6839e787f11e12 pkts=2345/2963990
