[siege-trace] t139__04  t=53295 (33,16) map=1 stage=0 hp=100%
[siege-trace] t139__01  t=53295 (33,16) map=1 stage=0 hp=100%
[siege-trace] t139__00  t=53295 (33,16) map=1 stage=0 hp=100%
[siege-trace] t139__03  t=53297 (32,15) map=1 stage=0 hp=100%
[siege-trace] t139__02  t=53298 (32,15) map=1 stage=0 hp=100%
[siege-trace] t139__04  t=53325 (32,25) map=6 stage=2 hp=67%
[siege-trace] t139__00  t=53326 (32,25) map=6 stage=2 hp=35%
[siege-trace] t139__03  t=53327 (13,23) map=6 stage=2 hp=100%
[siege-trace] t139__01  t=53328 (26,14) map=6 stage=2 hp=94%
[siege-trace] t139__02  t=53331 (10,4) map=6 stage=2 hp=83%
[siege-trace] t139__04  t=53355 (23,11) map=6 stage=3 hp=53%
[siege-trace] t139__03  t=53357 (23,11) map=6 stage=3 hp=100%
[siege-trace] t139__01  t=53358 (23,11) map=6 stage=3 hp=87%
[siege-trace] t139__00  t=53359 (30,26) map=6 stage=1 hp=100%
[siege-trace] t139__02  t=53361 (23,10) map=6 stage=3 hp=92%
[siege-trace] t139__04  t=53385 (26,10) map=6 stage=4 hp=60%
[siege-trace] t139__03  t=53387 (26,10) map=6 stage=4 hp=100%
[siege-trace] t139__01  t=53388 (26,10) map=6 stage=4 hp=97%
[siege-trace] t139__00  t=53389 (23,10) map=6 stage=3 hp=100%
[siege-trace] t139__02  t=53391 (26,10) map=6 stage=4 hp=100%
[siege-trace] t139__04  t=53415 (23,10) map=1 stage=3 hp=100%
[siege-trace] t139__03  t=53417 (28,10) map=6 stage=5 hp=100%
[siege-trace] t139__01  t=53418 (28,10) map=6 stage=5 hp=100%
[siege-trace] t139__00  t=53419 (26,10) map=6 stage=4 hp=9%
[siege-trace] t139__02  t=53421 (23,10) map=1 stage=3 hp=100%
[siege-trace] t139__04  t=53445 (26,10) map=1 stage=4 hp=20%
[siege-trace] t139__03  t=53447 (28,10) map=6 stage=5 hp=100%
[siege-trace] t139__01  t=53448 (28,10) map=6 stage=5 hp=37%
[siege-trace] t139__00  t=53449 (23,10) map=1 stage=3 hp=100%
[siege-trace] t139__02  t=53451 (26,10) map=1 stage=4 hp=96%
[siege-trace] t139__04  t=53475 (39,12) map=1 stage=5 hp=14%
[siege-trace] t139__03  t=53477 (28,10) map=6 stage=5 hp=83%
[siege-trace] t139__01  t=53478 (28,10) map=6 stage=5 hp=46%
[siege-trace] t139__00  t=53479 (26,10) map=1 stage=4 hp=100%
[siege-trace] t139__02  t=53481 (39,12) map=1 stage=5 hp=94%
[siege-trace] t139__04  t=53505 (23,10) map=1 stage=3 hp=100%
[siege-trace] t139__03  t=53507 (28,10) map=6 stage=5 hp=73%
[siege-trace] t139__01  t=53508 (28,10) map=6 stage=5 hp=56%
[siege-trace] t139__00  t=53509 (42,14) map=1 stage=5 hp=3%
[siege-trace] t139__02  t=53511 (23,10) map=6 stage=3 hp=51%
[siege-trace] t139__04  t=53535 (26,10) map=1 stage=4 hp=13%
[siege-trace] t139__03  t=53537 (28,10) map=6 stage=5 hp=78%
[siege-trace] t139__01  t=53538 (28,10) map=6 stage=5 hp=66%
[siege-trace] t139__00  t=53539 (23,10) map=6 stage=3 hp=76%
[siege-trace] t139__02  t=53541 (26,10) map=6 stage=4 hp=55%
[siege-trace] t139__04  t=53565 (26,10) map=6 stage=4 hp=100%
[siege-trace] t139__03  t=53567 (28,10) map=6 stage=5 hp=88%
[siege-trace] t139__01  t=53568 (28,10) map=6 stage=5 hp=75%
[siege-trace] t139__00  t=53569 (26,10) map=6 stage=4 hp=43%
[siege-trace] t139__02  t=53571 (14,16) map=6 stage=5 hp=6%
[bots] CRYPT bossSeen=0 bossKills=0 curse=0 slam=0
[bots] SIEGE reg=16 breach=353 crown=40
[bots] SUMMARY welcomed=5/5 moved=5/5 minDeltas=6000 kills=86 pots=0 swings=36 deaths=22 shops=1 anvilTries=0 levelDrops=3 regear=0 maxLevel=12 pkts=524562 bytes=12593891 gates b/g/p/a/r=0/0/0/0/0 mGold=0 mPelts=0 bless=0 mend=0 noSee=0 hurt=0 choir c6=0 c7=0 c8=0
[bots] t139__00     kit=1 lvl=11 hp=79/154 party=5 deaths=8 rxR=316 rxM=1496 lastPid=1 casts c6=0 c7=0 c8=0 bossSeen=0 bossKills=0 curse=0 slam=0 lastDeath=(46,17) killerByLvl=L3:4 L2:2 L5:2
[bots] t139__01     kit=1 lvl=11 hp=130/154 party=5 deaths=0 rxR=301 rxM=1450 lastPid=1 casts c6=0 c7=0 c8=0 bossSeen=0 bossKills=0 curse=0 slam=0 lastDeath=(-1,-1) killerByLvl=
[bots] t139__02     kit=1 lvl=11 hp=109/154 party=5 deaths=6 rxR=303 rxM=1480 lastPid=1 casts c6=0 c7=0 c8=0 bossSeen=0 bossKills=0 curse=0 slam=0 lastDeath=(14,16) killerByLvl=L3:6
[bots] t139__03     kit=1 lvl=12 hp=154/160 party=5 deaths=0 rxR=304 rxM=1483 lastPid=1 casts c6=0 c7=0 c8=0 bossSeen=0 bossKills=0 curse=0 slam=0 lastDeath=(-1,-1) killerByLvl=
[bots] t139__04     kit=1 lvl=11 hp=89/154 party=5 deaths=8 rxR=302 rxM=1457 lastPid=1 casts c6=0 c7=0 c8=0 bossSeen=0 bossKills=0 curse=0 slam=0 lastDeath=(26,10) killerByLvl=L2:2 L3:2 L5:4
[bots] OK
