[boot] zone 2 (assets/maps/fields_overflow.bhmap: 64x48) online
[boot] zone 3 (assets/maps/thornwall_crypt.bhmap: 48x36) online
[boot] zone 4 (assets/maps/bonehowl_mine.bhmap: 56x40) online
[boot] zone 5 (assets/maps/drowned_crypt.bhmap: 48x36) online
[journal] recording world to logs/t49_run1.bwj (epoch 5)
[boot] bh_server on 0.0.0.0:7749 | map 'assets/maps/thornwall.bhmap' | db '/tmp/t49_run1.db' | tick 20Hz | aoi 26
[net] t49r1__00        entered the world (entity 582, online 1)
[net] t49r1__01        entered the world (entity 583, online 2)
[net] t49r1__02        entered the world (entity 584, online 3)
[net] t49r1__03        entered the world (entity 585, online 4)
[net] t49r1__04        entered the world (entity 586, online 5)
[net] t49r1__05        entered the world (entity 587, online 6)
[soak] tick=600 online=6 entities=576 tickUs p50=1484 p99=2843 worldHash=5ffaf9a3ff20f722 pkts=266/1216984
[soak] tick=1200 online=6 entities=573 tickUs p50=1472 p99=2488 worldHash=62c969d58693e9db pkts=509/2481612
[soak] tick=1800 online=6 entities=569 tickUs p50=1416 p99=2508 worldHash=2589c7457911546b pkts=732/3687624
[soak] tick=2400 online=6 entities=570 tickUs p50=1428 p99=2343 worldHash=f657ef5ff774d649 pkts=924/4906144
[soak] tick=3000 online=6 entities=572 tickUs p50=1448 p99=2709 worldHash=d1034fb4c6e85474 pkts=1110/6170659
[soak] tick=3600 online=6 entities=576 tickUs p50=1510 p99=3281 worldHash=2b2e27a23c7eae69 pkts=1279/7497419
[soak] tick=4200 online=6 entities=579 tickUs p50=1516 p99=2836 worldHash=24515bd11ca7f384 pkts=1464/8821271
[soak] tick=4800 online=6 entities=580 tickUs p50=1537 p99=2840 worldHash=009e7135fa24df30 pkts=1651/10111877
[soak] tick=5400 online=6 entities=574 tickUs p50=1509 p99=2722 worldHash=ab8c713011941649 pkts=1848/11446576
[soak] tick=6000 online=6 entities=571 tickUs p50=1454 p99=2731 worldHash=4bee00da80576553 pkts=2087/12706466
